2026-07-30 06:21:18 | Log: C:\Users\Admin\Desktop\hai\ConViTX\code ViT_8 block CNN\HybridModel_PlantVillage_Full_NoPretrain\results\training.log
2026-07-30 06:21:18 | ======================================================================
2026-07-30 06:21:18 | *** MODE: CViTLw (CNN pretrained + ViT scratch) on PlantVillage Full ***
2026-07-30 06:21:18 | CViTLw (none-none-secbam) | PlantVillage Full | 5-Fold CV
2026-07-30 06:21:18 | CNN branch: MobileNetV2 pretrained ImageNet1k | ViT branch: scratch (random init)
2026-07-30 06:21:18 | ======================================================================
2026-07-30 06:21:18 | Folds: [1, 2, 3, 4, 5] | LR=0.0001 | epochs=50 | patience=15
2026-07-30 06:21:18 | Device: cuda
2026-07-30 06:21:18 | GPU: NVIDIA GeForce RTX 5070 Ti (15 GB)
2026-07-30 06:21:19 | PlantVillage: 38 classes, 54305 images
2026-07-30 06:21:19 |   Apple___Apple_scab: 630
2026-07-30 06:21:19 |   Apple___Black_rot: 621
2026-07-30 06:21:19 |   Apple___Cedar_apple_rust: 275
2026-07-30 06:21:19 |   Apple___healthy: 1645
2026-07-30 06:21:19 |   Blueberry___healthy: 1502
2026-07-30 06:21:19 |   Cherry_(including_sour)___Powdery_mildew: 1052
2026-07-30 06:21:19 |   Cherry_(including_sour)___healthy: 854
2026-07-30 06:21:19 |   Corn_(maize)___Cercospora_leaf_spot Gray_leaf_spot: 513
2026-07-30 06:21:19 |   Corn_(maize)___Common_rust_: 1192
2026-07-30 06:21:19 |   Corn_(maize)___Northern_Leaf_Blight: 985
2026-07-30 06:21:19 |   Corn_(maize)___healthy: 1162
2026-07-30 06:21:19 |   Grape___Black_rot: 1180
2026-07-30 06:21:19 |   Grape___Esca_(Black_Measles): 1383
2026-07-30 06:21:19 |   Grape___Leaf_blight_(Isariopsis_Leaf_Spot): 1076
2026-07-30 06:21:19 |   Grape___healthy: 423
2026-07-30 06:21:19 |   Orange___Haunglongbing_(Citrus_greening): 5507
2026-07-30 06:21:19 |   Peach___Bacterial_spot: 2297
2026-07-30 06:21:19 |   Peach___healthy: 360
2026-07-30 06:21:19 |   Pepper,_bell___Bacterial_spot: 997
2026-07-30 06:21:19 |   Pepper,_bell___healthy: 1478
2026-07-30 06:21:19 |   Potato___Early_blight: 1000
2026-07-30 06:21:19 |   Potato___Late_blight: 1000
2026-07-30 06:21:19 |   Potato___healthy: 152
2026-07-30 06:21:19 |   Raspberry___healthy: 371
2026-07-30 06:21:19 |   Soybean___healthy: 5090
2026-07-30 06:21:19 |   Squash___Powdery_mildew: 1835
2026-07-30 06:21:19 |   Strawberry___Leaf_scorch: 1109
2026-07-30 06:21:19 |   Strawberry___healthy: 456
2026-07-30 06:21:19 |   Tomato___Bacterial_spot: 2127
2026-07-30 06:21:19 |   Tomato___Early_blight: 1000
2026-07-30 06:21:19 |   Tomato___Late_blight: 1909
2026-07-30 06:21:19 |   Tomato___Leaf_Mold: 952
2026-07-30 06:21:19 |   Tomato___Septoria_leaf_spot: 1771
2026-07-30 06:21:19 |   Tomato___Spider_mites Two-spotted_spider_mite: 1676
2026-07-30 06:21:19 |   Tomato___Target_Spot: 1404
2026-07-30 06:21:19 |   Tomato___Tomato_Yellow_Leaf_Curl_Virus: 5357
2026-07-30 06:21:19 |   Tomato___Tomato_mosaic_virus: 373
2026-07-30 06:21:19 |   Tomato___healthy: 1591
2026-07-30 06:21:19 | 
CViTLw params: 0.334 M
2026-07-30 06:21:19 | 
======================================================================
2026-07-30 06:21:19 | FOLD 1/5
2026-07-30 06:21:19 | ======================================================================
2026-07-30 06:21:19 | Batch=64 | Train=43444 | Val=10861
2026-07-30 06:24:42 | Ep 01/50 | Loss 2.1482 Acc 49.44% | Val Loss 0.9097 Acc 76.58% | 202.2s
2026-07-30 06:24:42 |   --> best saved
2026-07-30 06:27:06 | Ep 02/50 | Loss 0.6661 Acc 84.58% | Val Loss 0.3647 Acc 91.89% | 144.1s
2026-07-30 06:27:06 |   --> best saved
2026-07-30 06:29:31 | Ep 03/50 | Loss 0.3306 Acc 93.08% | Val Loss 0.1912 Acc 95.63% | 145.5s
2026-07-30 06:29:31 |   --> best saved
2026-07-30 06:31:50 | Ep 04/50 | Loss 0.2030 Acc 95.82% | Val Loss 0.1305 Acc 96.87% | 138.8s
2026-07-30 06:31:50 |   --> best saved
2026-07-30 06:34:08 | Ep 05/50 | Loss 0.1423 Acc 96.96% | Val Loss 0.0942 Acc 97.85% | 137.5s
2026-07-30 06:34:08 |   --> best saved
2026-07-30 06:36:25 | Ep 06/50 | Loss 0.1083 Acc 97.74% | Val Loss 0.0680 Acc 98.25% | 137.6s
2026-07-30 06:36:25 |   --> best saved
2026-07-30 06:38:43 | Ep 07/50 | Loss 0.0847 Acc 98.24% | Val Loss 0.0564 Acc 98.66% | 137.4s
2026-07-30 06:38:43 |   --> best saved
2026-07-30 06:41:07 | Ep 08/50 | Loss 0.0690 Acc 98.41% | Val Loss 0.0480 Acc 98.87% | 144.4s
2026-07-30 06:41:07 |   --> best saved
2026-07-30 06:43:32 | Ep 09/50 | Loss 0.0616 Acc 98.55% | Val Loss 0.0414 Acc 98.90% | 144.9s
2026-07-30 06:43:32 |   --> best saved
2026-07-30 06:46:00 | Ep 10/50 | Loss 0.0511 Acc 98.78% | Val Loss 0.0379 Acc 99.01% | 147.9s
2026-07-30 06:46:00 |   --> best saved
2026-07-30 06:48:25 | Ep 11/50 | Loss 0.0458 Acc 98.92% | Val Loss 0.0321 Acc 99.07% | 145.0s
2026-07-30 06:48:25 |   --> best saved
2026-07-30 06:50:50 | Ep 12/50 | Loss 0.0383 Acc 99.07% | Val Loss 0.0306 Acc 99.14% | 145.2s
2026-07-30 06:50:50 |   --> best saved
2026-07-30 06:53:15 | Ep 13/50 | Loss 0.0368 Acc 99.10% | Val Loss 0.0256 Acc 99.30% | 144.8s
2026-07-30 06:53:15 |   --> best saved
2026-07-30 06:55:40 | Ep 14/50 | Loss 0.0331 Acc 99.19% | Val Loss 0.0229 Acc 99.43% | 145.0s
2026-07-30 06:55:40 |   --> best saved
2026-07-30 06:57:58 | Ep 15/50 | Loss 0.0307 Acc 99.20% | Val Loss 0.0219 Acc 99.40% | 137.2s
2026-07-30 06:57:58 |   --> best saved
2026-07-30 07:00:16 | Ep 16/50 | Loss 0.0271 Acc 99.28% | Val Loss 0.0327 Acc 99.01% | 138.1s
2026-07-30 07:02:39 | Ep 17/50 | Loss 0.0255 Acc 99.37% | Val Loss 0.0210 Acc 99.44% | 143.2s
2026-07-30 07:02:39 |   --> best saved
2026-07-30 07:05:02 | Ep 18/50 | Loss 0.0230 Acc 99.38% | Val Loss 0.0240 Acc 99.25% | 142.9s
2026-07-30 07:07:25 | Ep 19/50 | Loss 0.0228 Acc 99.39% | Val Loss 0.0197 Acc 99.46% | 142.8s
2026-07-30 07:07:25 |   --> best saved
2026-07-30 07:09:46 | Ep 20/50 | Loss 0.0230 Acc 99.40% | Val Loss 0.0170 Acc 99.57% | 140.6s
2026-07-30 07:09:46 |   --> best saved
2026-07-30 07:11:59 | Ep 21/50 | Loss 0.0189 Acc 99.54% | Val Loss 0.0170 Acc 99.49% | 133.8s
2026-07-30 07:11:59 |   --> best saved
2026-07-30 07:14:13 | Ep 22/50 | Loss 0.0184 Acc 99.50% | Val Loss 0.0183 Acc 99.43% | 133.9s
2026-07-30 07:16:27 | Ep 23/50 | Loss 0.0165 Acc 99.58% | Val Loss 0.0202 Acc 99.37% | 133.6s
2026-07-30 07:18:40 | Ep 24/50 | Loss 0.0169 Acc 99.54% | Val Loss 0.0158 Acc 99.52% | 133.2s
2026-07-30 07:18:40 |   --> best saved
2026-07-30 07:20:53 | Ep 25/50 | Loss 0.0165 Acc 99.55% | Val Loss 0.0146 Acc 99.59% | 133.1s
2026-07-30 07:20:53 |   --> best saved
2026-07-30 07:23:07 | Ep 26/50 | Loss 0.0145 Acc 99.62% | Val Loss 0.0164 Acc 99.58% | 133.6s
2026-07-30 07:25:21 | Ep 27/50 | Loss 0.0151 Acc 99.62% | Val Loss 0.0303 Acc 99.13% | 133.7s
2026-07-30 07:27:34 | Ep 28/50 | Loss 0.0134 Acc 99.62% | Val Loss 0.0141 Acc 99.59% | 133.1s
2026-07-30 07:27:34 |   --> best saved
2026-07-30 07:29:47 | Ep 29/50 | Loss 0.0144 Acc 99.58% | Val Loss 0.0141 Acc 99.58% | 133.2s
2026-07-30 07:32:01 | Ep 30/50 | Loss 0.0122 Acc 99.67% | Val Loss 0.0146 Acc 99.54% | 133.4s
2026-07-30 07:34:14 | Ep 31/50 | Loss 0.0121 Acc 99.68% | Val Loss 0.0165 Acc 99.58% | 133.4s
2026-07-30 07:36:28 | Ep 32/50 | Loss 0.0118 Acc 99.66% | Val Loss 0.0154 Acc 99.59% | 133.7s
2026-07-30 07:38:41 | Ep 33/50 | Loss 0.0117 Acc 99.68% | Val Loss 0.0144 Acc 99.61% | 133.1s
2026-07-30 07:40:54 | Ep 34/50 | Loss 0.0121 Acc 99.65% | Val Loss 0.0139 Acc 99.61% | 133.2s
2026-07-30 07:40:54 |   --> best saved
2026-07-30 07:43:08 | Ep 35/50 | Loss 0.0118 Acc 99.66% | Val Loss 0.0126 Acc 99.64% | 133.4s
2026-07-30 07:43:08 |   --> best saved
2026-07-30 07:45:21 | Ep 36/50 | Loss 0.0104 Acc 99.68% | Val Loss 0.0149 Acc 99.59% | 133.5s
2026-07-30 07:47:35 | Ep 37/50 | Loss 0.0094 Acc 99.73% | Val Loss 0.0114 Acc 99.67% | 133.7s
2026-07-30 07:47:35 |   --> best saved
2026-07-30 07:49:48 | Ep 38/50 | Loss 0.0100 Acc 99.74% | Val Loss 0.0113 Acc 99.62% | 133.2s
2026-07-30 07:49:48 |   --> best saved
2026-07-30 07:52:01 | Ep 39/50 | Loss 0.0110 Acc 99.68% | Val Loss 0.0145 Acc 99.64% | 133.2s
2026-07-30 07:54:15 | Ep 40/50 | Loss 0.0105 Acc 99.71% | Val Loss 0.0120 Acc 99.63% | 133.3s
2026-07-30 07:56:28 | Ep 41/50 | Loss 0.0092 Acc 99.76% | Val Loss 0.0128 Acc 99.63% | 133.3s
2026-07-30 07:58:42 | Ep 42/50 | Loss 0.0081 Acc 99.76% | Val Loss 0.0126 Acc 99.66% | 133.6s
2026-07-30 08:00:55 | Ep 43/50 | Loss 0.0074 Acc 99.81% | Val Loss 0.0119 Acc 99.69% | 133.1s
2026-07-30 08:03:08 | Ep 44/50 | Loss 0.0090 Acc 99.75% | Val Loss 0.0156 Acc 99.59% | 133.2s
2026-07-30 08:05:21 | Ep 45/50 | Loss 0.0073 Acc 99.82% | Val Loss 0.0128 Acc 99.64% | 133.1s
2026-07-30 08:07:35 | Ep 46/50 | Loss 0.0084 Acc 99.76% | Val Loss 0.0123 Acc 99.64% | 133.1s
2026-07-30 08:09:48 | Ep 47/50 | Loss 0.0078 Acc 99.77% | Val Loss 0.0176 Acc 99.47% | 133.9s
2026-07-30 08:12:02 | Ep 48/50 | Loss 0.0073 Acc 99.82% | Val Loss 0.0105 Acc 99.70% | 133.2s
2026-07-30 08:12:02 |   --> best saved
2026-07-30 08:14:18 | Ep 49/50 | Loss 0.0076 Acc 99.79% | Val Loss 0.0156 Acc 99.57% | 135.7s
2026-07-30 08:16:34 | Ep 50/50 | Loss 0.0074 Acc 99.81% | Val Loss 0.0093 Acc 99.72% | 136.0s
2026-07-30 08:16:34 |   --> best saved
2026-07-30 08:16:34 | Finished fold 1 in 115.24 min
2026-07-30 08:16:45 |   Acc=99.72%  F1=99.57%  Kappa=0.9971  AUC=1.0000
2026-07-30 08:16:47 | 
======================================================================
2026-07-30 08:16:47 | FOLD 2/5
2026-07-30 08:16:47 | ======================================================================
2026-07-30 08:16:47 | Batch=64 | Train=43444 | Val=10861
2026-07-30 08:19:34 | Ep 01/50 | Loss 2.1569 Acc 49.41% | Val Loss 0.8931 Acc 77.60% | 167.2s
2026-07-30 08:19:34 |   --> best saved
2026-07-30 08:21:50 | Ep 02/50 | Loss 0.6373 Acc 85.74% | Val Loss 0.3050 Acc 93.29% | 135.6s
2026-07-30 08:21:50 |   --> best saved
2026-07-30 08:24:05 | Ep 03/50 | Loss 0.3043 Acc 94.01% | Val Loss 0.1705 Acc 96.01% | 135.3s
2026-07-30 08:24:05 |   --> best saved
2026-07-30 08:26:21 | Ep 04/50 | Loss 0.1918 Acc 96.03% | Val Loss 0.1167 Acc 97.12% | 135.1s
2026-07-30 08:26:21 |   --> best saved
2026-07-30 08:28:36 | Ep 05/50 | Loss 0.1387 Acc 97.04% | Val Loss 0.0843 Acc 98.00% | 135.2s
2026-07-30 08:28:36 |   --> best saved
2026-07-30 08:30:51 | Ep 06/50 | Loss 0.1063 Acc 97.69% | Val Loss 0.0773 Acc 97.98% | 135.4s
2026-07-30 08:30:51 |   --> best saved
2026-07-30 08:33:07 | Ep 07/50 | Loss 0.0858 Acc 98.13% | Val Loss 0.0548 Acc 98.55% | 135.7s
2026-07-30 08:33:07 |   --> best saved
2026-07-30 08:35:23 | Ep 08/50 | Loss 0.0717 Acc 98.37% | Val Loss 0.0497 Acc 98.74% | 136.1s
2026-07-30 08:35:23 |   --> best saved
2026-07-30 08:37:41 | Ep 09/50 | Loss 0.0600 Acc 98.58% | Val Loss 0.0399 Acc 98.92% | 138.3s
2026-07-30 08:37:41 |   --> best saved
2026-07-30 08:39:59 | Ep 10/50 | Loss 0.0529 Acc 98.73% | Val Loss 0.0389 Acc 98.96% | 137.9s
2026-07-30 08:39:59 |   --> best saved
2026-07-30 08:42:12 | Ep 11/50 | Loss 0.0476 Acc 98.79% | Val Loss 0.0334 Acc 99.04% | 132.5s
2026-07-30 08:42:12 |   --> best saved
2026-07-30 08:44:23 | Ep 12/50 | Loss 0.0423 Acc 98.87% | Val Loss 0.0290 Acc 99.19% | 131.2s
2026-07-30 08:44:23 |   --> best saved
2026-07-30 08:46:36 | Ep 13/50 | Loss 0.0378 Acc 99.04% | Val Loss 0.0273 Acc 99.21% | 132.3s
2026-07-30 08:46:36 |   --> best saved
2026-07-30 08:48:47 | Ep 14/50 | Loss 0.0336 Acc 99.15% | Val Loss 0.0268 Acc 99.24% | 131.3s
2026-07-30 08:48:47 |   --> best saved
2026-07-30 08:50:58 | Ep 15/50 | Loss 0.0316 Acc 99.17% | Val Loss 0.0246 Acc 99.29% | 131.5s
2026-07-30 08:50:58 |   --> best saved
2026-07-30 08:53:12 | Ep 16/50 | Loss 0.0279 Acc 99.29% | Val Loss 0.0236 Acc 99.40% | 133.8s
2026-07-30 08:53:12 |   --> best saved
2026-07-30 08:55:26 | Ep 17/50 | Loss 0.0270 Acc 99.30% | Val Loss 0.0272 Acc 99.15% | 133.2s
2026-07-30 08:57:39 | Ep 18/50 | Loss 0.0239 Acc 99.42% | Val Loss 0.0189 Acc 99.47% | 133.2s
2026-07-30 08:57:39 |   --> best saved
2026-07-30 08:59:53 | Ep 19/50 | Loss 0.0237 Acc 99.34% | Val Loss 0.0189 Acc 99.50% | 133.7s
2026-07-30 08:59:53 |   --> best saved
2026-07-30 09:02:08 | Ep 20/50 | Loss 0.0230 Acc 99.41% | Val Loss 0.0186 Acc 99.46% | 135.4s
2026-07-30 09:02:08 |   --> best saved
2026-07-30 09:04:24 | Ep 21/50 | Loss 0.0206 Acc 99.49% | Val Loss 0.0184 Acc 99.48% | 135.4s
2026-07-30 09:04:24 |   --> best saved
2026-07-30 09:06:37 | Ep 22/50 | Loss 0.0207 Acc 99.40% | Val Loss 0.0204 Acc 99.34% | 133.3s
2026-07-30 09:08:50 | Ep 23/50 | Loss 0.0180 Acc 99.51% | Val Loss 0.0200 Acc 99.36% | 133.2s
2026-07-30 09:11:04 | Ep 24/50 | Loss 0.0175 Acc 99.54% | Val Loss 0.0178 Acc 99.43% | 133.3s
2026-07-30 09:11:04 |   --> best saved
2026-07-30 09:13:17 | Ep 25/50 | Loss 0.0169 Acc 99.53% | Val Loss 0.0166 Acc 99.57% | 133.0s
2026-07-30 09:13:17 |   --> best saved
2026-07-30 09:15:30 | Ep 26/50 | Loss 0.0162 Acc 99.56% | Val Loss 0.0160 Acc 99.50% | 133.7s
2026-07-30 09:15:30 |   --> best saved
2026-07-30 09:17:44 | Ep 27/50 | Loss 0.0146 Acc 99.61% | Val Loss 0.0157 Acc 99.61% | 133.3s
2026-07-30 09:17:44 |   --> best saved
2026-07-30 09:19:57 | Ep 28/50 | Loss 0.0137 Acc 99.64% | Val Loss 0.0183 Acc 99.37% | 133.0s
2026-07-30 09:22:10 | Ep 29/50 | Loss 0.0133 Acc 99.64% | Val Loss 0.0188 Acc 99.38% | 133.4s
2026-07-30 09:24:24 | Ep 30/50 | Loss 0.0146 Acc 99.56% | Val Loss 0.0210 Acc 99.35% | 133.3s
2026-07-30 09:26:37 | Ep 31/50 | Loss 0.0134 Acc 99.63% | Val Loss 0.0173 Acc 99.48% | 133.8s
2026-07-30 09:28:52 | Ep 32/50 | Loss 0.0125 Acc 99.67% | Val Loss 0.0137 Acc 99.63% | 134.0s
2026-07-30 09:28:52 |   --> best saved
2026-07-30 09:31:05 | Ep 33/50 | Loss 0.0120 Acc 99.65% | Val Loss 0.0146 Acc 99.61% | 133.3s
2026-07-30 09:33:18 | Ep 34/50 | Loss 0.0113 Acc 99.70% | Val Loss 0.0145 Acc 99.61% | 133.3s
2026-07-30 09:35:32 | Ep 35/50 | Loss 0.0108 Acc 99.70% | Val Loss 0.0136 Acc 99.59% | 133.3s
2026-07-30 09:35:32 |   --> best saved
2026-07-30 09:37:45 | Ep 36/50 | Loss 0.0104 Acc 99.71% | Val Loss 0.0141 Acc 99.64% | 133.1s
2026-07-30 09:39:59 | Ep 37/50 | Loss 0.0108 Acc 99.70% | Val Loss 0.0158 Acc 99.48% | 133.7s
2026-07-30 09:42:12 | Ep 38/50 | Loss 0.0101 Acc 99.73% | Val Loss 0.0118 Acc 99.64% | 133.1s
2026-07-30 09:42:12 |   --> best saved
2026-07-30 09:44:25 | Ep 39/50 | Loss 0.0095 Acc 99.74% | Val Loss 0.0143 Acc 99.63% | 133.0s
2026-07-30 09:46:38 | Ep 40/50 | Loss 0.0088 Acc 99.77% | Val Loss 0.0145 Acc 99.60% | 133.2s
2026-07-30 09:48:51 | Ep 41/50 | Loss 0.0106 Acc 99.69% | Val Loss 0.0139 Acc 99.58% | 132.9s
2026-07-30 09:51:05 | Ep 42/50 | Loss 0.0083 Acc 99.78% | Val Loss 0.0133 Acc 99.61% | 133.8s
2026-07-30 09:53:18 | Ep 43/50 | Loss 0.0097 Acc 99.72% | Val Loss 0.0143 Acc 99.60% | 133.2s
2026-07-30 09:55:31 | Ep 44/50 | Loss 0.0096 Acc 99.75% | Val Loss 0.0126 Acc 99.64% | 133.1s
2026-07-30 09:57:45 | Ep 45/50 | Loss 0.0085 Acc 99.78% | Val Loss 0.0124 Acc 99.70% | 133.4s
2026-07-30 09:59:58 | Ep 46/50 | Loss 0.0088 Acc 99.72% | Val Loss 0.0117 Acc 99.72% | 133.2s
2026-07-30 09:59:58 |   --> best saved
2026-07-30 10:02:12 | Ep 47/50 | Loss 0.0079 Acc 99.75% | Val Loss 0.0133 Acc 99.60% | 134.1s
2026-07-30 10:04:23 | Ep 48/50 | Loss 0.0070 Acc 99.82% | Val Loss 0.0143 Acc 99.63% | 131.1s
2026-07-30 10:06:35 | Ep 49/50 | Loss 0.0089 Acc 99.76% | Val Loss 0.0099 Acc 99.71% | 131.7s
2026-07-30 10:06:35 |   --> best saved
2026-07-30 10:08:49 | Ep 50/50 | Loss 0.0075 Acc 99.81% | Val Loss 0.0111 Acc 99.71% | 133.4s
2026-07-30 10:08:49 | Finished fold 2 in 112.03 min
2026-07-30 10:09:00 |   Acc=99.71%  F1=99.55%  Kappa=0.9969  AUC=1.0000
2026-07-30 10:09:02 | 
======================================================================
2026-07-30 10:09:02 | FOLD 3/5
2026-07-30 10:09:02 | ======================================================================
2026-07-30 10:09:02 | Batch=64 | Train=43444 | Val=10861
2026-07-30 10:11:56 | Ep 01/50 | Loss 2.1095 Acc 50.58% | Val Loss 0.8987 Acc 77.58% | 174.1s
2026-07-30 10:11:56 |   --> best saved
2026-07-30 10:14:11 | Ep 02/50 | Loss 0.6508 Acc 85.58% | Val Loss 0.3199 Acc 93.01% | 134.3s
2026-07-30 10:14:11 |   --> best saved
2026-07-30 10:16:25 | Ep 03/50 | Loss 0.3122 Acc 93.79% | Val Loss 0.1727 Acc 96.30% | 134.0s
2026-07-30 10:16:25 |   --> best saved
2026-07-30 10:18:39 | Ep 04/50 | Loss 0.1943 Acc 96.08% | Val Loss 0.1038 Acc 97.86% | 134.1s
2026-07-30 10:18:39 |   --> best saved
2026-07-30 10:20:53 | Ep 05/50 | Loss 0.1398 Acc 97.12% | Val Loss 0.0784 Acc 98.06% | 134.0s
2026-07-30 10:20:53 |   --> best saved
2026-07-30 10:23:07 | Ep 06/50 | Loss 0.1064 Acc 97.69% | Val Loss 0.0610 Acc 98.75% | 134.1s
2026-07-30 10:23:07 |   --> best saved
2026-07-30 10:25:21 | Ep 07/50 | Loss 0.0838 Acc 98.17% | Val Loss 0.0516 Acc 98.74% | 134.3s
2026-07-30 10:25:21 |   --> best saved
2026-07-30 10:27:34 | Ep 08/50 | Loss 0.0691 Acc 98.41% | Val Loss 0.0386 Acc 99.06% | 132.5s
2026-07-30 10:27:34 |   --> best saved
2026-07-30 10:29:45 | Ep 09/50 | Loss 0.0577 Acc 98.63% | Val Loss 0.0362 Acc 99.03% | 131.3s
2026-07-30 10:29:45 |   --> best saved
2026-07-30 10:31:57 | Ep 10/50 | Loss 0.0509 Acc 98.80% | Val Loss 0.0282 Acc 99.25% | 131.4s
2026-07-30 10:31:57 |   --> best saved
2026-07-30 10:34:08 | Ep 11/50 | Loss 0.0438 Acc 98.94% | Val Loss 0.0263 Acc 99.29% | 131.2s
2026-07-30 10:34:08 |   --> best saved
2026-07-30 10:36:19 | Ep 12/50 | Loss 0.0397 Acc 99.03% | Val Loss 0.0245 Acc 99.27% | 131.2s
2026-07-30 10:36:19 |   --> best saved
2026-07-30 10:38:31 | Ep 13/50 | Loss 0.0364 Acc 99.03% | Val Loss 0.0266 Acc 99.20% | 131.3s
2026-07-30 10:40:42 | Ep 14/50 | Loss 0.0311 Acc 99.25% | Val Loss 0.0237 Acc 99.30% | 131.2s
2026-07-30 10:40:42 |   --> best saved
2026-07-30 10:42:53 | Ep 15/50 | Loss 0.0290 Acc 99.26% | Val Loss 0.0221 Acc 99.21% | 131.4s
2026-07-30 10:42:53 |   --> best saved
2026-07-30 10:45:05 | Ep 16/50 | Loss 0.0281 Acc 99.23% | Val Loss 0.0203 Acc 99.38% | 131.7s
2026-07-30 10:45:05 |   --> best saved
2026-07-30 10:47:16 | Ep 17/50 | Loss 0.0246 Acc 99.37% | Val Loss 0.0186 Acc 99.36% | 131.2s
2026-07-30 10:47:16 |   --> best saved
2026-07-30 10:49:28 | Ep 18/50 | Loss 0.0222 Acc 99.45% | Val Loss 0.0187 Acc 99.45% | 131.3s
2026-07-30 10:51:39 | Ep 19/50 | Loss 0.0221 Acc 99.44% | Val Loss 0.0182 Acc 99.46% | 131.2s
2026-07-30 10:51:39 |   --> best saved
2026-07-30 10:53:50 | Ep 20/50 | Loss 0.0211 Acc 99.43% | Val Loss 0.0157 Acc 99.57% | 131.3s
2026-07-30 10:53:50 |   --> best saved
2026-07-30 10:56:02 | Ep 21/50 | Loss 0.0194 Acc 99.49% | Val Loss 0.0148 Acc 99.55% | 131.6s
2026-07-30 10:56:02 |   --> best saved
2026-07-30 10:58:13 | Ep 22/50 | Loss 0.0176 Acc 99.51% | Val Loss 0.0136 Acc 99.64% | 131.4s
2026-07-30 10:58:13 |   --> best saved
2026-07-30 11:00:25 | Ep 23/50 | Loss 0.0176 Acc 99.53% | Val Loss 0.0145 Acc 99.60% | 131.2s
2026-07-30 11:02:36 | Ep 24/50 | Loss 0.0161 Acc 99.54% | Val Loss 0.0146 Acc 99.49% | 131.4s
2026-07-30 11:04:47 | Ep 25/50 | Loss 0.0149 Acc 99.59% | Val Loss 0.0126 Acc 99.61% | 131.3s
2026-07-30 11:04:47 |   --> best saved
2026-07-30 11:06:59 | Ep 26/50 | Loss 0.0150 Acc 99.59% | Val Loss 0.0134 Acc 99.56% | 131.7s
2026-07-30 11:09:11 | Ep 27/50 | Loss 0.0147 Acc 99.59% | Val Loss 0.0119 Acc 99.64% | 131.5s
2026-07-30 11:09:11 |   --> best saved
2026-07-30 11:11:22 | Ep 28/50 | Loss 0.0122 Acc 99.68% | Val Loss 0.0138 Acc 99.59% | 131.2s
2026-07-30 11:13:33 | Ep 29/50 | Loss 0.0128 Acc 99.67% | Val Loss 0.0109 Acc 99.70% | 131.5s
2026-07-30 11:13:33 |   --> best saved
2026-07-30 11:15:45 | Ep 30/50 | Loss 0.0140 Acc 99.62% | Val Loss 0.0100 Acc 99.64% | 131.4s
2026-07-30 11:15:45 |   --> best saved
2026-07-30 11:17:56 | Ep 31/50 | Loss 0.0117 Acc 99.70% | Val Loss 0.0113 Acc 99.61% | 131.4s
2026-07-30 11:20:08 | Ep 32/50 | Loss 0.0112 Acc 99.69% | Val Loss 0.0105 Acc 99.71% | 131.6s
2026-07-30 11:22:19 | Ep 33/50 | Loss 0.0114 Acc 99.68% | Val Loss 0.0145 Acc 99.42% | 131.2s
2026-07-30 11:24:31 | Ep 34/50 | Loss 0.0101 Acc 99.72% | Val Loss 0.0096 Acc 99.68% | 131.3s
2026-07-30 11:24:31 |   --> best saved
2026-07-30 11:26:42 | Ep 35/50 | Loss 0.0105 Acc 99.74% | Val Loss 0.0093 Acc 99.72% | 131.3s
2026-07-30 11:26:42 |   --> best saved
2026-07-30 11:28:53 | Ep 36/50 | Loss 0.0102 Acc 99.75% | Val Loss 0.0105 Acc 99.70% | 131.4s
2026-07-30 11:31:05 | Ep 37/50 | Loss 0.0118 Acc 99.65% | Val Loss 0.0095 Acc 99.69% | 131.9s
2026-07-30 11:33:17 | Ep 38/50 | Loss 0.0086 Acc 99.77% | Val Loss 0.0092 Acc 99.71% | 131.4s
2026-07-30 11:33:17 |   --> best saved
2026-07-30 11:35:28 | Ep 39/50 | Loss 0.0090 Acc 99.77% | Val Loss 0.0095 Acc 99.66% | 131.2s
2026-07-30 11:37:39 | Ep 40/50 | Loss 0.0095 Acc 99.73% | Val Loss 0.0109 Acc 99.67% | 131.3s
2026-07-30 11:39:51 | Ep 41/50 | Loss 0.0090 Acc 99.77% | Val Loss 0.0136 Acc 99.54% | 131.2s
2026-07-30 11:42:02 | Ep 42/50 | Loss 0.0091 Acc 99.77% | Val Loss 0.0091 Acc 99.67% | 131.7s
2026-07-30 11:42:02 |   --> best saved
2026-07-30 11:44:14 | Ep 43/50 | Loss 0.0088 Acc 99.71% | Val Loss 0.0120 Acc 99.62% | 131.4s
2026-07-30 11:46:25 | Ep 44/50 | Loss 0.0073 Acc 99.82% | Val Loss 0.0076 Acc 99.77% | 131.4s
2026-07-30 11:46:25 |   --> best saved
2026-07-30 11:48:37 | Ep 45/50 | Loss 0.0074 Acc 99.82% | Val Loss 0.0083 Acc 99.73% | 131.3s
2026-07-30 11:50:48 | Ep 46/50 | Loss 0.0090 Acc 99.72% | Val Loss 0.0076 Acc 99.72% | 131.4s
2026-07-30 11:50:48 |   --> best saved
2026-07-30 11:53:00 | Ep 47/50 | Loss 0.0071 Acc 99.82% | Val Loss 0.0088 Acc 99.70% | 131.6s
2026-07-30 11:55:11 | Ep 48/50 | Loss 0.0078 Acc 99.78% | Val Loss 0.0098 Acc 99.72% | 131.3s
2026-07-30 11:57:22 | Ep 49/50 | Loss 0.0081 Acc 99.77% | Val Loss 0.0095 Acc 99.65% | 131.4s
2026-07-30 11:59:34 | Ep 50/50 | Loss 0.0069 Acc 99.79% | Val Loss 0.0086 Acc 99.74% | 131.3s
2026-07-30 11:59:34 | Finished fold 3 in 110.52 min
2026-07-30 11:59:45 |   Acc=99.72%  F1=99.57%  Kappa=0.9971  AUC=1.0000
2026-07-30 11:59:46 | 
======================================================================
2026-07-30 11:59:46 | FOLD 4/5
2026-07-30 11:59:46 | ======================================================================
2026-07-30 11:59:46 | Batch=64 | Train=43444 | Val=10861
2026-07-30 12:02:28 | Ep 01/50 | Loss 2.1180 Acc 50.72% | Val Loss 0.8759 Acc 77.84% | 161.8s
2026-07-30 12:02:28 |   --> best saved
2026-07-30 12:04:40 | Ep 02/50 | Loss 0.6185 Acc 86.20% | Val Loss 0.3211 Acc 92.77% | 131.8s
2026-07-30 12:04:40 |   --> best saved
2026-07-30 12:06:52 | Ep 03/50 | Loss 0.2989 Acc 93.99% | Val Loss 0.1735 Acc 96.12% | 132.0s
2026-07-30 12:06:52 |   --> best saved
2026-07-30 12:09:05 | Ep 04/50 | Loss 0.1878 Acc 96.26% | Val Loss 0.1117 Acc 97.45% | 132.4s
2026-07-30 12:09:05 |   --> best saved
2026-07-30 12:11:17 | Ep 05/50 | Loss 0.1339 Acc 97.26% | Val Loss 0.0845 Acc 97.92% | 131.8s
2026-07-30 12:11:17 |   --> best saved
2026-07-30 12:13:29 | Ep 06/50 | Loss 0.1034 Acc 97.84% | Val Loss 0.0645 Acc 98.44% | 132.4s
2026-07-30 12:13:29 |   --> best saved
2026-07-30 12:15:41 | Ep 07/50 | Loss 0.0825 Acc 98.17% | Val Loss 0.0485 Acc 98.90% | 132.0s
2026-07-30 12:15:41 |   --> best saved
2026-07-30 12:17:53 | Ep 08/50 | Loss 0.0683 Acc 98.46% | Val Loss 0.0524 Acc 98.50% | 131.5s
2026-07-30 12:20:04 | Ep 09/50 | Loss 0.0574 Acc 98.60% | Val Loss 0.0361 Acc 99.15% | 131.5s
2026-07-30 12:20:04 |   --> best saved
2026-07-30 12:22:16 | Ep 10/50 | Loss 0.0503 Acc 98.82% | Val Loss 0.0329 Acc 99.14% | 131.4s
2026-07-30 12:22:16 |   --> best saved
2026-07-30 12:24:27 | Ep 11/50 | Loss 0.0433 Acc 98.94% | Val Loss 0.0330 Acc 99.10% | 131.4s
2026-07-30 12:26:38 | Ep 12/50 | Loss 0.0392 Acc 99.03% | Val Loss 0.0322 Acc 99.04% | 131.5s
2026-07-30 12:26:38 |   --> best saved
2026-07-30 12:28:50 | Ep 13/50 | Loss 0.0358 Acc 99.08% | Val Loss 0.0268 Acc 99.28% | 131.3s
2026-07-30 12:28:50 |   --> best saved
2026-07-30 12:31:01 | Ep 14/50 | Loss 0.0319 Acc 99.21% | Val Loss 0.0259 Acc 99.26% | 131.5s
2026-07-30 12:31:01 |   --> best saved
2026-07-30 12:33:13 | Ep 15/50 | Loss 0.0303 Acc 99.22% | Val Loss 0.0245 Acc 99.30% | 131.4s
2026-07-30 12:33:13 |   --> best saved
2026-07-30 12:35:25 | Ep 16/50 | Loss 0.0273 Acc 99.30% | Val Loss 0.0260 Acc 99.17% | 131.7s
2026-07-30 12:37:36 | Ep 17/50 | Loss 0.0255 Acc 99.32% | Val Loss 0.0185 Acc 99.46% | 131.4s
2026-07-30 12:37:36 |   --> best saved
2026-07-30 12:39:47 | Ep 18/50 | Loss 0.0237 Acc 99.36% | Val Loss 0.0207 Acc 99.38% | 131.2s
2026-07-30 12:41:59 | Ep 19/50 | Loss 0.0207 Acc 99.47% | Val Loss 0.0190 Acc 99.41% | 131.3s
2026-07-30 12:44:10 | Ep 20/50 | Loss 0.0207 Acc 99.44% | Val Loss 0.0200 Acc 99.40% | 131.3s
2026-07-30 12:46:22 | Ep 21/50 | Loss 0.0192 Acc 99.49% | Val Loss 0.0183 Acc 99.46% | 131.6s
2026-07-30 12:46:22 |   --> best saved
2026-07-30 12:48:33 | Ep 22/50 | Loss 0.0177 Acc 99.52% | Val Loss 0.0156 Acc 99.54% | 131.4s
2026-07-30 12:48:33 |   --> best saved
2026-07-30 12:50:44 | Ep 23/50 | Loss 0.0177 Acc 99.52% | Val Loss 0.0237 Acc 99.33% | 131.2s
2026-07-30 12:52:56 | Ep 24/50 | Loss 0.0163 Acc 99.56% | Val Loss 0.0161 Acc 99.53% | 131.2s
2026-07-30 12:55:07 | Ep 25/50 | Loss 0.0157 Acc 99.57% | Val Loss 0.0153 Acc 99.53% | 131.3s
2026-07-30 12:55:07 |   --> best saved
2026-07-30 12:57:19 | Ep 26/50 | Loss 0.0156 Acc 99.55% | Val Loss 0.0185 Acc 99.41% | 131.5s
2026-07-30 12:59:30 | Ep 27/50 | Loss 0.0155 Acc 99.57% | Val Loss 0.0160 Acc 99.45% | 131.7s
2026-07-30 13:01:42 | Ep 28/50 | Loss 0.0133 Acc 99.67% | Val Loss 0.0161 Acc 99.48% | 131.4s
2026-07-30 13:03:53 | Ep 29/50 | Loss 0.0127 Acc 99.66% | Val Loss 0.0156 Acc 99.52% | 131.3s
2026-07-30 13:06:04 | Ep 30/50 | Loss 0.0125 Acc 99.68% | Val Loss 0.0199 Acc 99.48% | 131.3s
2026-07-30 13:08:16 | Ep 31/50 | Loss 0.0122 Acc 99.67% | Val Loss 0.0196 Acc 99.38% | 131.6s
2026-07-30 13:10:28 | Ep 32/50 | Loss 0.0117 Acc 99.69% | Val Loss 0.0173 Acc 99.47% | 131.7s
2026-07-30 13:12:39 | Ep 33/50 | Loss 0.0107 Acc 99.73% | Val Loss 0.0139 Acc 99.62% | 131.3s
2026-07-30 13:12:39 |   --> best saved
2026-07-30 13:14:50 | Ep 34/50 | Loss 0.0107 Acc 99.71% | Val Loss 0.0172 Acc 99.52% | 131.2s
2026-07-30 13:17:02 | Ep 35/50 | Loss 0.0101 Acc 99.72% | Val Loss 0.0129 Acc 99.59% | 131.3s
2026-07-30 13:17:02 |   --> best saved
2026-07-30 13:19:13 | Ep 36/50 | Loss 0.0098 Acc 99.73% | Val Loss 0.0140 Acc 99.63% | 131.4s
2026-07-30 13:21:25 | Ep 37/50 | Loss 0.0103 Acc 99.69% | Val Loss 0.0164 Acc 99.56% | 131.9s
2026-07-30 13:23:37 | Ep 38/50 | Loss 0.0091 Acc 99.74% | Val Loss 0.0121 Acc 99.66% | 131.4s
2026-07-30 13:23:37 |   --> best saved
2026-07-30 13:25:48 | Ep 39/50 | Loss 0.0098 Acc 99.73% | Val Loss 0.0145 Acc 99.57% | 131.5s
2026-07-30 13:28:00 | Ep 40/50 | Loss 0.0095 Acc 99.75% | Val Loss 0.0133 Acc 99.66% | 131.4s
2026-07-30 13:30:11 | Ep 41/50 | Loss 0.0087 Acc 99.75% | Val Loss 0.0178 Acc 99.48% | 131.4s
2026-07-30 13:32:23 | Ep 42/50 | Loss 0.0080 Acc 99.80% | Val Loss 0.0144 Acc 99.60% | 132.3s
2026-07-30 13:34:35 | Ep 43/50 | Loss 0.0076 Acc 99.81% | Val Loss 0.0121 Acc 99.72% | 131.4s
2026-07-30 13:36:46 | Ep 44/50 | Loss 0.0086 Acc 99.75% | Val Loss 0.0158 Acc 99.52% | 131.3s
2026-07-30 13:38:58 | Ep 45/50 | Loss 0.0084 Acc 99.79% | Val Loss 0.0132 Acc 99.60% | 131.5s
2026-07-30 13:41:09 | Ep 46/50 | Loss 0.0085 Acc 99.76% | Val Loss 0.0155 Acc 99.58% | 131.2s
2026-07-30 13:43:21 | Ep 47/50 | Loss 0.0081 Acc 99.77% | Val Loss 0.0129 Acc 99.61% | 131.6s
2026-07-30 13:45:32 | Ep 48/50 | Loss 0.0075 Acc 99.81% | Val Loss 0.0114 Acc 99.68% | 131.3s
2026-07-30 13:45:32 |   --> best saved
2026-07-30 13:47:43 | Ep 49/50 | Loss 0.0082 Acc 99.79% | Val Loss 0.0124 Acc 99.64% | 131.3s
2026-07-30 13:49:55 | Ep 50/50 | Loss 0.0071 Acc 99.82% | Val Loss 0.0106 Acc 99.75% | 131.2s
2026-07-30 13:49:55 |   --> best saved
2026-07-30 13:49:55 | Finished fold 4 in 110.13 min
2026-07-30 13:50:06 |   Acc=99.75%  F1=99.71%  Kappa=0.9974  AUC=1.0000
2026-07-30 13:50:07 | 
======================================================================
2026-07-30 13:50:07 | FOLD 5/5
2026-07-30 13:50:07 | ======================================================================
2026-07-30 13:50:07 | Batch=64 | Train=43444 | Val=10861
2026-07-30 13:52:48 | Ep 01/50 | Loss 2.1612 Acc 49.32% | Val Loss 0.9097 Acc 77.28% | 160.6s
2026-07-30 13:52:48 |   --> best saved
2026-07-30 13:55:00 | Ep 02/50 | Loss 0.6470 Acc 85.94% | Val Loss 0.3289 Acc 92.89% | 132.4s
2026-07-30 13:55:00 |   --> best saved
2026-07-30 13:57:13 | Ep 03/50 | Loss 0.3177 Acc 93.56% | Val Loss 0.1782 Acc 96.36% | 132.5s
2026-07-30 13:57:13 |   --> best saved
2026-07-30 13:59:25 | Ep 04/50 | Loss 0.2013 Acc 95.98% | Val Loss 0.1169 Acc 97.25% | 131.8s
2026-07-30 13:59:25 |   --> best saved
2026-07-30 14:01:38 | Ep 05/50 | Loss 0.1448 Acc 96.99% | Val Loss 0.0855 Acc 97.99% | 133.3s
2026-07-30 14:01:38 |   --> best saved
2026-07-30 14:04:02 | Ep 06/50 | Loss 0.1120 Acc 97.64% | Val Loss 0.0680 Acc 98.37% | 143.3s
2026-07-30 14:04:02 |   --> best saved
2026-07-30 14:06:18 | Ep 07/50 | Loss 0.0894 Acc 98.01% | Val Loss 0.0549 Acc 98.85% | 136.0s
2026-07-30 14:06:18 |   --> best saved
2026-07-30 14:08:35 | Ep 08/50 | Loss 0.0738 Acc 98.27% | Val Loss 0.0468 Acc 98.93% | 137.0s
2026-07-30 14:08:35 |   --> best saved
2026-07-30 14:10:54 | Ep 09/50 | Loss 0.0626 Acc 98.53% | Val Loss 0.0443 Acc 98.85% | 139.2s
2026-07-30 14:10:54 |   --> best saved
2026-07-30 14:13:13 | Ep 10/50 | Loss 0.0535 Acc 98.73% | Val Loss 0.0343 Acc 99.17% | 138.8s
2026-07-30 14:13:13 |   --> best saved
2026-07-30 14:15:31 | Ep 11/50 | Loss 0.0479 Acc 98.82% | Val Loss 0.0297 Acc 99.19% | 138.7s
2026-07-30 14:15:31 |   --> best saved
2026-07-30 14:17:50 | Ep 12/50 | Loss 0.0423 Acc 98.96% | Val Loss 0.0294 Acc 98.98% | 138.9s
2026-07-30 14:17:50 |   --> best saved
2026-07-30 14:20:09 | Ep 13/50 | Loss 0.0396 Acc 98.97% | Val Loss 0.0279 Acc 99.14% | 138.9s
2026-07-30 14:20:09 |   --> best saved
2026-07-30 14:22:27 | Ep 14/50 | Loss 0.0351 Acc 99.14% | Val Loss 0.0234 Acc 99.33% | 137.9s
2026-07-30 14:22:27 |   --> best saved
2026-07-30 14:24:41 | Ep 15/50 | Loss 0.0305 Acc 99.17% | Val Loss 0.0213 Acc 99.27% | 133.1s
2026-07-30 14:24:41 |   --> best saved
2026-07-30 14:26:54 | Ep 16/50 | Loss 0.0301 Acc 99.19% | Val Loss 0.0188 Acc 99.46% | 133.8s
2026-07-30 14:26:54 |   --> best saved
2026-07-30 14:29:08 | Ep 17/50 | Loss 0.0274 Acc 99.33% | Val Loss 0.0193 Acc 99.40% | 133.3s
2026-07-30 14:31:29 | Ep 18/50 | Loss 0.0262 Acc 99.32% | Val Loss 0.0215 Acc 99.29% | 140.7s
2026-07-30 14:33:48 | Ep 19/50 | Loss 0.0236 Acc 99.40% | Val Loss 0.0164 Acc 99.53% | 139.2s
2026-07-30 14:33:48 |   --> best saved
2026-07-30 14:36:05 | Ep 20/50 | Loss 0.0220 Acc 99.41% | Val Loss 0.0172 Acc 99.44% | 137.1s
2026-07-30 14:38:22 | Ep 21/50 | Loss 0.0215 Acc 99.43% | Val Loss 0.0166 Acc 99.45% | 136.5s
2026-07-30 14:40:39 | Ep 22/50 | Loss 0.0202 Acc 99.44% | Val Loss 0.0126 Acc 99.64% | 137.1s
2026-07-30 14:40:39 |   --> best saved
2026-07-30 14:43:07 | Ep 23/50 | Loss 0.0191 Acc 99.47% | Val Loss 0.0140 Acc 99.59% | 148.2s
2026-07-30 14:45:35 | Ep 24/50 | Loss 0.0173 Acc 99.54% | Val Loss 0.0118 Acc 99.65% | 148.0s
2026-07-30 14:45:35 |   --> best saved
2026-07-30 14:48:03 | Ep 25/50 | Loss 0.0174 Acc 99.50% | Val Loss 0.0161 Acc 99.47% | 147.9s
2026-07-30 14:50:26 | Ep 26/50 | Loss 0.0158 Acc 99.55% | Val Loss 0.0141 Acc 99.57% | 142.9s
2026-07-30 14:52:49 | Ep 27/50 | Loss 0.0155 Acc 99.58% | Val Loss 0.0179 Acc 99.35% | 142.8s
2026-07-30 14:55:18 | Ep 28/50 | Loss 0.0144 Acc 99.60% | Val Loss 0.0129 Acc 99.61% | 149.2s
2026-07-30 14:57:48 | Ep 29/50 | Loss 0.0136 Acc 99.65% | Val Loss 0.0127 Acc 99.61% | 149.4s
2026-07-30 15:00:19 | Ep 30/50 | Loss 0.0132 Acc 99.65% | Val Loss 0.0141 Acc 99.55% | 151.5s
2026-07-30 15:02:50 | Ep 31/50 | Loss 0.0129 Acc 99.65% | Val Loss 0.0115 Acc 99.59% | 150.6s
2026-07-30 15:02:50 |   --> best saved
2026-07-30 15:05:19 | Ep 32/50 | Loss 0.0124 Acc 99.68% | Val Loss 0.0101 Acc 99.67% | 148.7s
2026-07-30 15:05:19 |   --> best saved
2026-07-30 15:07:49 | Ep 33/50 | Loss 0.0124 Acc 99.63% | Val Loss 0.0139 Acc 99.54% | 149.9s
2026-07-30 15:10:20 | Ep 34/50 | Loss 0.0119 Acc 99.65% | Val Loss 0.0110 Acc 99.60% | 150.7s
2026-07-30 15:12:50 | Ep 35/50 | Loss 0.0104 Acc 99.72% | Val Loss 0.0095 Acc 99.70% | 149.9s
2026-07-30 15:12:50 |   --> best saved
2026-07-30 15:15:16 | Ep 36/50 | Loss 0.0107 Acc 99.72% | Val Loss 0.0152 Acc 99.51% | 146.5s
2026-07-30 15:17:43 | Ep 37/50 | Loss 0.0112 Acc 99.68% | Val Loss 0.0121 Acc 99.57% | 146.3s
2026-07-30 15:20:08 | Ep 38/50 | Loss 0.0098 Acc 99.73% | Val Loss 0.0094 Acc 99.71% | 145.5s
2026-07-30 15:20:08 |   --> best saved
2026-07-30 15:22:33 | Ep 39/50 | Loss 0.0095 Acc 99.72% | Val Loss 0.0123 Acc 99.56% | 144.8s
2026-07-30 15:24:59 | Ep 40/50 | Loss 0.0099 Acc 99.72% | Val Loss 0.0123 Acc 99.61% | 145.6s
2026-07-30 15:27:24 | Ep 41/50 | Loss 0.0110 Acc 99.67% | Val Loss 0.0093 Acc 99.62% | 144.7s
2026-07-30 15:27:24 |   --> best saved
2026-07-30 15:29:49 | Ep 42/50 | Loss 0.0099 Acc 99.69% | Val Loss 0.0115 Acc 99.66% | 144.8s
2026-07-30 15:32:18 | Ep 43/50 | Loss 0.0099 Acc 99.72% | Val Loss 0.0098 Acc 99.68% | 149.1s
2026-07-30 15:34:47 | Ep 44/50 | Loss 0.0083 Acc 99.77% | Val Loss 0.0099 Acc 99.62% | 148.8s
2026-07-30 15:37:15 | Ep 45/50 | Loss 0.0080 Acc 99.80% | Val Loss 0.0091 Acc 99.71% | 148.3s
2026-07-30 15:37:15 |   --> best saved
2026-07-30 15:39:45 | Ep 46/50 | Loss 0.0084 Acc 99.80% | Val Loss 0.0141 Acc 99.58% | 149.4s
2026-07-30 15:42:15 | Ep 47/50 | Loss 0.0086 Acc 99.77% | Val Loss 0.0107 Acc 99.63% | 149.8s
2026-07-30 15:44:42 | Ep 48/50 | Loss 0.0078 Acc 99.77% | Val Loss 0.0092 Acc 99.72% | 147.7s
2026-07-30 15:47:10 | Ep 49/50 | Loss 0.0072 Acc 99.79% | Val Loss 0.0087 Acc 99.76% | 147.5s
2026-07-30 15:47:10 |   --> best saved
2026-07-30 15:49:37 | Ep 50/50 | Loss 0.0077 Acc 99.76% | Val Loss 0.0094 Acc 99.69% | 147.3s
2026-07-30 15:49:38 | Finished fold 5 in 119.50 min
2026-07-30 15:49:54 |   Acc=99.76%  F1=99.56%  Kappa=0.9975  AUC=1.0000
2026-07-30 15:49:59 | 
======================================================================
2026-07-30 15:49:59 | FINAL RESULTS — CViTLw, CNN pretrained + ViT scratch (mean ± std over completed folds)
2026-07-30 15:49:59 | ======================================================================
2026-07-30 15:49:59 |   Accuracy            : 99.73% ± 0.02%
2026-07-30 15:49:59 |   Precision           : 99.59% ± 0.06%
2026-07-30 15:49:59 |   Recall              : 99.60% ± 0.07%
2026-07-30 15:49:59 |   F1-Score            : 99.59% ± 0.06%
2026-07-30 15:49:59 |   Kappa               : 0.9972 ± 0.0002
2026-07-30 15:49:59 |   AUC                 : 1.0000 ± 0.0000
2026-07-30 15:49:59 |   Train Time (min)    : 113.48 ± 3.50 min
2026-07-30 15:49:59 | 
Saved: C:\Users\Admin\Desktop\hai\ConViTX\code ViT_8 block CNN\HybridModel_PlantVillage_Full_NoPretrain\results\comparison_results.json
2026-07-30 15:49:59 | Done.
