2026-07-29 05:39:51 | Log: C:\Users\Admin\Desktop\hai\ConViTX\code ViT_8 block CNN\HybridModel_PlantRaw_NoPretrain\results\training.log
2026-07-29 05:39:51 | Device      : cuda
2026-07-29 05:39:51 | Dataset dir : C:\Users\Admin\Desktop\Dataset\PlantRaw
2026-07-29 05:39:51 | *** MODE: Single Run (No K-Fold) | 8 baselines FROM SCRATCH | CViTLw = CNN branch + ViT branch SCRATCH ***
2026-07-29 05:39:51 | CPU cores       : 16
2026-07-29 05:39:51 | GPU             : NVIDIA GeForce RTX 5070 Ti (cc 12.0)
2026-07-29 05:39:51 | VRAM            : 15.65 GB free / 17.09 GB total
2026-07-29 05:39:51 | BF16 supported  : True
2026-07-29 05:39:51 | AMP dtype       : torch.bfloat16
2026-07-29 05:39:51 | Classes (35):
2026-07-29 05:39:51 |   [0] Apple_Black_Rot
2026-07-29 05:39:51 |   [1] Apple_Cedar_Rust
2026-07-29 05:39:51 |   [2] Apple_Healthy
2026-07-29 05:39:51 |   [3] Apple_Scab
2026-07-29 05:39:51 |   [4] Cassava_Bacterial_Blight
2026-07-29 05:39:51 |   [5] Cassava_Brown_Streak
2026-07-29 05:39:51 |   [6] Cassava_Green_Mottle
2026-07-29 05:39:51 |   [7] Cassava_Healthy
2026-07-29 05:39:51 |   [8] Cassava_Mosaic_Disease
2026-07-29 05:39:51 |   [9] Chili_Whitefly
2026-07-29 05:39:51 |   [10] Chili_Yellowish
2026-07-29 05:39:51 |   [11] Coffee_Cercospora
2026-07-29 05:39:51 |   [12] Coffee_Healthy
2026-07-29 05:39:51 |   [13] Coffee_Phoma
2026-07-29 05:39:51 |   [14] Coffee_Rust
2026-07-29 05:39:51 |   [15] Cucumber_Diseased
2026-07-29 05:39:51 |   [16] Cucumber_Healthy
2026-07-29 05:39:51 |   [17] Maize_Common_Rust
2026-07-29 05:39:51 |   [18] Maize_Gray_Leaf_Spot
2026-07-29 05:39:51 |   [19] Maize_Healthy
2026-07-29 05:39:51 |   [20] Maize_Northern_Leaf_Blight
2026-07-29 05:39:51 |   [21] Rice_Brown_Spot
2026-07-29 05:39:51 |   [22] Rice_Leaf_Smut
2026-07-29 05:39:51 |   [23] Soybean_Bacterial_Blight
2026-07-29 05:39:51 |   [24] Soybean_Powdery_Mildew
2026-07-29 05:39:51 |   [25] Soybean_Sudden_Death_Syndrome
2026-07-29 05:39:51 |   [26] Soybean_Yellow_Mosaic
2026-07-29 05:39:51 |   [27] Sugarcane_Healthy
2026-07-29 05:39:51 |   [28] Sugarcane_Mosaic_Virus
2026-07-29 05:39:51 |   [29] Sugarcane_Red_Rot
2026-07-29 05:39:51 |   [30] Sugarcane_Rust
2026-07-29 05:39:51 |   [31] Sugarcane_Yellow_Leaf
2026-07-29 05:39:51 |   [32] Wheat_Healthy
2026-07-29 05:39:51 |   [33] Wheat_Septoria
2026-07-29 05:39:51 |   [34] Wheat_Yellow_Rust
2026-07-29 05:39:51 | Models : ['CViTLw', 'MobileNetV2', 'EfficientNet-B0', 'ResNet-50', 'ViT-B/16', 'Swin-Tiny', 'DeiT-Small', 'MobileViT-S', 'ConvNeXt-Base']
2026-07-29 05:39:52 |   [params] CViTLw           = 0.334 M
2026-07-29 05:39:52 |   [params] MobileNetV2      = 2.269 M
2026-07-29 05:39:52 |   [params] EfficientNet-B0  = 4.052 M
2026-07-29 05:39:52 |   [params] ResNet-50        = 23.58 M
2026-07-29 05:39:52 |   [params] ViT-B/16         = 85.826 M
2026-07-29 05:39:53 |   [params] Swin-Tiny        = 27.546 M
2026-07-29 05:39:54 |   [params] DeiT-Small       = 21.679 M
2026-07-29 05:39:54 |   [params] MobileViT-S      = 4.96 M
2026-07-29 05:39:54 |   [params] ConvNeXt-Base    = 87.602 M
2026-07-29 05:39:54 | 
================================================================================
2026-07-29 05:39:54 | TRAIN: CViTLw | batch=64 | lr=1.00e-04 | classes=35
2026-07-29 05:39:54 | ================================================================================
2026-07-29 05:39:54 | Train samples: 12931 | Val samples: 3234
2026-07-29 05:42:13 | Ep 01/50 | Loss 3.0462 Acc 31.16% | Val 2.2961 Acc 37.76% | 138.1s
2026-07-29 05:42:13 |   -> saved best
2026-07-29 05:44:03 | Ep 02/50 | Loss 1.8469 Acc 45.82% | Val 1.3527 Acc 57.64% | 109.9s
2026-07-29 05:44:03 |   -> saved best
2026-07-29 05:45:52 | Ep 03/50 | Loss 1.1959 Acc 63.14% | Val 0.9216 Acc 71.30% | 109.3s
2026-07-29 05:45:52 |   -> saved best
2026-07-29 05:47:39 | Ep 04/50 | Loss 0.8729 Acc 72.75% | Val 0.6736 Acc 76.22% | 107.2s
2026-07-29 05:47:39 |   -> saved best
2026-07-29 05:49:29 | Ep 05/50 | Loss 0.7079 Acc 76.74% | Val 0.5860 Acc 79.65% | 110.2s
2026-07-29 05:49:29 |   -> saved best
2026-07-29 05:51:18 | Ep 06/50 | Loss 0.6098 Acc 79.58% | Val 0.5205 Acc 80.89% | 108.7s
2026-07-29 05:51:18 |   -> saved best
2026-07-29 05:53:04 | Ep 07/50 | Loss 0.5525 Acc 80.89% | Val 0.4916 Acc 81.63% | 105.8s
2026-07-29 05:53:04 |   -> saved best
2026-07-29 05:54:49 | Ep 08/50 | Loss 0.5085 Acc 82.74% | Val 0.4569 Acc 83.58% | 104.5s
2026-07-29 05:54:49 |   -> saved best
2026-07-29 05:56:31 | Ep 09/50 | Loss 0.4779 Acc 83.49% | Val 0.4218 Acc 84.85% | 101.9s
2026-07-29 05:56:31 |   -> saved best
2026-07-29 05:58:12 | Ep 10/50 | Loss 0.4483 Acc 84.92% | Val 0.4172 Acc 84.45% | 101.4s
2026-07-29 05:58:12 |   -> saved best
2026-07-29 05:59:52 | Ep 11/50 | Loss 0.4184 Acc 85.60% | Val 0.3918 Acc 85.56% | 100.1s
2026-07-29 05:59:52 |   -> saved best
2026-07-29 06:01:34 | Ep 12/50 | Loss 0.4057 Acc 86.04% | Val 0.3734 Acc 86.52% | 102.0s
2026-07-29 06:01:34 |   -> saved best
2026-07-29 06:03:15 | Ep 13/50 | Loss 0.3840 Acc 86.73% | Val 0.3646 Acc 87.14% | 100.7s
2026-07-29 06:03:15 |   -> saved best
2026-07-29 06:04:55 | Ep 14/50 | Loss 0.3688 Acc 87.15% | Val 0.3452 Acc 87.57% | 100.0s
2026-07-29 06:04:55 |   -> saved best
2026-07-29 06:06:36 | Ep 15/50 | Loss 0.3525 Acc 87.96% | Val 0.3398 Acc 88.06% | 101.2s
2026-07-29 06:06:36 |   -> saved best
2026-07-29 06:08:22 | Ep 16/50 | Loss 0.3443 Acc 88.30% | Val 0.3530 Acc 87.29% | 105.6s
2026-07-29 06:10:05 | Ep 17/50 | Loss 0.3318 Acc 88.56% | Val 0.3355 Acc 88.00% | 103.0s
2026-07-29 06:10:05 |   -> saved best
2026-07-29 06:11:50 | Ep 18/50 | Loss 0.3223 Acc 88.79% | Val 0.3331 Acc 87.91% | 104.6s
2026-07-29 06:11:50 |   -> saved best
2026-07-29 06:13:33 | Ep 19/50 | Loss 0.3122 Acc 89.25% | Val 0.3206 Acc 88.53% | 102.9s
2026-07-29 06:13:33 |   -> saved best
2026-07-29 06:15:12 | Ep 20/50 | Loss 0.3041 Acc 89.21% | Val 0.3154 Acc 88.71% | 99.7s
2026-07-29 06:15:12 |   -> saved best
2026-07-29 06:16:54 | Ep 21/50 | Loss 0.3004 Acc 89.46% | Val 0.3137 Acc 88.71% | 101.1s
2026-07-29 06:16:54 |   -> saved best
2026-07-29 06:18:33 | Ep 22/50 | Loss 0.2869 Acc 90.16% | Val 0.3010 Acc 89.27% | 99.4s
2026-07-29 06:18:33 |   -> saved best
2026-07-29 06:20:13 | Ep 23/50 | Loss 0.2813 Acc 90.28% | Val 0.3181 Acc 88.53% | 99.3s
2026-07-29 06:21:52 | Ep 24/50 | Loss 0.2742 Acc 90.52% | Val 0.2968 Acc 89.24% | 99.0s
2026-07-29 06:21:52 |   -> saved best
2026-07-29 06:23:31 | Ep 25/50 | Loss 0.2719 Acc 90.35% | Val 0.2977 Acc 89.30% | 99.2s
2026-07-29 06:25:10 | Ep 26/50 | Loss 0.2691 Acc 90.74% | Val 0.2857 Acc 89.70% | 99.0s
2026-07-29 06:25:10 |   -> saved best
2026-07-29 06:26:51 | Ep 27/50 | Loss 0.2594 Acc 90.93% | Val 0.2756 Acc 90.04% | 101.4s
2026-07-29 06:26:51 |   -> saved best
2026-07-29 06:28:29 | Ep 28/50 | Loss 0.2546 Acc 91.24% | Val 0.2948 Acc 89.21% | 98.0s
2026-07-29 06:30:10 | Ep 29/50 | Loss 0.2491 Acc 91.41% | Val 0.2892 Acc 90.07% | 100.2s
2026-07-29 06:31:50 | Ep 30/50 | Loss 0.2468 Acc 91.44% | Val 0.2756 Acc 89.80% | 100.3s
2026-07-29 06:31:50 |   -> saved best
2026-07-29 06:33:30 | Ep 31/50 | Loss 0.2466 Acc 91.27% | Val 0.2723 Acc 89.70% | 100.4s
2026-07-29 06:33:30 |   -> saved best
2026-07-29 06:35:10 | Ep 32/50 | Loss 0.2348 Acc 91.62% | Val 0.2667 Acc 90.14% | 100.0s
2026-07-29 06:35:10 |   -> saved best
2026-07-29 06:36:53 | Ep 33/50 | Loss 0.2336 Acc 91.85% | Val 0.2887 Acc 89.58% | 102.5s
2026-07-29 06:38:39 | Ep 34/50 | Loss 0.2301 Acc 92.06% | Val 0.2671 Acc 90.54% | 106.4s
2026-07-29 06:40:22 | Ep 35/50 | Loss 0.2313 Acc 91.74% | Val 0.2631 Acc 90.45% | 102.4s
2026-07-29 06:40:22 |   -> saved best
2026-07-29 06:42:02 | Ep 36/50 | Loss 0.2231 Acc 92.13% | Val 0.2704 Acc 90.04% | 100.3s
2026-07-29 06:43:42 | Ep 37/50 | Loss 0.2202 Acc 92.15% | Val 0.2742 Acc 89.92% | 99.8s
2026-07-29 06:45:21 | Ep 38/50 | Loss 0.2171 Acc 92.50% | Val 0.2768 Acc 90.01% | 98.7s
2026-07-29 06:47:01 | Ep 39/50 | Loss 0.2128 Acc 92.74% | Val 0.2679 Acc 90.48% | 100.5s
2026-07-29 06:48:41 | Ep 40/50 | Loss 0.2124 Acc 92.37% | Val 0.2655 Acc 90.63% | 99.4s
2026-07-29 06:50:22 | Ep 41/50 | Loss 0.2085 Acc 92.73% | Val 0.2669 Acc 90.45% | 101.5s
2026-07-29 06:52:02 | Ep 42/50 | Loss 0.2059 Acc 92.64% | Val 0.2672 Acc 90.51% | 99.7s
2026-07-29 06:53:42 | Ep 43/50 | Loss 0.2030 Acc 92.95% | Val 0.2743 Acc 90.38% | 99.9s
2026-07-29 06:55:23 | Ep 44/50 | Loss 0.1987 Acc 92.86% | Val 0.2542 Acc 90.94% | 101.2s
2026-07-29 06:55:23 |   -> saved best
2026-07-29 06:57:03 | Ep 45/50 | Loss 0.1974 Acc 93.18% | Val 0.2794 Acc 90.35% | 99.4s
2026-07-29 06:58:42 | Ep 46/50 | Loss 0.1910 Acc 93.18% | Val 0.2698 Acc 90.57% | 99.4s
2026-07-29 07:00:23 | Ep 47/50 | Loss 0.1930 Acc 93.17% | Val 0.2642 Acc 90.57% | 101.1s
2026-07-29 07:02:04 | Ep 48/50 | Loss 0.1920 Acc 93.15% | Val 0.2685 Acc 90.72% | 100.5s
2026-07-29 07:03:43 | Ep 49/50 | Loss 0.1908 Acc 93.48% | Val 0.2715 Acc 90.85% | 98.9s
2026-07-29 07:05:21 | Ep 50/50 | Loss 0.1885 Acc 93.32% | Val 0.2761 Acc 90.41% | 98.6s
2026-07-29 07:05:21 | Done in 85.45 min
2026-07-29 07:05:44 | 
================================================================================
2026-07-29 07:05:44 | TRAIN: MobileNetV2 | batch=256 | lr=1.00e-04 | classes=35
2026-07-29 07:05:44 | ================================================================================
2026-07-29 07:05:44 | Train samples: 12931 | Val samples: 3234
2026-07-29 07:07:55 | Ep 01/50 | Loss 2.8822 Acc 19.32% | Val 3.7154 Acc 10.17% | 131.7s
2026-07-29 07:07:56 |   -> saved best
2026-07-29 07:09:43 | Ep 02/50 | Loss 2.1067 Acc 33.88% | Val 1.8307 Acc 37.66% | 107.3s
2026-07-29 07:09:43 |   -> saved best
2026-07-29 07:11:33 | Ep 03/50 | Loss 1.7189 Acc 43.23% | Val 1.4937 Acc 49.88% | 109.8s
2026-07-29 07:11:33 |   -> saved best
2026-07-29 07:13:22 | Ep 04/50 | Loss 1.5182 Acc 48.48% | Val 1.3448 Acc 53.53% | 109.4s
2026-07-29 07:13:22 |   -> saved best
2026-07-29 07:15:11 | Ep 05/50 | Loss 1.3879 Acc 52.59% | Val 1.2670 Acc 56.15% | 108.2s
2026-07-29 07:15:11 |   -> saved best
2026-07-29 07:16:58 | Ep 06/50 | Loss 1.2946 Acc 55.22% | Val 1.1760 Acc 57.95% | 107.2s
2026-07-29 07:16:58 |   -> saved best
2026-07-29 07:18:46 | Ep 07/50 | Loss 1.2178 Acc 57.56% | Val 1.0990 Acc 59.96% | 107.5s
2026-07-29 07:18:46 |   -> saved best
2026-07-29 07:20:34 | Ep 08/50 | Loss 1.1695 Acc 59.05% | Val 1.1970 Acc 57.64% | 108.7s
2026-07-29 07:22:23 | Ep 09/50 | Loss 1.1166 Acc 60.68% | Val 1.0275 Acc 63.33% | 108.3s
2026-07-29 07:22:23 |   -> saved best
2026-07-29 07:24:10 | Ep 10/50 | Loss 1.0768 Acc 61.81% | Val 0.9838 Acc 63.85% | 107.5s
2026-07-29 07:24:10 |   -> saved best
2026-07-29 07:26:00 | Ep 11/50 | Loss 1.0435 Acc 62.36% | Val 0.9592 Acc 64.75% | 109.5s
2026-07-29 07:26:00 |   -> saved best
2026-07-29 07:27:48 | Ep 12/50 | Loss 1.0042 Acc 64.57% | Val 0.9517 Acc 65.74% | 107.5s
2026-07-29 07:27:48 |   -> saved best
2026-07-29 07:29:37 | Ep 13/50 | Loss 0.9702 Acc 64.93% | Val 0.9104 Acc 66.26% | 109.3s
2026-07-29 07:29:37 |   -> saved best
2026-07-29 07:31:27 | Ep 14/50 | Loss 0.9402 Acc 65.68% | Val 0.8819 Acc 67.56% | 109.9s
2026-07-29 07:31:27 |   -> saved best
2026-07-29 07:33:16 | Ep 15/50 | Loss 0.9039 Acc 67.21% | Val 0.8549 Acc 68.27% | 109.1s
2026-07-29 07:33:16 |   -> saved best
2026-07-29 07:35:06 | Ep 16/50 | Loss 0.8776 Acc 67.88% | Val 0.8327 Acc 68.00% | 109.7s
2026-07-29 07:35:06 |   -> saved best
2026-07-29 07:36:55 | Ep 17/50 | Loss 0.8542 Acc 68.60% | Val 0.8391 Acc 67.84% | 109.1s
2026-07-29 07:38:42 | Ep 18/50 | Loss 0.8241 Acc 69.40% | Val 0.7736 Acc 70.72% | 107.1s
2026-07-29 07:38:42 |   -> saved best
2026-07-29 07:40:30 | Ep 19/50 | Loss 0.8008 Acc 70.71% | Val 0.7695 Acc 71.21% | 107.7s
2026-07-29 07:40:30 |   -> saved best
2026-07-29 07:42:18 | Ep 20/50 | Loss 0.7877 Acc 70.88% | Val 0.7799 Acc 70.13% | 107.3s
2026-07-29 07:44:05 | Ep 21/50 | Loss 0.7774 Acc 71.22% | Val 0.7541 Acc 71.09% | 107.5s
2026-07-29 07:44:05 |   -> saved best
2026-07-29 07:45:53 | Ep 22/50 | Loss 0.7475 Acc 72.03% | Val 0.7245 Acc 72.57% | 107.5s
2026-07-29 07:45:53 |   -> saved best
2026-07-29 07:47:41 | Ep 23/50 | Loss 0.7290 Acc 72.84% | Val 0.7561 Acc 71.40% | 108.5s
2026-07-29 07:49:31 | Ep 24/50 | Loss 0.7163 Acc 73.38% | Val 0.6955 Acc 73.69% | 109.2s
2026-07-29 07:49:31 |   -> saved best
2026-07-29 07:51:19 | Ep 25/50 | Loss 0.7074 Acc 73.51% | Val 0.7122 Acc 71.99% | 108.3s
2026-07-29 07:53:06 | Ep 26/50 | Loss 0.6882 Acc 74.07% | Val 0.6980 Acc 73.04% | 106.5s
2026-07-29 07:54:53 | Ep 27/50 | Loss 0.6665 Acc 74.70% | Val 0.6760 Acc 73.90% | 107.1s
2026-07-29 07:54:53 |   -> saved best
2026-07-29 07:56:41 | Ep 28/50 | Loss 0.6631 Acc 75.07% | Val 0.6459 Acc 74.80% | 107.7s
2026-07-29 07:56:41 |   -> saved best
2026-07-29 07:58:29 | Ep 29/50 | Loss 0.6437 Acc 75.73% | Val 0.6480 Acc 74.55% | 108.5s
2026-07-29 08:00:19 | Ep 30/50 | Loss 0.6328 Acc 75.84% | Val 0.6361 Acc 75.11% | 109.9s
2026-07-29 08:00:19 |   -> saved best
2026-07-29 08:02:07 | Ep 31/50 | Loss 0.6181 Acc 76.25% | Val 0.6238 Acc 75.97% | 107.5s
2026-07-29 08:02:07 |   -> saved best
2026-07-29 08:03:54 | Ep 32/50 | Loss 0.6187 Acc 76.23% | Val 0.6210 Acc 75.79% | 107.1s
2026-07-29 08:03:54 |   -> saved best
2026-07-29 08:05:41 | Ep 33/50 | Loss 0.6050 Acc 77.16% | Val 0.6144 Acc 76.87% | 107.1s
2026-07-29 08:05:41 |   -> saved best
2026-07-29 08:07:32 | Ep 34/50 | Loss 0.5873 Acc 77.68% | Val 0.6144 Acc 75.97% | 110.3s
2026-07-29 08:09:21 | Ep 35/50 | Loss 0.5890 Acc 77.30% | Val 0.6278 Acc 75.39% | 109.1s
2026-07-29 08:11:07 | Ep 36/50 | Loss 0.5805 Acc 77.45% | Val 0.5890 Acc 76.99% | 106.5s
2026-07-29 08:11:07 |   -> saved best
2026-07-29 08:12:56 | Ep 37/50 | Loss 0.5653 Acc 78.35% | Val 0.6161 Acc 75.54% | 108.3s
2026-07-29 08:14:43 | Ep 38/50 | Loss 0.5587 Acc 78.43% | Val 0.5868 Acc 77.27% | 107.6s
2026-07-29 08:14:43 |   -> saved best
2026-07-29 08:16:30 | Ep 39/50 | Loss 0.5420 Acc 78.98% | Val 0.5839 Acc 77.18% | 106.7s
2026-07-29 08:16:30 |   -> saved best
2026-07-29 08:18:18 | Ep 40/50 | Loss 0.5441 Acc 79.23% | Val 0.5809 Acc 77.09% | 107.3s
2026-07-29 08:18:18 |   -> saved best
2026-07-29 08:20:06 | Ep 41/50 | Loss 0.5351 Acc 79.48% | Val 0.5670 Acc 78.05% | 108.5s
2026-07-29 08:20:06 |   -> saved best
2026-07-29 08:21:55 | Ep 42/50 | Loss 0.5233 Acc 79.95% | Val 0.5686 Acc 78.05% | 108.7s
2026-07-29 08:23:44 | Ep 43/50 | Loss 0.5174 Acc 80.05% | Val 0.5542 Acc 78.29% | 108.9s
2026-07-29 08:23:44 |   -> saved best
2026-07-29 08:25:39 | Ep 44/50 | Loss 0.5111 Acc 80.16% | Val 0.5878 Acc 77.33% | 114.7s
2026-07-29 08:27:28 | Ep 45/50 | Loss 0.4977 Acc 80.76% | Val 0.5434 Acc 78.85% | 109.1s
2026-07-29 08:27:28 |   -> saved best
2026-07-29 08:29:15 | Ep 46/50 | Loss 0.4900 Acc 81.23% | Val 0.5568 Acc 78.26% | 107.3s
2026-07-29 08:31:06 | Ep 47/50 | Loss 0.4886 Acc 81.20% | Val 0.5780 Acc 77.71% | 110.8s
2026-07-29 08:32:55 | Ep 48/50 | Loss 0.4802 Acc 81.41% | Val 0.5297 Acc 79.81% | 108.5s
2026-07-29 08:32:55 |   -> saved best
2026-07-29 08:34:42 | Ep 49/50 | Loss 0.4717 Acc 81.90% | Val 0.5372 Acc 78.85% | 107.5s
2026-07-29 08:36:34 | Ep 50/50 | Loss 0.4633 Acc 82.12% | Val 0.5386 Acc 78.51% | 111.2s
2026-07-29 08:36:34 | Done in 90.83 min
2026-07-29 08:37:04 | 
================================================================================
2026-07-29 08:37:04 | TRAIN: EfficientNet-B0 | batch=256 | lr=1.00e-04 | classes=35
2026-07-29 08:37:04 | ================================================================================
2026-07-29 08:37:04 | Train samples: 12931 | Val samples: 3234
2026-07-29 08:39:19 | Ep 01/50 | Loss 3.1461 Acc 15.66% | Val 3.4143 Acc 10.17% | 135.1s
2026-07-29 08:39:19 |   -> saved best
2026-07-29 08:41:07 | Ep 02/50 | Loss 2.2984 Acc 28.08% | Val 1.9446 Acc 36.86% | 107.9s
2026-07-29 08:41:07 |   -> saved best
2026-07-29 08:42:58 | Ep 03/50 | Loss 1.7963 Acc 40.56% | Val 1.5092 Acc 49.04% | 110.7s
2026-07-29 08:42:58 |   -> saved best
2026-07-29 08:44:48 | Ep 04/50 | Loss 1.5005 Acc 49.16% | Val 1.2155 Acc 58.32% | 110.1s
2026-07-29 08:44:48 |   -> saved best
2026-07-29 08:46:37 | Ep 05/50 | Loss 1.3368 Acc 53.84% | Val 1.1685 Acc 59.31% | 108.9s
2026-07-29 08:46:37 |   -> saved best
2026-07-29 08:48:26 | Ep 06/50 | Loss 1.2311 Acc 56.55% | Val 1.0573 Acc 61.56% | 108.8s
2026-07-29 08:48:26 |   -> saved best
2026-07-29 08:50:22 | Ep 07/50 | Loss 1.1522 Acc 58.46% | Val 0.9829 Acc 64.87% | 116.1s
2026-07-29 08:50:22 |   -> saved best
2026-07-29 08:52:12 | Ep 08/50 | Loss 1.0858 Acc 61.11% | Val 0.9130 Acc 65.96% | 109.7s
2026-07-29 08:52:12 |   -> saved best
2026-07-29 08:54:02 | Ep 09/50 | Loss 1.0339 Acc 62.11% | Val 0.8979 Acc 66.42% | 110.1s
2026-07-29 08:54:02 |   -> saved best
2026-07-29 08:55:51 | Ep 10/50 | Loss 0.9827 Acc 64.26% | Val 0.8655 Acc 68.58% | 108.5s
2026-07-29 08:55:51 |   -> saved best
2026-07-29 08:57:41 | Ep 11/50 | Loss 0.9390 Acc 65.25% | Val 0.8109 Acc 69.02% | 109.9s
2026-07-29 08:57:41 |   -> saved best
2026-07-29 08:59:30 | Ep 12/50 | Loss 0.9122 Acc 66.36% | Val 0.7780 Acc 70.69% | 109.1s
2026-07-29 08:59:30 |   -> saved best
2026-07-29 09:01:20 | Ep 13/50 | Loss 0.8712 Acc 67.49% | Val 0.7529 Acc 71.24% | 110.1s
2026-07-29 09:01:20 |   -> saved best
2026-07-29 09:03:11 | Ep 14/50 | Loss 0.8506 Acc 68.48% | Val 0.7328 Acc 72.33% | 110.7s
2026-07-29 09:03:11 |   -> saved best
2026-07-29 09:05:07 | Ep 15/50 | Loss 0.8122 Acc 69.55% | Val 0.7067 Acc 72.36% | 116.4s
2026-07-29 09:05:07 |   -> saved best
2026-07-29 09:07:05 | Ep 16/50 | Loss 0.7893 Acc 70.13% | Val 0.6753 Acc 74.21% | 117.9s
2026-07-29 09:07:05 |   -> saved best
2026-07-29 09:08:56 | Ep 17/50 | Loss 0.7711 Acc 70.76% | Val 0.6800 Acc 74.12% | 110.5s
2026-07-29 09:10:44 | Ep 18/50 | Loss 0.7526 Acc 71.95% | Val 0.6606 Acc 74.86% | 108.1s
2026-07-29 09:10:44 |   -> saved best
2026-07-29 09:12:35 | Ep 19/50 | Loss 0.7405 Acc 72.23% | Val 0.6431 Acc 74.71% | 110.3s
2026-07-29 09:12:35 |   -> saved best
2026-07-29 09:14:24 | Ep 20/50 | Loss 0.7144 Acc 73.04% | Val 0.6273 Acc 75.94% | 109.5s
2026-07-29 09:14:24 |   -> saved best
2026-07-29 09:16:13 | Ep 21/50 | Loss 0.7053 Acc 73.57% | Val 0.6470 Acc 75.11% | 108.3s
2026-07-29 09:18:03 | Ep 22/50 | Loss 0.6904 Acc 73.45% | Val 0.6002 Acc 76.65% | 109.9s
2026-07-29 09:18:03 |   -> saved best
2026-07-29 09:19:53 | Ep 23/50 | Loss 0.6651 Acc 74.65% | Val 0.6128 Acc 76.47% | 109.9s
2026-07-29 09:21:43 | Ep 24/50 | Loss 0.6457 Acc 75.35% | Val 0.5865 Acc 77.40% | 109.9s
2026-07-29 09:21:43 |   -> saved best
2026-07-29 09:23:32 | Ep 25/50 | Loss 0.6534 Acc 75.45% | Val 0.6106 Acc 75.97% | 109.7s
2026-07-29 09:25:20 | Ep 26/50 | Loss 0.6376 Acc 76.00% | Val 0.5706 Acc 77.61% | 107.9s
2026-07-29 09:25:20 |   -> saved best
2026-07-29 09:27:09 | Ep 27/50 | Loss 0.6195 Acc 76.80% | Val 0.5625 Acc 77.43% | 108.3s
2026-07-29 09:27:09 |   -> saved best
2026-07-29 09:28:58 | Ep 28/50 | Loss 0.6047 Acc 76.74% | Val 0.5535 Acc 78.42% | 108.7s
2026-07-29 09:28:58 |   -> saved best
2026-07-29 09:30:48 | Ep 29/50 | Loss 0.5903 Acc 77.55% | Val 0.5575 Acc 77.98% | 110.7s
2026-07-29 09:32:40 | Ep 30/50 | Loss 0.5743 Acc 78.21% | Val 0.5665 Acc 77.77% | 111.1s
2026-07-29 09:34:28 | Ep 31/50 | Loss 0.5765 Acc 77.73% | Val 0.5254 Acc 79.13% | 108.5s
2026-07-29 09:34:28 |   -> saved best
2026-07-29 09:36:18 | Ep 32/50 | Loss 0.5616 Acc 78.55% | Val 0.5419 Acc 78.51% | 109.3s
2026-07-29 09:38:06 | Ep 33/50 | Loss 0.5552 Acc 78.57% | Val 0.5472 Acc 78.91% | 108.3s
2026-07-29 09:39:58 | Ep 34/50 | Loss 0.5482 Acc 78.97% | Val 0.5328 Acc 79.59% | 111.5s
2026-07-29 09:41:55 | Ep 35/50 | Loss 0.5488 Acc 79.06% | Val 0.5394 Acc 79.25% | 117.5s
2026-07-29 09:43:44 | Ep 36/50 | Loss 0.5355 Acc 79.33% | Val 0.5047 Acc 79.99% | 108.5s
2026-07-29 09:43:44 |   -> saved best
2026-07-29 09:45:34 | Ep 37/50 | Loss 0.5149 Acc 79.94% | Val 0.4839 Acc 81.26% | 109.7s
2026-07-29 09:45:34 |   -> saved best
2026-07-29 09:47:23 | Ep 38/50 | Loss 0.5073 Acc 80.60% | Val 0.4937 Acc 80.58% | 109.3s
2026-07-29 09:49:12 | Ep 39/50 | Loss 0.5023 Acc 80.75% | Val 0.4779 Acc 81.57% | 108.7s
2026-07-29 09:49:12 |   -> saved best
2026-07-29 09:51:01 | Ep 40/50 | Loss 0.5079 Acc 80.57% | Val 0.4778 Acc 80.67% | 108.7s
2026-07-29 09:51:01 |   -> saved best
2026-07-29 09:52:50 | Ep 41/50 | Loss 0.4968 Acc 80.88% | Val 0.4648 Acc 81.79% | 109.0s
2026-07-29 09:52:50 |   -> saved best
2026-07-29 09:54:40 | Ep 42/50 | Loss 0.4804 Acc 81.31% | Val 0.4692 Acc 82.22% | 110.7s
2026-07-29 09:56:30 | Ep 43/50 | Loss 0.4800 Acc 81.72% | Val 0.4569 Acc 81.94% | 109.5s
2026-07-29 09:56:30 |   -> saved best
2026-07-29 09:58:20 | Ep 44/50 | Loss 0.4705 Acc 81.69% | Val 0.5081 Acc 80.27% | 109.3s
2026-07-29 10:00:10 | Ep 45/50 | Loss 0.4667 Acc 82.37% | Val 0.4636 Acc 82.34% | 110.3s
2026-07-29 10:01:59 | Ep 46/50 | Loss 0.4545 Acc 82.32% | Val 0.4652 Acc 81.97% | 109.5s
2026-07-29 10:03:51 | Ep 47/50 | Loss 0.4572 Acc 82.48% | Val 0.4878 Acc 80.80% | 111.9s
2026-07-29 10:05:42 | Ep 48/50 | Loss 0.4423 Acc 83.09% | Val 0.4375 Acc 82.90% | 110.7s
2026-07-29 10:05:42 |   -> saved best
2026-07-29 10:07:32 | Ep 49/50 | Loss 0.4339 Acc 83.32% | Val 0.4676 Acc 82.25% | 109.3s
2026-07-29 10:09:21 | Ep 50/50 | Loss 0.4358 Acc 83.22% | Val 0.4439 Acc 83.27% | 109.1s
2026-07-29 10:09:21 | Done in 92.29 min
2026-07-29 10:09:51 | 
================================================================================
2026-07-29 10:09:51 | TRAIN: ResNet-50 | batch=128 | lr=1.00e-04 | classes=35
2026-07-29 10:09:51 | ================================================================================
2026-07-29 10:09:51 | Train samples: 12931 | Val samples: 3234
2026-07-29 10:12:03 | Ep 01/50 | Loss 2.1314 Acc 34.18% | Val 1.5550 Acc 49.26% | 131.8s
2026-07-29 10:12:03 |   -> saved best
2026-07-29 10:13:46 | Ep 02/50 | Loss 1.3528 Acc 53.19% | Val 1.9283 Acc 43.41% | 102.8s
2026-07-29 10:15:32 | Ep 03/50 | Loss 1.1439 Acc 59.10% | Val 0.9881 Acc 64.63% | 105.2s
2026-07-29 10:15:32 |   -> saved best
2026-07-29 10:17:13 | Ep 04/50 | Loss 1.0264 Acc 62.46% | Val 1.1056 Acc 60.92% | 101.5s
2026-07-29 10:18:57 | Ep 05/50 | Loss 0.9391 Acc 65.50% | Val 0.8744 Acc 67.13% | 103.2s
2026-07-29 10:18:57 |   -> saved best
2026-07-29 10:20:38 | Ep 06/50 | Loss 0.8638 Acc 67.33% | Val 0.8933 Acc 67.13% | 101.1s
2026-07-29 10:22:21 | Ep 07/50 | Loss 0.8141 Acc 69.18% | Val 0.7570 Acc 70.04% | 102.8s
2026-07-29 10:22:21 |   -> saved best
2026-07-29 10:24:13 | Ep 08/50 | Loss 0.7708 Acc 71.12% | Val 0.9228 Acc 67.38% | 111.3s
2026-07-29 10:25:55 | Ep 09/50 | Loss 0.7305 Acc 72.01% | Val 0.7581 Acc 71.61% | 101.9s
2026-07-29 10:27:37 | Ep 10/50 | Loss 0.6942 Acc 73.69% | Val 0.8805 Acc 69.98% | 101.6s
2026-07-29 10:29:20 | Ep 11/50 | Loss 0.6433 Acc 75.19% | Val 0.6398 Acc 75.76% | 103.0s
2026-07-29 10:29:20 |   -> saved best
2026-07-29 10:31:05 | Ep 12/50 | Loss 0.6296 Acc 76.02% | Val 0.6457 Acc 75.54% | 104.7s
2026-07-29 10:32:53 | Ep 13/50 | Loss 0.5960 Acc 76.61% | Val 0.6625 Acc 76.31% | 108.2s
2026-07-29 10:34:35 | Ep 14/50 | Loss 0.5930 Acc 77.36% | Val 0.6229 Acc 77.46% | 101.3s
2026-07-29 10:34:35 |   -> saved best
2026-07-29 10:36:19 | Ep 15/50 | Loss 0.5661 Acc 78.22% | Val 0.6296 Acc 76.56% | 103.7s
2026-07-29 10:38:00 | Ep 16/50 | Loss 0.5575 Acc 78.02% | Val 0.5915 Acc 77.40% | 101.2s
2026-07-29 10:38:00 |   -> saved best
2026-07-29 10:39:45 | Ep 17/50 | Loss 0.5377 Acc 79.18% | Val 0.5448 Acc 79.81% | 104.5s
2026-07-29 10:39:45 |   -> saved best
2026-07-29 10:41:27 | Ep 18/50 | Loss 0.5247 Acc 79.55% | Val 0.6663 Acc 75.76% | 101.6s
2026-07-29 10:43:17 | Ep 19/50 | Loss 0.4981 Acc 80.23% | Val 0.5784 Acc 79.00% | 110.0s
2026-07-29 10:45:07 | Ep 20/50 | Loss 0.4906 Acc 80.96% | Val 0.5469 Acc 79.96% | 109.2s
2026-07-29 10:46:48 | Ep 21/50 | Loss 0.4988 Acc 80.78% | Val 0.6059 Acc 78.66% | 101.2s
2026-07-29 10:48:40 | Ep 22/50 | Loss 0.4688 Acc 81.14% | Val 0.5565 Acc 78.94% | 111.2s
2026-07-29 10:50:22 | Ep 23/50 | Loss 0.4517 Acc 82.22% | Val 0.5258 Acc 81.01% | 101.8s
2026-07-29 10:50:22 |   -> saved best
2026-07-29 10:52:02 | Ep 24/50 | Loss 0.4458 Acc 82.65% | Val 0.5422 Acc 79.31% | 100.5s
2026-07-29 10:53:44 | Ep 25/50 | Loss 0.4411 Acc 83.08% | Val 0.4996 Acc 81.14% | 101.6s
2026-07-29 10:53:44 |   -> saved best
2026-07-29 10:55:33 | Ep 26/50 | Loss 0.4405 Acc 83.01% | Val 0.5732 Acc 79.59% | 108.6s
2026-07-29 10:57:16 | Ep 27/50 | Loss 0.4210 Acc 83.54% | Val 0.5071 Acc 79.96% | 102.4s
2026-07-29 10:59:00 | Ep 28/50 | Loss 0.4114 Acc 83.76% | Val 0.5328 Acc 79.84% | 104.0s
2026-07-29 11:00:42 | Ep 29/50 | Loss 0.3961 Acc 84.73% | Val 0.5963 Acc 79.34% | 101.5s
2026-07-29 11:02:24 | Ep 30/50 | Loss 0.3849 Acc 84.77% | Val 0.5025 Acc 81.42% | 102.2s
2026-07-29 11:04:06 | Ep 31/50 | Loss 0.3849 Acc 85.07% | Val 0.4820 Acc 81.82% | 101.4s
2026-07-29 11:04:06 |   -> saved best
2026-07-29 11:05:51 | Ep 32/50 | Loss 0.3868 Acc 84.96% | Val 0.4738 Acc 82.93% | 104.7s
2026-07-29 11:05:51 |   -> saved best
2026-07-29 11:07:34 | Ep 33/50 | Loss 0.3813 Acc 85.40% | Val 0.4885 Acc 82.07% | 102.7s
2026-07-29 11:09:23 | Ep 34/50 | Loss 0.3623 Acc 85.89% | Val 0.4637 Acc 82.28% | 109.2s
2026-07-29 11:09:23 |   -> saved best
2026-07-29 11:11:05 | Ep 35/50 | Loss 0.3597 Acc 86.10% | Val 0.5029 Acc 81.51% | 101.8s
2026-07-29 11:12:47 | Ep 36/50 | Loss 0.3578 Acc 86.47% | Val 0.6067 Acc 80.15% | 101.0s
2026-07-29 11:14:29 | Ep 37/50 | Loss 0.3464 Acc 86.63% | Val 0.4828 Acc 81.60% | 102.7s
2026-07-29 11:16:12 | Ep 38/50 | Loss 0.3498 Acc 86.49% | Val 0.4767 Acc 82.56% | 102.8s
2026-07-29 11:17:53 | Ep 39/50 | Loss 0.3442 Acc 86.19% | Val 0.4963 Acc 82.28% | 100.4s
2026-07-29 11:19:38 | Ep 40/50 | Loss 0.3293 Acc 87.29% | Val 0.4913 Acc 82.65% | 104.9s
2026-07-29 11:21:26 | Ep 41/50 | Loss 0.3162 Acc 87.78% | Val 0.5309 Acc 81.20% | 107.1s
2026-07-29 11:23:06 | Ep 42/50 | Loss 0.3132 Acc 87.88% | Val 0.4390 Acc 83.70% | 100.4s
2026-07-29 11:23:06 |   -> saved best
2026-07-29 11:24:47 | Ep 43/50 | Loss 0.3045 Acc 88.03% | Val 0.4424 Acc 83.52% | 100.7s
2026-07-29 11:26:29 | Ep 44/50 | Loss 0.3078 Acc 87.95% | Val 0.4728 Acc 83.46% | 101.3s
2026-07-29 11:28:10 | Ep 45/50 | Loss 0.3072 Acc 88.18% | Val 0.4506 Acc 83.67% | 101.4s
2026-07-29 11:29:53 | Ep 46/50 | Loss 0.2910 Acc 88.64% | Val 0.5048 Acc 82.90% | 102.2s
2026-07-29 11:31:34 | Ep 47/50 | Loss 0.2911 Acc 88.99% | Val 0.6270 Acc 80.27% | 101.4s
2026-07-29 11:33:17 | Ep 48/50 | Loss 0.2757 Acc 89.25% | Val 0.4696 Acc 83.67% | 102.5s
2026-07-29 11:34:58 | Ep 49/50 | Loss 0.2702 Acc 89.58% | Val 0.4916 Acc 82.59% | 101.0s
2026-07-29 11:36:40 | Ep 50/50 | Loss 0.2903 Acc 88.77% | Val 0.4832 Acc 82.78% | 101.8s
2026-07-29 11:36:41 | Done in 86.83 min
2026-07-29 11:37:03 | 
================================================================================
2026-07-29 11:37:03 | TRAIN: ViT-B/16 | batch=64 | lr=1.00e-04 | classes=35
2026-07-29 11:37:03 | ================================================================================
2026-07-29 11:37:03 | Train samples: 12931 | Val samples: 3234
2026-07-29 11:39:02 | Ep 01/50 | Loss 1.7485 Acc 44.47% | Val 1.2329 Acc 58.57% | 118.8s
2026-07-29 11:39:03 |   -> saved best
2026-07-29 11:40:46 | Ep 02/50 | Loss 1.0410 Acc 63.03% | Val 0.9369 Acc 66.45% | 102.8s
2026-07-29 11:40:47 |   -> saved best
2026-07-29 11:42:39 | Ep 03/50 | Loss 0.9083 Acc 66.79% | Val 0.8333 Acc 68.83% | 111.2s
2026-07-29 11:42:39 |   -> saved best
2026-07-29 11:44:35 | Ep 04/50 | Loss 0.7992 Acc 70.54% | Val 0.7055 Acc 73.59% | 115.1s
2026-07-29 11:44:35 |   -> saved best
2026-07-29 11:46:21 | Ep 05/50 | Loss 0.7149 Acc 73.10% | Val 0.6745 Acc 73.56% | 103.0s
2026-07-29 11:46:22 |   -> saved best
2026-07-29 11:48:06 | Ep 06/50 | Loss 0.6690 Acc 75.02% | Val 0.6903 Acc 74.74% | 103.4s
2026-07-29 11:50:01 | Ep 07/50 | Loss 0.6266 Acc 76.11% | Val 0.6444 Acc 75.91% | 108.5s
2026-07-29 11:50:01 |   -> saved best
2026-07-29 11:51:46 | Ep 08/50 | Loss 0.6084 Acc 76.84% | Val 0.6306 Acc 76.10% | 104.2s
2026-07-29 11:51:46 |   -> saved best
2026-07-29 11:53:29 | Ep 09/50 | Loss 0.5694 Acc 78.11% | Val 0.5639 Acc 78.26% | 102.2s
2026-07-29 11:53:29 |   -> saved best
2026-07-29 11:55:14 | Ep 10/50 | Loss 0.5471 Acc 78.98% | Val 0.5497 Acc 79.34% | 103.5s
2026-07-29 11:55:14 |   -> saved best
2026-07-29 11:56:56 | Ep 11/50 | Loss 0.5313 Acc 79.64% | Val 0.5572 Acc 78.66% | 101.2s
2026-07-29 11:58:37 | Ep 12/50 | Loss 0.5078 Acc 80.45% | Val 0.5861 Acc 77.58% | 100.4s
2026-07-29 12:00:19 | Ep 13/50 | Loss 0.4935 Acc 80.85% | Val 0.5917 Acc 77.74% | 101.0s
2026-07-29 12:02:02 | Ep 14/50 | Loss 0.4883 Acc 81.37% | Val 0.5083 Acc 80.30% | 101.7s
2026-07-29 12:02:02 |   -> saved best
2026-07-29 12:03:44 | Ep 15/50 | Loss 0.4741 Acc 81.61% | Val 0.5244 Acc 79.90% | 101.4s
2026-07-29 12:05:27 | Ep 16/50 | Loss 0.4686 Acc 82.07% | Val 0.5096 Acc 80.80% | 102.2s
2026-07-29 12:07:10 | Ep 17/50 | Loss 0.4388 Acc 82.91% | Val 0.5263 Acc 80.02% | 101.5s
2026-07-29 12:08:52 | Ep 18/50 | Loss 0.4359 Acc 82.98% | Val 0.5112 Acc 80.30% | 101.9s
2026-07-29 12:10:32 | Ep 19/50 | Loss 0.4285 Acc 83.22% | Val 0.4680 Acc 82.25% | 99.1s
2026-07-29 12:10:32 |   -> saved best
2026-07-29 12:12:15 | Ep 20/50 | Loss 0.4065 Acc 84.21% | Val 0.5307 Acc 79.78% | 101.7s
2026-07-29 12:13:59 | Ep 21/50 | Loss 0.4051 Acc 84.28% | Val 0.4968 Acc 80.98% | 102.8s
2026-07-29 12:15:39 | Ep 22/50 | Loss 0.4088 Acc 84.34% | Val 0.4684 Acc 81.66% | 99.8s
2026-07-29 12:17:20 | Ep 23/50 | Loss 0.3990 Acc 84.68% | Val 0.5318 Acc 80.55% | 99.6s
2026-07-29 12:19:01 | Ep 24/50 | Loss 0.3920 Acc 84.71% | Val 0.4840 Acc 81.79% | 100.5s
2026-07-29 12:20:42 | Ep 25/50 | Loss 0.3743 Acc 85.64% | Val 0.4860 Acc 82.31% | 100.1s
2026-07-29 12:22:24 | Ep 26/50 | Loss 0.3660 Acc 85.99% | Val 0.4625 Acc 82.50% | 99.1s
2026-07-29 12:22:24 |   -> saved best
2026-07-29 12:24:12 | Ep 27/50 | Loss 0.3566 Acc 86.41% | Val 0.4954 Acc 81.82% | 107.1s
2026-07-29 12:25:54 | Ep 28/50 | Loss 0.3494 Acc 86.49% | Val 0.4872 Acc 81.97% | 100.8s
2026-07-29 12:27:36 | Ep 29/50 | Loss 0.3387 Acc 86.92% | Val 0.4943 Acc 82.65% | 101.4s
2026-07-29 12:29:17 | Ep 30/50 | Loss 0.3344 Acc 87.26% | Val 0.5318 Acc 81.66% | 100.1s
2026-07-29 12:30:59 | Ep 31/50 | Loss 0.3390 Acc 86.91% | Val 0.5058 Acc 81.51% | 100.8s
2026-07-29 12:32:40 | Ep 32/50 | Loss 0.3235 Acc 87.82% | Val 0.5121 Acc 81.88% | 100.8s
2026-07-29 12:34:19 | Ep 33/50 | Loss 0.3109 Acc 87.95% | Val 0.5060 Acc 81.63% | 98.0s
2026-07-29 12:35:59 | Ep 34/50 | Loss 0.3152 Acc 88.00% | Val 0.5353 Acc 80.71% | 98.7s
2026-07-29 12:37:40 | Ep 35/50 | Loss 0.3014 Acc 88.57% | Val 0.4697 Acc 82.75% | 100.2s
2026-07-29 12:39:21 | Ep 36/50 | Loss 0.2971 Acc 88.74% | Val 0.5335 Acc 80.98% | 100.2s
2026-07-29 12:41:01 | Ep 37/50 | Loss 0.3131 Acc 87.96% | Val 0.5009 Acc 81.82% | 98.8s
2026-07-29 12:42:40 | Ep 38/50 | Loss 0.2790 Acc 89.35% | Val 0.5393 Acc 80.83% | 98.2s
2026-07-29 12:44:22 | Ep 39/50 | Loss 0.2725 Acc 89.86% | Val 0.5368 Acc 81.88% | 101.5s
2026-07-29 12:46:01 | Ep 40/50 | Loss 0.2670 Acc 89.82% | Val 0.5494 Acc 80.52% | 98.1s
2026-07-29 12:47:50 | Ep 41/50 | Loss 0.2566 Acc 90.46% | Val 0.5228 Acc 82.03% | 101.5s
2026-07-29 12:47:50 |   Early stop at epoch 41
2026-07-29 12:47:50 | Done in 70.78 min
2026-07-29 12:48:13 | 
================================================================================
2026-07-29 12:48:13 | TRAIN: Swin-Tiny | batch=128 | lr=1.00e-04 | classes=35
2026-07-29 12:48:13 | ================================================================================
2026-07-29 12:48:13 | Train samples: 12931 | Val samples: 3234
2026-07-29 12:50:09 | Ep 01/50 | Loss 2.0992 Acc 36.53% | Val 1.5955 Acc 48.08% | 115.4s
2026-07-29 12:50:09 |   -> saved best
2026-07-29 12:51:52 | Ep 02/50 | Loss 1.4565 Acc 51.85% | Val 1.1645 Acc 60.45% | 102.1s
2026-07-29 12:51:52 |   -> saved best
2026-07-29 12:53:36 | Ep 03/50 | Loss 1.1284 Acc 61.12% | Val 0.9392 Acc 65.62% | 104.4s
2026-07-29 12:53:36 |   -> saved best
2026-07-29 12:55:19 | Ep 04/50 | Loss 0.9636 Acc 65.28% | Val 0.8440 Acc 70.13% | 101.9s
2026-07-29 12:55:19 |   -> saved best
2026-07-29 12:57:03 | Ep 05/50 | Loss 0.8560 Acc 68.90% | Val 0.7636 Acc 71.37% | 103.7s
2026-07-29 12:57:03 |   -> saved best
2026-07-29 12:58:44 | Ep 06/50 | Loss 0.7906 Acc 70.37% | Val 0.6678 Acc 75.05% | 101.0s
2026-07-29 12:58:44 |   -> saved best
2026-07-29 13:00:28 | Ep 07/50 | Loss 0.7308 Acc 72.85% | Val 0.6675 Acc 74.92% | 103.5s
2026-07-29 13:00:28 |   -> saved best
2026-07-29 13:02:13 | Ep 08/50 | Loss 0.6901 Acc 74.20% | Val 0.7138 Acc 73.59% | 104.6s
2026-07-29 13:03:55 | Ep 09/50 | Loss 0.6536 Acc 75.31% | Val 0.6271 Acc 76.19% | 101.5s
2026-07-29 13:03:55 |   -> saved best
2026-07-29 13:05:36 | Ep 10/50 | Loss 0.6133 Acc 77.03% | Val 0.5610 Acc 78.26% | 101.4s
2026-07-29 13:05:37 |   -> saved best
2026-07-29 13:07:20 | Ep 11/50 | Loss 0.5701 Acc 78.24% | Val 0.5311 Acc 79.31% | 103.0s
2026-07-29 13:07:20 |   -> saved best
2026-07-29 13:09:04 | Ep 12/50 | Loss 0.5685 Acc 78.49% | Val 0.5279 Acc 80.24% | 104.0s
2026-07-29 13:09:04 |   -> saved best
2026-07-29 13:10:52 | Ep 13/50 | Loss 0.5294 Acc 79.80% | Val 0.5422 Acc 79.90% | 107.0s
2026-07-29 13:12:33 | Ep 14/50 | Loss 0.5140 Acc 80.59% | Val 0.5033 Acc 80.02% | 101.2s
2026-07-29 13:12:33 |   -> saved best
2026-07-29 13:14:17 | Ep 15/50 | Loss 0.5057 Acc 81.06% | Val 0.4807 Acc 81.35% | 103.1s
2026-07-29 13:14:17 |   -> saved best
2026-07-29 13:15:57 | Ep 16/50 | Loss 0.4969 Acc 80.96% | Val 0.4982 Acc 81.42% | 100.3s
2026-07-29 13:17:40 | Ep 17/50 | Loss 0.4801 Acc 81.44% | Val 0.4651 Acc 81.91% | 102.1s
2026-07-29 13:17:40 |   -> saved best
2026-07-29 13:19:26 | Ep 18/50 | Loss 0.4503 Acc 83.04% | Val 0.4694 Acc 82.44% | 105.7s
2026-07-29 13:21:09 | Ep 19/50 | Loss 0.4499 Acc 82.80% | Val 0.4650 Acc 82.68% | 102.9s
2026-07-29 13:21:09 |   -> saved best
2026-07-29 13:22:57 | Ep 20/50 | Loss 0.4386 Acc 83.19% | Val 0.4446 Acc 82.65% | 107.1s
2026-07-29 13:22:57 |   -> saved best
2026-07-29 13:24:38 | Ep 21/50 | Loss 0.4316 Acc 83.49% | Val 0.4488 Acc 82.53% | 100.9s
2026-07-29 13:26:19 | Ep 22/50 | Loss 0.4118 Acc 84.17% | Val 0.4281 Acc 82.62% | 100.9s
2026-07-29 13:26:19 |   -> saved best
2026-07-29 13:28:01 | Ep 23/50 | Loss 0.3971 Acc 84.72% | Val 0.4136 Acc 84.17% | 101.3s
2026-07-29 13:28:01 |   -> saved best
2026-07-29 13:29:41 | Ep 24/50 | Loss 0.3951 Acc 84.89% | Val 0.4218 Acc 83.43% | 100.3s
2026-07-29 13:31:22 | Ep 25/50 | Loss 0.3952 Acc 85.24% | Val 0.4225 Acc 83.92% | 100.8s
2026-07-29 13:33:04 | Ep 26/50 | Loss 0.3845 Acc 85.48% | Val 0.4154 Acc 84.11% | 101.3s
2026-07-29 13:34:44 | Ep 27/50 | Loss 0.3754 Acc 85.67% | Val 0.4142 Acc 84.17% | 99.8s
2026-07-29 13:36:26 | Ep 28/50 | Loss 0.3695 Acc 85.88% | Val 0.4052 Acc 84.79% | 101.8s
2026-07-29 13:36:26 |   -> saved best
2026-07-29 13:38:15 | Ep 29/50 | Loss 0.3597 Acc 86.18% | Val 0.4000 Acc 85.10% | 108.7s
2026-07-29 13:38:15 |   -> saved best
2026-07-29 13:40:04 | Ep 30/50 | Loss 0.3562 Acc 86.41% | Val 0.4145 Acc 84.57% | 108.1s
2026-07-29 13:41:51 | Ep 31/50 | Loss 0.3485 Acc 86.64% | Val 0.3781 Acc 85.16% | 106.8s
2026-07-29 13:41:51 |   -> saved best
2026-07-29 13:43:38 | Ep 32/50 | Loss 0.3476 Acc 87.08% | Val 0.3880 Acc 84.97% | 107.2s
2026-07-29 13:45:22 | Ep 33/50 | Loss 0.3353 Acc 87.36% | Val 0.3958 Acc 84.85% | 102.9s
2026-07-29 13:47:04 | Ep 34/50 | Loss 0.3295 Acc 87.62% | Val 0.4069 Acc 84.42% | 102.6s
2026-07-29 13:48:48 | Ep 35/50 | Loss 0.3346 Acc 87.31% | Val 0.4010 Acc 84.57% | 103.5s
2026-07-29 13:50:32 | Ep 36/50 | Loss 0.3318 Acc 87.18% | Val 0.3704 Acc 85.10% | 103.2s
2026-07-29 13:50:32 |   -> saved best
2026-07-29 13:52:16 | Ep 37/50 | Loss 0.3214 Acc 87.94% | Val 0.3937 Acc 84.69% | 103.7s
2026-07-29 13:54:03 | Ep 38/50 | Loss 0.3201 Acc 87.94% | Val 0.3945 Acc 85.25% | 106.8s
2026-07-29 13:55:47 | Ep 39/50 | Loss 0.3024 Acc 88.65% | Val 0.3744 Acc 86.12% | 103.7s
2026-07-29 13:57:36 | Ep 40/50 | Loss 0.2978 Acc 88.61% | Val 0.3771 Acc 85.90% | 108.8s
2026-07-29 14:00:34 | Ep 41/50 | Loss 0.2955 Acc 88.77% | Val 0.4075 Acc 84.23% | 177.5s
2026-07-29 14:03:30 | Ep 42/50 | Loss 0.3092 Acc 88.26% | Val 0.3660 Acc 85.50% | 176.0s
2026-07-29 14:03:31 |   -> saved best
2026-07-29 14:06:26 | Ep 43/50 | Loss 0.2911 Acc 88.95% | Val 0.3645 Acc 86.73% | 174.6s
2026-07-29 14:06:26 |   -> saved best
2026-07-29 14:09:22 | Ep 44/50 | Loss 0.2921 Acc 89.06% | Val 0.3579 Acc 86.39% | 175.6s
2026-07-29 14:09:22 |   -> saved best
2026-07-29 14:11:59 | Ep 45/50 | Loss 0.2855 Acc 88.95% | Val 0.3866 Acc 85.00% | 156.6s
2026-07-29 14:13:54 | Ep 46/50 | Loss 0.2790 Acc 89.63% | Val 0.3960 Acc 85.31% | 115.1s
2026-07-29 14:15:42 | Ep 47/50 | Loss 0.2795 Acc 89.10% | Val 0.3940 Acc 85.75% | 107.4s
2026-07-29 14:17:30 | Ep 48/50 | Loss 0.2671 Acc 89.70% | Val 0.3512 Acc 86.67% | 107.0s
2026-07-29 14:17:30 |   -> saved best
2026-07-29 14:19:17 | Ep 49/50 | Loss 0.2718 Acc 89.59% | Val 0.3805 Acc 87.04% | 106.8s
2026-07-29 14:21:57 | Ep 50/50 | Loss 0.2698 Acc 89.87% | Val 0.3846 Acc 85.68% | 159.6s
2026-07-29 14:21:57 | Done in 93.72 min
2026-07-29 14:22:35 | 
================================================================================
2026-07-29 14:22:35 | TRAIN: DeiT-Small | batch=128 | lr=1.00e-04 | classes=35
2026-07-29 14:22:35 | ================================================================================
2026-07-29 14:22:36 | Train samples: 12931 | Val samples: 3234
2026-07-29 14:24:45 | Ep 01/50 | Loss 1.9669 Acc 40.83% | Val 1.3993 Acc 55.26% | 128.9s
2026-07-29 14:24:45 |   -> saved best
2026-07-29 14:26:37 | Ep 02/50 | Loss 1.2373 Acc 59.32% | Val 1.0292 Acc 64.75% | 112.3s
2026-07-29 14:26:37 |   -> saved best
2026-07-29 14:28:30 | Ep 03/50 | Loss 1.0063 Acc 65.35% | Val 0.9344 Acc 65.68% | 111.8s
2026-07-29 14:28:30 |   -> saved best
2026-07-29 14:30:20 | Ep 04/50 | Loss 0.9249 Acc 67.24% | Val 0.8636 Acc 69.67% | 109.7s
2026-07-29 14:30:20 |   -> saved best
2026-07-29 14:32:19 | Ep 05/50 | Loss 0.8594 Acc 68.77% | Val 0.8022 Acc 70.07% | 119.4s
2026-07-29 14:32:19 |   -> saved best
2026-07-29 14:34:10 | Ep 06/50 | Loss 0.7895 Acc 71.36% | Val 0.7680 Acc 71.37% | 110.3s
2026-07-29 14:34:10 |   -> saved best
2026-07-29 14:36:59 | Ep 07/50 | Loss 0.7343 Acc 73.25% | Val 0.6953 Acc 74.77% | 168.5s
2026-07-29 14:36:59 |   -> saved best
2026-07-29 14:39:10 | Ep 08/50 | Loss 0.7080 Acc 73.72% | Val 0.7237 Acc 72.57% | 130.7s
2026-07-29 14:41:01 | Ep 09/50 | Loss 0.6641 Acc 75.26% | Val 0.6266 Acc 75.91% | 111.0s
2026-07-29 14:41:01 |   -> saved best
2026-07-29 14:42:48 | Ep 10/50 | Loss 0.6182 Acc 77.09% | Val 0.6201 Acc 76.53% | 106.3s
2026-07-29 14:42:48 |   -> saved best
2026-07-29 14:44:35 | Ep 11/50 | Loss 0.5876 Acc 77.89% | Val 0.6055 Acc 76.56% | 106.7s
2026-07-29 14:44:35 |   -> saved best
2026-07-29 14:46:27 | Ep 12/50 | Loss 0.5740 Acc 78.36% | Val 0.5740 Acc 77.83% | 111.5s
2026-07-29 14:46:27 |   -> saved best
2026-07-29 14:48:17 | Ep 13/50 | Loss 0.5531 Acc 79.20% | Val 0.6037 Acc 77.52% | 109.7s
2026-07-29 14:49:59 | Ep 14/50 | Loss 0.5224 Acc 79.93% | Val 0.5814 Acc 78.42% | 102.0s
2026-07-29 14:51:43 | Ep 15/50 | Loss 0.5099 Acc 80.65% | Val 0.5407 Acc 79.22% | 103.7s
2026-07-29 14:51:43 |   -> saved best
2026-07-29 14:53:25 | Ep 16/50 | Loss 0.5074 Acc 80.70% | Val 0.5691 Acc 78.39% | 101.5s
2026-07-29 14:55:08 | Ep 17/50 | Loss 0.4826 Acc 81.64% | Val 0.5450 Acc 79.16% | 103.2s
2026-07-29 14:56:50 | Ep 18/50 | Loss 0.4740 Acc 82.09% | Val 0.5514 Acc 79.41% | 101.3s
2026-07-29 14:58:33 | Ep 19/50 | Loss 0.4602 Acc 82.77% | Val 0.5141 Acc 79.90% | 103.4s
2026-07-29 14:58:33 |   -> saved best
2026-07-29 15:00:16 | Ep 20/50 | Loss 0.4484 Acc 82.99% | Val 0.5553 Acc 79.44% | 102.1s
2026-07-29 15:01:59 | Ep 21/50 | Loss 0.4388 Acc 83.26% | Val 0.5241 Acc 80.49% | 103.2s
2026-07-29 15:03:47 | Ep 22/50 | Loss 0.4341 Acc 83.41% | Val 0.5028 Acc 80.46% | 107.6s
2026-07-29 15:03:47 |   -> saved best
2026-07-29 15:05:36 | Ep 23/50 | Loss 0.4226 Acc 84.03% | Val 0.5444 Acc 79.38% | 108.6s
2026-07-29 15:07:24 | Ep 24/50 | Loss 0.4151 Acc 83.82% | Val 0.4946 Acc 81.69% | 107.5s
2026-07-29 15:07:24 |   -> saved best
2026-07-29 15:09:12 | Ep 25/50 | Loss 0.4051 Acc 84.66% | Val 0.5143 Acc 80.55% | 108.3s
2026-07-29 15:11:00 | Ep 26/50 | Loss 0.3940 Acc 84.73% | Val 0.5054 Acc 81.05% | 107.3s
2026-07-29 15:12:48 | Ep 27/50 | Loss 0.3803 Acc 85.18% | Val 0.4868 Acc 81.48% | 107.8s
2026-07-29 15:12:48 |   -> saved best
2026-07-29 15:14:58 | Ep 28/50 | Loss 0.3800 Acc 85.34% | Val 0.5483 Acc 80.67% | 130.3s
2026-07-29 15:16:47 | Ep 29/50 | Loss 0.3676 Acc 85.93% | Val 0.4841 Acc 81.54% | 108.1s
2026-07-29 15:16:47 |   -> saved best
2026-07-29 15:18:37 | Ep 30/50 | Loss 0.3573 Acc 86.38% | Val 0.5173 Acc 80.46% | 109.7s
2026-07-29 15:20:25 | Ep 31/50 | Loss 0.3639 Acc 85.96% | Val 0.4768 Acc 82.53% | 107.7s
2026-07-29 15:20:25 |   -> saved best
2026-07-29 15:22:13 | Ep 32/50 | Loss 0.3643 Acc 86.22% | Val 0.4537 Acc 82.90% | 108.3s
2026-07-29 15:22:13 |   -> saved best
2026-07-29 15:24:01 | Ep 33/50 | Loss 0.3344 Acc 87.04% | Val 0.4996 Acc 81.66% | 107.3s
2026-07-29 15:25:51 | Ep 34/50 | Loss 0.3271 Acc 87.36% | Val 0.4808 Acc 82.37% | 110.0s
2026-07-29 15:27:39 | Ep 35/50 | Loss 0.3343 Acc 87.23% | Val 0.4695 Acc 82.25% | 107.6s
2026-07-29 15:29:27 | Ep 36/50 | Loss 0.3203 Acc 87.76% | Val 0.4519 Acc 82.87% | 107.3s
2026-07-29 15:29:27 |   -> saved best
2026-07-29 15:31:17 | Ep 37/50 | Loss 0.3189 Acc 87.89% | Val 0.4769 Acc 82.25% | 110.0s
2026-07-29 15:33:07 | Ep 38/50 | Loss 0.3143 Acc 88.16% | Val 0.5030 Acc 81.73% | 110.0s
2026-07-29 15:34:54 | Ep 39/50 | Loss 0.3072 Acc 88.27% | Val 0.4774 Acc 82.37% | 106.6s
2026-07-29 15:36:45 | Ep 40/50 | Loss 0.2899 Acc 88.80% | Val 0.4756 Acc 82.78% | 111.1s
2026-07-29 15:38:34 | Ep 41/50 | Loss 0.2926 Acc 88.95% | Val 0.4679 Acc 82.34% | 108.6s
2026-07-29 15:40:21 | Ep 42/50 | Loss 0.2828 Acc 89.29% | Val 0.4707 Acc 82.68% | 106.1s
2026-07-29 15:42:06 | Ep 43/50 | Loss 0.2811 Acc 89.47% | Val 0.5068 Acc 82.53% | 105.6s
2026-07-29 15:43:53 | Ep 44/50 | Loss 0.2808 Acc 89.63% | Val 0.4836 Acc 83.15% | 106.5s
2026-07-29 15:45:40 | Ep 45/50 | Loss 0.2645 Acc 89.90% | Val 0.4768 Acc 83.02% | 106.6s
2026-07-29 15:47:27 | Ep 46/50 | Loss 0.2539 Acc 90.48% | Val 0.5318 Acc 82.03% | 106.6s
2026-07-29 15:49:12 | Ep 47/50 | Loss 0.2607 Acc 90.32% | Val 0.4837 Acc 83.15% | 105.3s
2026-07-29 15:50:57 | Ep 48/50 | Loss 0.2416 Acc 90.62% | Val 0.4881 Acc 83.18% | 104.7s
2026-07-29 15:52:43 | Ep 49/50 | Loss 0.2490 Acc 90.77% | Val 0.5466 Acc 82.71% | 105.0s
2026-07-29 15:54:29 | Ep 50/50 | Loss 0.2465 Acc 90.73% | Val 0.5294 Acc 81.57% | 105.9s
2026-07-29 15:54:29 | Done in 91.88 min
2026-07-29 15:54:53 | 
================================================================================
2026-07-29 15:54:53 | TRAIN: MobileViT-S | batch=128 | lr=1.00e-04 | classes=35
2026-07-29 15:54:53 | ================================================================================
2026-07-29 15:54:53 | Train samples: 12931 | Val samples: 3234
2026-07-29 15:57:14 | Ep 01/50 | Loss 2.5335 Acc 31.40% | Val 1.8999 Acc 40.17% | 140.5s
2026-07-29 15:57:14 |   -> saved best
2026-07-29 15:59:19 | Ep 02/50 | Loss 1.6992 Acc 44.86% | Val 1.4982 Acc 50.53% | 124.8s
2026-07-29 15:59:19 |   -> saved best
2026-07-29 16:01:14 | Ep 03/50 | Loss 1.3940 Acc 53.18% | Val 1.2458 Acc 58.16% | 115.1s
2026-07-29 16:01:14 |   -> saved best
2026-07-29 16:03:05 | Ep 04/50 | Loss 1.2214 Acc 57.86% | Val 1.1384 Acc 59.49% | 110.8s
2026-07-29 16:03:05 |   -> saved best
2026-07-29 16:04:59 | Ep 05/50 | Loss 1.1067 Acc 61.07% | Val 1.0068 Acc 63.30% | 114.3s
2026-07-29 16:04:59 |   -> saved best
2026-07-29 16:06:49 | Ep 06/50 | Loss 1.0057 Acc 64.50% | Val 0.9602 Acc 64.47% | 109.9s
2026-07-29 16:06:49 |   -> saved best
2026-07-29 16:08:42 | Ep 07/50 | Loss 0.9303 Acc 66.46% | Val 0.8358 Acc 69.48% | 112.1s
2026-07-29 16:08:42 |   -> saved best
2026-07-29 16:10:33 | Ep 08/50 | Loss 0.8761 Acc 68.05% | Val 0.8213 Acc 70.04% | 111.7s
2026-07-29 16:10:33 |   -> saved best
2026-07-29 16:12:24 | Ep 09/50 | Loss 0.8188 Acc 70.01% | Val 0.7507 Acc 71.89% | 110.0s
2026-07-29 16:12:24 |   -> saved best
2026-07-29 16:14:15 | Ep 10/50 | Loss 0.7781 Acc 71.36% | Val 0.6861 Acc 74.37% | 110.9s
2026-07-29 16:14:15 |   -> saved best
2026-07-29 16:16:00 | Ep 11/50 | Loss 0.7335 Acc 72.50% | Val 0.6775 Acc 74.18% | 105.6s
2026-07-29 16:16:00 |   -> saved best
2026-07-29 16:17:47 | Ep 12/50 | Loss 0.7081 Acc 73.58% | Val 0.6774 Acc 73.96% | 106.3s
2026-07-29 16:17:47 |   -> saved best
2026-07-29 16:19:36 | Ep 13/50 | Loss 0.6819 Acc 74.06% | Val 0.6821 Acc 74.06% | 109.2s
2026-07-29 16:21:18 | Ep 14/50 | Loss 0.6535 Acc 75.17% | Val 0.6314 Acc 75.91% | 102.0s
2026-07-29 16:21:18 |   -> saved best
2026-07-29 16:23:02 | Ep 15/50 | Loss 0.6350 Acc 76.12% | Val 0.5907 Acc 77.43% | 104.0s
2026-07-29 16:23:02 |   -> saved best
2026-07-29 16:24:44 | Ep 16/50 | Loss 0.6206 Acc 76.69% | Val 0.5857 Acc 77.98% | 101.5s
2026-07-29 16:24:44 |   -> saved best
2026-07-29 16:26:29 | Ep 17/50 | Loss 0.6082 Acc 76.44% | Val 0.5780 Acc 78.45% | 104.6s
2026-07-29 16:26:29 |   -> saved best
2026-07-29 16:28:11 | Ep 18/50 | Loss 0.5815 Acc 77.68% | Val 0.5533 Acc 79.41% | 102.0s
2026-07-29 16:28:11 |   -> saved best
2026-07-29 16:29:55 | Ep 19/50 | Loss 0.5647 Acc 78.55% | Val 0.5395 Acc 79.99% | 103.8s
2026-07-29 16:29:55 |   -> saved best
2026-07-29 16:31:37 | Ep 20/50 | Loss 0.5501 Acc 78.98% | Val 0.5190 Acc 80.24% | 101.5s
2026-07-29 16:31:37 |   -> saved best
2026-07-29 16:33:19 | Ep 21/50 | Loss 0.5446 Acc 79.38% | Val 0.5141 Acc 80.09% | 102.0s
2026-07-29 16:33:19 |   -> saved best
2026-07-29 16:35:01 | Ep 22/50 | Loss 0.5199 Acc 80.17% | Val 0.5130 Acc 80.77% | 102.2s
2026-07-29 16:35:01 |   -> saved best
2026-07-29 16:36:44 | Ep 23/50 | Loss 0.5125 Acc 80.22% | Val 0.5067 Acc 80.24% | 102.4s
2026-07-29 16:36:44 |   -> saved best
2026-07-29 16:38:26 | Ep 24/50 | Loss 0.4946 Acc 80.99% | Val 0.4901 Acc 81.42% | 102.1s
2026-07-29 16:38:26 |   -> saved best
2026-07-29 16:40:08 | Ep 25/50 | Loss 0.4892 Acc 81.04% | Val 0.4845 Acc 81.85% | 102.5s
2026-07-29 16:40:08 |   -> saved best
2026-07-29 16:41:51 | Ep 26/50 | Loss 0.4862 Acc 81.30% | Val 0.4807 Acc 81.82% | 102.5s
2026-07-29 16:41:51 |   -> saved best
2026-07-29 16:43:33 | Ep 27/50 | Loss 0.4766 Acc 81.75% | Val 0.4781 Acc 81.94% | 102.0s
2026-07-29 16:43:33 |   -> saved best
2026-07-29 16:45:16 | Ep 28/50 | Loss 0.4690 Acc 81.71% | Val 0.4659 Acc 81.88% | 102.9s
2026-07-29 16:45:16 |   -> saved best
2026-07-29 16:46:58 | Ep 29/50 | Loss 0.4550 Acc 82.44% | Val 0.4706 Acc 82.10% | 102.0s
2026-07-29 16:48:41 | Ep 30/50 | Loss 0.4435 Acc 82.68% | Val 0.4677 Acc 81.88% | 102.6s
2026-07-29 16:50:23 | Ep 31/50 | Loss 0.4349 Acc 83.38% | Val 0.4609 Acc 82.65% | 102.0s
2026-07-29 16:50:23 |   -> saved best
2026-07-29 16:52:04 | Ep 32/50 | Loss 0.4434 Acc 82.77% | Val 0.4369 Acc 83.27% | 101.3s
2026-07-29 16:52:05 |   -> saved best
2026-07-29 16:53:46 | Ep 33/50 | Loss 0.4342 Acc 83.15% | Val 0.4640 Acc 82.22% | 100.9s
2026-07-29 16:55:29 | Ep 34/50 | Loss 0.4193 Acc 83.73% | Val 0.4338 Acc 83.09% | 103.3s
2026-07-29 16:55:29 |   -> saved best
2026-07-29 16:57:12 | Ep 35/50 | Loss 0.4158 Acc 84.04% | Val 0.4438 Acc 82.87% | 102.8s
2026-07-29 16:58:54 | Ep 36/50 | Loss 0.4133 Acc 83.94% | Val 0.4505 Acc 83.09% | 101.6s
2026-07-29 17:00:37 | Ep 37/50 | Loss 0.3970 Acc 84.58% | Val 0.4484 Acc 83.58% | 103.3s
2026-07-29 17:02:22 | Ep 38/50 | Loss 0.3966 Acc 84.62% | Val 0.4181 Acc 83.52% | 104.3s
2026-07-29 17:02:22 |   -> saved best
2026-07-29 17:04:04 | Ep 39/50 | Loss 0.3927 Acc 84.55% | Val 0.4275 Acc 83.30% | 101.9s
2026-07-29 17:05:48 | Ep 40/50 | Loss 0.3795 Acc 85.69% | Val 0.4373 Acc 83.49% | 103.9s
2026-07-29 17:07:30 | Ep 41/50 | Loss 0.3757 Acc 85.32% | Val 0.4267 Acc 83.52% | 102.2s
2026-07-29 17:09:13 | Ep 42/50 | Loss 0.3723 Acc 85.55% | Val 0.4052 Acc 84.32% | 102.6s
2026-07-29 17:09:13 |   -> saved best
2026-07-29 17:10:56 | Ep 43/50 | Loss 0.3680 Acc 85.57% | Val 0.4327 Acc 83.27% | 103.2s
2026-07-29 17:12:40 | Ep 44/50 | Loss 0.3573 Acc 86.40% | Val 0.4127 Acc 83.74% | 104.1s
2026-07-29 17:14:24 | Ep 45/50 | Loss 0.3543 Acc 86.47% | Val 0.4353 Acc 83.86% | 104.1s
2026-07-29 17:16:09 | Ep 46/50 | Loss 0.3546 Acc 86.17% | Val 0.4188 Acc 84.42% | 104.6s
2026-07-29 17:17:52 | Ep 47/50 | Loss 0.3523 Acc 86.38% | Val 0.4134 Acc 83.89% | 103.3s
2026-07-29 17:19:35 | Ep 48/50 | Loss 0.3380 Acc 87.21% | Val 0.3952 Acc 84.26% | 102.9s
2026-07-29 17:19:35 |   -> saved best
2026-07-29 17:21:19 | Ep 49/50 | Loss 0.3337 Acc 86.94% | Val 0.4240 Acc 83.98% | 103.2s
2026-07-29 17:23:03 | Ep 50/50 | Loss 0.3318 Acc 87.13% | Val 0.4048 Acc 84.08% | 104.1s
2026-07-29 17:23:03 | Done in 88.16 min
2026-07-29 17:23:26 | 
================================================================================
2026-07-29 17:23:26 | TRAIN: ConvNeXt-Base | batch=64 | lr=1.00e-04 | classes=35
2026-07-29 17:23:26 | ================================================================================
2026-07-29 17:23:27 | Train samples: 12931 | Val samples: 3234
2026-07-29 17:25:48 | Ep 01/50 | Loss 2.4377 Acc 29.06% | Val 2.1277 Acc 35.22% | 140.6s
2026-07-29 17:25:48 |   -> saved best
2026-07-29 17:27:38 | Ep 02/50 | Loss 1.7941 Acc 41.88% | Val 1.5659 Acc 47.87% | 108.3s
2026-07-29 17:27:38 |   -> saved best
2026-07-29 17:29:27 | Ep 03/50 | Loss 1.4929 Acc 50.09% | Val 1.2829 Acc 55.29% | 108.3s
2026-07-29 17:29:27 |   -> saved best
2026-07-29 17:31:26 | Ep 04/50 | Loss 1.3417 Acc 54.01% | Val 1.2241 Acc 57.51% | 110.1s
2026-07-29 17:31:27 |   -> saved best
2026-07-29 17:33:17 | Ep 05/50 | Loss 1.2435 Acc 56.93% | Val 1.1255 Acc 60.58% | 109.5s
2026-07-29 17:33:17 |   -> saved best
2026-07-29 17:35:07 | Ep 06/50 | Loss 1.1682 Acc 59.04% | Val 1.0385 Acc 63.11% | 108.7s
2026-07-29 17:35:07 |   -> saved best
2026-07-29 17:37:10 | Ep 07/50 | Loss 1.0969 Acc 61.53% | Val 1.0139 Acc 63.61% | 111.8s
2026-07-29 17:37:10 |   -> saved best
2026-07-29 17:39:07 | Ep 08/50 | Loss 1.0552 Acc 62.58% | Val 0.9304 Acc 66.30% | 115.3s
2026-07-29 17:39:07 |   -> saved best
2026-07-29 17:40:56 | Ep 09/50 | Loss 1.0161 Acc 63.78% | Val 0.8999 Acc 67.90% | 107.8s
2026-07-29 17:40:56 |   -> saved best
2026-07-29 17:43:13 | Ep 10/50 | Loss 0.9868 Acc 64.94% | Val 0.9116 Acc 64.56% | 124.9s
2026-07-29 17:45:01 | Ep 11/50 | Loss 0.9380 Acc 66.02% | Val 0.8454 Acc 69.70% | 107.3s
2026-07-29 17:45:01 |   -> saved best
2026-07-29 17:46:50 | Ep 12/50 | Loss 0.9284 Acc 66.38% | Val 0.8320 Acc 69.29% | 107.9s
2026-07-29 17:46:51 |   -> saved best
2026-07-29 17:48:46 | Ep 13/50 | Loss 0.8760 Acc 68.05% | Val 0.8148 Acc 70.62% | 114.1s
2026-07-29 17:48:46 |   -> saved best
2026-07-29 17:50:41 | Ep 14/50 | Loss 0.8678 Acc 68.29% | Val 0.8439 Acc 70.32% | 110.4s
2026-07-29 17:52:29 | Ep 15/50 | Loss 0.8459 Acc 68.80% | Val 0.7473 Acc 73.01% | 107.6s
2026-07-29 17:52:30 |   -> saved best
2026-07-29 17:54:21 | Ep 16/50 | Loss 0.8151 Acc 69.69% | Val 0.7674 Acc 69.98% | 110.3s
2026-07-29 17:56:10 | Ep 17/50 | Loss 0.7981 Acc 70.26% | Val 0.7306 Acc 71.37% | 108.8s
2026-07-29 17:56:11 |   -> saved best
2026-07-29 17:58:15 | Ep 18/50 | Loss 0.7687 Acc 71.25% | Val 0.7562 Acc 71.86% | 119.3s
2026-07-29 18:00:03 | Ep 19/50 | Loss 0.7591 Acc 71.20% | Val 0.7212 Acc 72.11% | 107.4s
2026-07-29 18:00:03 |   -> saved best
2026-07-29 18:01:52 | Ep 20/50 | Loss 0.7319 Acc 72.54% | Val 0.6839 Acc 74.64% | 107.7s
2026-07-29 18:01:52 |   -> saved best
2026-07-29 18:03:45 | Ep 21/50 | Loss 0.7116 Acc 73.38% | Val 0.6628 Acc 75.23% | 112.1s
2026-07-29 18:03:45 |   -> saved best
2026-07-29 18:05:34 | Ep 22/50 | Loss 0.6961 Acc 73.36% | Val 0.6888 Acc 74.30% | 107.9s
2026-07-29 18:07:22 | Ep 23/50 | Loss 0.6796 Acc 74.16% | Val 0.6782 Acc 73.53% | 106.9s
2026-07-29 18:09:13 | Ep 24/50 | Loss 0.6687 Acc 74.55% | Val 0.6372 Acc 75.88% | 110.4s
2026-07-29 18:09:13 |   -> saved best
2026-07-29 18:11:07 | Ep 25/50 | Loss 0.6552 Acc 75.05% | Val 0.6182 Acc 75.82% | 113.0s
2026-07-29 18:11:08 |   -> saved best
2026-07-29 18:12:58 | Ep 26/50 | Loss 0.6254 Acc 75.97% | Val 0.6202 Acc 76.38% | 108.7s
2026-07-29 18:14:59 | Ep 27/50 | Loss 0.6224 Acc 76.01% | Val 0.6010 Acc 76.90% | 111.4s
2026-07-29 18:14:59 |   -> saved best
2026-07-29 18:16:47 | Ep 28/50 | Loss 0.6096 Acc 76.76% | Val 0.6127 Acc 76.44% | 107.4s
2026-07-29 18:18:36 | Ep 29/50 | Loss 0.5859 Acc 77.55% | Val 0.5842 Acc 77.64% | 108.4s
2026-07-29 18:18:37 |   -> saved best
2026-07-29 18:20:27 | Ep 30/50 | Loss 0.5851 Acc 77.61% | Val 0.5599 Acc 78.14% | 109.9s
2026-07-29 18:20:28 |   -> saved best
2026-07-29 18:22:34 | Ep 31/50 | Loss 0.5691 Acc 77.92% | Val 0.5682 Acc 77.92% | 108.8s
2026-07-29 18:24:23 | Ep 32/50 | Loss 0.5597 Acc 77.95% | Val 0.5639 Acc 78.63% | 108.2s
2026-07-29 18:26:11 | Ep 33/50 | Loss 0.5423 Acc 79.12% | Val 0.5489 Acc 79.13% | 106.2s
2026-07-29 18:26:11 |   -> saved best
2026-07-29 18:27:59 | Ep 34/50 | Loss 0.5370 Acc 78.93% | Val 0.5463 Acc 78.60% | 107.0s
2026-07-29 18:27:59 |   -> saved best
2026-07-29 18:29:53 | Ep 35/50 | Loss 0.5363 Acc 79.01% | Val 0.5357 Acc 79.22% | 111.3s
2026-07-29 18:29:53 |   -> saved best
2026-07-29 18:31:43 | Ep 36/50 | Loss 0.5227 Acc 79.54% | Val 0.5552 Acc 77.95% | 108.9s
2026-07-29 18:33:31 | Ep 37/50 | Loss 0.5095 Acc 80.17% | Val 0.5304 Acc 79.41% | 107.6s
2026-07-29 18:33:32 |   -> saved best
2026-07-29 18:35:20 | Ep 38/50 | Loss 0.5006 Acc 80.19% | Val 0.5361 Acc 78.45% | 107.2s
2026-07-29 18:37:16 | Ep 39/50 | Loss 0.5031 Acc 80.15% | Val 0.5295 Acc 79.00% | 109.4s
2026-07-29 18:37:16 |   -> saved best
2026-07-29 18:39:04 | Ep 40/50 | Loss 0.4954 Acc 80.86% | Val 0.5161 Acc 79.62% | 107.4s
2026-07-29 18:39:05 |   -> saved best
2026-07-29 18:40:55 | Ep 41/50 | Loss 0.4795 Acc 81.03% | Val 0.5093 Acc 79.81% | 109.7s
2026-07-29 18:40:56 |   -> saved best
2026-07-29 18:42:48 | Ep 42/50 | Loss 0.4711 Acc 81.60% | Val 0.5369 Acc 78.94% | 111.6s
2026-07-29 18:44:37 | Ep 43/50 | Loss 0.4625 Acc 81.98% | Val 0.5359 Acc 79.16% | 108.3s
2026-07-29 18:46:27 | Ep 44/50 | Loss 0.4613 Acc 82.08% | Val 0.4968 Acc 80.71% | 109.1s
2026-07-29 18:46:28 |   -> saved best
2026-07-29 18:48:21 | Ep 45/50 | Loss 0.4476 Acc 82.29% | Val 0.4926 Acc 80.80% | 112.9s
2026-07-29 18:48:22 |   -> saved best
2026-07-29 18:50:16 | Ep 46/50 | Loss 0.4413 Acc 82.77% | Val 0.5071 Acc 80.15% | 113.6s
2026-07-29 18:52:11 | Ep 47/50 | Loss 0.4480 Acc 82.52% | Val 0.5090 Acc 79.41% | 113.6s
2026-07-29 18:54:09 | Ep 48/50 | Loss 0.4310 Acc 83.25% | Val 0.4739 Acc 81.91% | 117.2s
2026-07-29 18:54:09 |   -> saved best
2026-07-29 18:56:02 | Ep 49/50 | Loss 0.4312 Acc 83.02% | Val 0.4833 Acc 80.95% | 112.5s
2026-07-29 18:57:54 | Ep 50/50 | Loss 0.4149 Acc 83.80% | Val 0.4861 Acc 80.74% | 111.0s
2026-07-29 18:57:55 | Done in 94.46 min
2026-07-29 18:58:20 | 
================================================================================
2026-07-29 18:58:20 | FINAL SUMMARY -- PlantRaw Dataset (Single Run)
2026-07-29 18:58:20 | ================================================================================
2026-07-29 18:58:20 | 
|                 |   Params (M) |   Accuracy |   Precision |   Recall |   F1-Score |   Kappa |    AUC |   Train Time (min) |
|:----------------|-------------:|-----------:|------------:|---------:|-----------:|--------:|-------:|-------------------:|
| CViTLw          |        0.334 |      90.94 |       90.33 |    88.93 |      89.29 |  0.9048 | 0.9974 |              85.45 |
| MobileNetV2     |        2.269 |      79.81 |       78.19 |    77.55 |      77.63 |  0.7878 | 0.9898 |              90.83 |
| EfficientNet-B0 |        4.052 |      82.9  |       82.22 |    81.93 |      81.62 |  0.8203 | 0.9933 |              92.29 |
| ResNet-50       |       23.58  |      83.7  |       82.74 |    82.01 |      82.08 |  0.8288 | 0.9934 |              86.83 |
| ViT-B/16        |       85.826 |      82.5  |       80.25 |    79.47 |      79    |  0.8161 | 0.9927 |              70.78 |
| Swin-Tiny       |       27.546 |      86.67 |       84.61 |    83.71 |      83.9  |  0.8599 | 0.9949 |              93.72 |
| DeiT-Small      |       21.679 |      82.87 |       81.1  |    79.2  |      79.33 |  0.8199 | 0.992  |              91.88 |
| MobileViT-S     |        4.96  |      84.26 |       85.1  |    83.16 |      83.47 |  0.8346 | 0.9922 |              88.16 |
| ConvNeXt-Base   |       87.602 |      81.91 |       80.36 |    79.35 |      78.63 |  0.8099 | 0.9923 |              94.46 |
2026-07-29 18:58:20 | 
Saved: C:\Users\Admin\Desktop\hai\ConViTX\code ViT_8 block CNN\HybridModel_PlantRaw_NoPretrain\results\comparison_results.json
2026-07-29 18:58:20 | Progress: C:\Users\Admin\Desktop\hai\ConViTX\code ViT_8 block CNN\HybridModel_PlantRaw_NoPretrain\results\training_progress.json
