2026-07-31 18:00:03 | Log: c:\Users\Admin\Desktop\hai\ConViTX\code ViT_8 block CNN\HybridModel_IIITDMJ_Maize_NoPretrain\results_augmented_nopretrain\training.log
2026-07-31 18:00:04 | Device   : cuda
2026-07-31 18:00:04 | Source   : augmented -> C:\Users\Admin\Desktop\Dataset\IIITDMJ_Maize\augmented_maize
2026-07-31 18:00:04 | Results  : c:\Users\Admin\Desktop\hai\ConViTX\code ViT_8 block CNN\HybridModel_IIITDMJ_Maize_NoPretrain\results_augmented_nopretrain
2026-07-31 18:00:04 | Classes (4): ['common rust', 'gray leaf spot', 'healthy', 'northern leaf blight']
2026-07-31 18:00:04 | Total samples: 816
2026-07-31 18:00:04 |   [0] common rust: 215 images
2026-07-31 18:00:04 |   [1] gray leaf spot: 200 images
2026-07-31 18:00:04 |   [2] healthy: 200 images
2026-07-31 18:00:04 |   [3] northern leaf blight: 201 images
2026-07-31 18:00:04 | Drone images: 200 samples
2026-07-31 18:00:04 | Split  : fold
2026-07-31 18:00:04 | Pretrain: CNN=ImageNet | ViT=SCRATCH (no PlantVillage pretrain)
2026-07-31 18:00:04 | Params : 0.33 M
2026-07-31 18:00:04 | Folds  : [1, 2, 3, 4, 5]
2026-07-31 18:00:04 | 
======================================================================
2026-07-31 18:00:04 | TRAIN: CViTLw | Source=augmented | Fold 1/5
2026-07-31 18:00:04 | ======================================================================
2026-07-31 18:00:04 |   CNN backbone: ImageNet pretrained | ViT branch: SCRATCH (random init)
2026-07-31 18:00:48 | Ep 001/100 | Loss 1.3471 Acc 44.22% | Val 1.3563 Acc 56.10% | 44.2s
2026-07-31 18:00:48 |   -> saved best (val_loss=1.3563)
2026-07-31 18:00:51 | Ep 002/100 | Loss 1.2299 Acc 69.84% | Val 1.1162 Acc 77.44% | 2.6s
2026-07-31 18:00:51 |   -> saved best (val_loss=1.1162)
2026-07-31 18:00:53 | Ep 003/100 | Loss 1.0611 Acc 74.38% | Val 0.8236 Acc 76.22% | 2.5s
2026-07-31 18:00:53 |   -> saved best (val_loss=0.8236)
2026-07-31 18:00:56 | Ep 004/100 | Loss 0.9148 Acc 76.72% | Val 0.6609 Acc 78.66% | 2.5s
2026-07-31 18:00:56 |   -> saved best (val_loss=0.6609)
2026-07-31 18:00:58 | Ep 005/100 | Loss 0.7870 Acc 79.22% | Val 0.5805 Acc 79.88% | 2.5s
2026-07-31 18:00:58 |   -> saved best (val_loss=0.5805)
2026-07-31 18:01:01 | Ep 006/100 | Loss 0.6963 Acc 82.03% | Val 0.5043 Acc 81.71% | 2.4s
2026-07-31 18:01:01 |   -> saved best (val_loss=0.5043)
2026-07-31 18:01:03 | Ep 007/100 | Loss 0.6199 Acc 83.91% | Val 0.4454 Acc 82.32% | 2.4s
2026-07-31 18:01:03 |   -> saved best (val_loss=0.4454)
2026-07-31 18:01:06 | Ep 008/100 | Loss 0.5475 Acc 84.53% | Val 0.3921 Acc 85.37% | 2.5s
2026-07-31 18:01:06 |   -> saved best (val_loss=0.3921)
2026-07-31 18:01:08 | Ep 009/100 | Loss 0.5026 Acc 85.78% | Val 0.3308 Acc 88.41% | 2.5s
2026-07-31 18:01:08 |   -> saved best (val_loss=0.3308)
2026-07-31 18:01:11 | Ep 010/100 | Loss 0.4436 Acc 86.72% | Val 0.3122 Acc 88.41% | 2.5s
2026-07-31 18:01:11 |   -> saved best (val_loss=0.3122)
2026-07-31 18:01:13 | Ep 011/100 | Loss 0.4053 Acc 88.44% | Val 0.2717 Acc 92.07% | 2.5s
2026-07-31 18:01:13 |   -> saved best (val_loss=0.2717)
2026-07-31 18:01:16 | Ep 012/100 | Loss 0.3601 Acc 90.00% | Val 0.2697 Acc 88.41% | 2.4s
2026-07-31 18:01:16 |   -> saved best (val_loss=0.2697)
2026-07-31 18:01:18 | Ep 013/100 | Loss 0.3300 Acc 91.72% | Val 0.2282 Acc 92.07% | 2.4s
2026-07-31 18:01:18 |   -> saved best (val_loss=0.2282)
2026-07-31 18:01:21 | Ep 014/100 | Loss 0.2984 Acc 91.25% | Val 0.2170 Acc 92.07% | 2.5s
2026-07-31 18:01:21 |   -> saved best (val_loss=0.2170)
2026-07-31 18:01:23 | Ep 015/100 | Loss 0.3067 Acc 90.94% | Val 0.2017 Acc 92.68% | 2.4s
2026-07-31 18:01:23 |   -> saved best (val_loss=0.2017)
2026-07-31 18:01:26 | Ep 016/100 | Loss 0.2782 Acc 90.94% | Val 0.1716 Acc 93.29% | 2.5s
2026-07-31 18:01:26 |   -> saved best (val_loss=0.1716)
2026-07-31 18:01:28 | Ep 017/100 | Loss 0.2388 Acc 92.81% | Val 0.1708 Acc 95.12% | 2.4s
2026-07-31 18:01:29 |   -> saved best (val_loss=0.1708)
2026-07-31 18:01:31 | Ep 018/100 | Loss 0.2463 Acc 92.03% | Val 0.1418 Acc 95.12% | 2.4s
2026-07-31 18:01:31 |   -> saved best (val_loss=0.1418)
2026-07-31 18:01:34 | Ep 019/100 | Loss 0.2341 Acc 92.50% | Val 0.1287 Acc 96.34% | 2.5s
2026-07-31 18:01:34 |   -> saved best (val_loss=0.1287)
2026-07-31 18:01:36 | Ep 020/100 | Loss 0.2239 Acc 93.44% | Val 0.1315 Acc 95.73% | 2.5s
2026-07-31 18:01:39 | Ep 021/100 | Loss 0.1973 Acc 94.53% | Val 0.1107 Acc 96.95% | 2.5s
2026-07-31 18:01:39 |   -> saved best (val_loss=0.1107)
2026-07-31 18:01:41 | Ep 022/100 | Loss 0.2299 Acc 92.50% | Val 0.1162 Acc 94.51% | 2.4s
2026-07-31 18:01:44 | Ep 023/100 | Loss 0.1910 Acc 93.75% | Val 0.0959 Acc 97.56% | 2.5s
2026-07-31 18:01:44 |   -> saved best (val_loss=0.0959)
2026-07-31 18:01:46 | Ep 024/100 | Loss 0.1943 Acc 94.06% | Val 0.1029 Acc 96.34% | 2.5s
2026-07-31 18:01:49 | Ep 025/100 | Loss 0.1693 Acc 94.53% | Val 0.0982 Acc 96.95% | 2.5s
2026-07-31 18:01:51 | Ep 026/100 | Loss 0.2045 Acc 92.81% | Val 0.0877 Acc 98.78% | 2.5s
2026-07-31 18:01:51 |   -> saved best (val_loss=0.0877)
2026-07-31 18:01:54 | Ep 027/100 | Loss 0.1653 Acc 94.53% | Val 0.0999 Acc 96.34% | 2.5s
2026-07-31 18:01:56 | Ep 028/100 | Loss 0.1648 Acc 94.22% | Val 0.0840 Acc 98.17% | 2.5s
2026-07-31 18:01:56 |   -> saved best (val_loss=0.0840)
2026-07-31 18:01:59 | Ep 029/100 | Loss 0.1506 Acc 95.78% | Val 0.0875 Acc 96.95% | 2.5s
2026-07-31 18:02:01 | Ep 030/100 | Loss 0.1402 Acc 96.25% | Val 0.0849 Acc 97.56% | 2.4s
2026-07-31 18:02:04 | Ep 031/100 | Loss 0.1120 Acc 97.34% | Val 0.0773 Acc 98.17% | 2.5s
2026-07-31 18:02:04 |   -> saved best (val_loss=0.0773)
2026-07-31 18:02:06 | Ep 032/100 | Loss 0.1481 Acc 95.00% | Val 0.1138 Acc 96.95% | 2.4s
2026-07-31 18:02:09 | Ep 033/100 | Loss 0.1514 Acc 96.56% | Val 0.0670 Acc 99.39% | 2.5s
2026-07-31 18:02:09 |   -> saved best (val_loss=0.0670)
2026-07-31 18:02:11 | Ep 034/100 | Loss 0.1474 Acc 94.84% | Val 0.0633 Acc 99.39% | 2.5s
2026-07-31 18:02:11 |   -> saved best (val_loss=0.0633)
2026-07-31 18:02:14 | Ep 035/100 | Loss 0.1309 Acc 95.62% | Val 0.0824 Acc 97.56% | 2.5s
2026-07-31 18:02:16 | Ep 036/100 | Loss 0.1256 Acc 95.94% | Val 0.0803 Acc 98.78% | 2.4s
2026-07-31 18:02:19 | Ep 037/100 | Loss 0.1132 Acc 96.56% | Val 0.0812 Acc 98.78% | 2.5s
2026-07-31 18:02:21 | Ep 038/100 | Loss 0.1052 Acc 97.03% | Val 0.0675 Acc 97.56% | 2.4s
2026-07-31 18:02:24 | Ep 039/100 | Loss 0.1032 Acc 97.19% | Val 0.0491 Acc 98.78% | 2.5s
2026-07-31 18:02:24 |   -> saved best (val_loss=0.0491)
2026-07-31 18:02:26 | Ep 040/100 | Loss 0.0964 Acc 97.34% | Val 0.0528 Acc 98.78% | 2.4s
2026-07-31 18:02:29 | Ep 041/100 | Loss 0.1076 Acc 96.41% | Val 0.0565 Acc 98.78% | 2.4s
2026-07-31 18:02:31 | Ep 042/100 | Loss 0.0969 Acc 96.56% | Val 0.0538 Acc 98.78% | 2.5s
2026-07-31 18:02:34 | Ep 043/100 | Loss 0.1041 Acc 96.72% | Val 0.0586 Acc 98.78% | 2.5s
2026-07-31 18:02:36 | Ep 044/100 | Loss 0.0966 Acc 96.56% | Val 0.0537 Acc 98.78% | 2.4s
2026-07-31 18:02:39 | Ep 045/100 | Loss 0.0876 Acc 97.03% | Val 0.0505 Acc 98.17% | 2.4s
2026-07-31 18:02:41 | Ep 046/100 | Loss 0.0993 Acc 97.19% | Val 0.0578 Acc 98.17% | 2.4s
2026-07-31 18:02:44 | Ep 047/100 | Loss 0.0807 Acc 97.66% | Val 0.0684 Acc 98.17% | 2.4s
2026-07-31 18:02:46 | Ep 048/100 | Loss 0.0707 Acc 97.50% | Val 0.0583 Acc 98.17% | 2.5s
2026-07-31 18:02:49 | Ep 049/100 | Loss 0.0852 Acc 97.19% | Val 0.0679 Acc 96.95% | 2.4s
2026-07-31 18:02:51 | Ep 050/100 | Loss 0.0897 Acc 96.56% | Val 0.0542 Acc 98.17% | 2.5s
2026-07-31 18:02:54 | Ep 051/100 | Loss 0.0725 Acc 98.75% | Val 0.0452 Acc 99.39% | 2.5s
2026-07-31 18:02:54 |   -> saved best (val_loss=0.0452)
2026-07-31 18:02:56 | Ep 052/100 | Loss 0.0940 Acc 97.81% | Val 0.0553 Acc 98.78% | 2.5s
2026-07-31 18:02:59 | Ep 053/100 | Loss 0.0780 Acc 96.88% | Val 0.0439 Acc 99.39% | 2.5s
2026-07-31 18:02:59 |   -> saved best (val_loss=0.0439)
2026-07-31 18:03:01 | Ep 054/100 | Loss 0.0922 Acc 97.03% | Val 0.0447 Acc 98.78% | 2.5s
2026-07-31 18:03:04 | Ep 055/100 | Loss 0.0762 Acc 97.97% | Val 0.0479 Acc 98.78% | 2.5s
2026-07-31 18:03:06 | Ep 056/100 | Loss 0.0700 Acc 98.28% | Val 0.0481 Acc 99.39% | 2.5s
2026-07-31 18:03:09 | Ep 057/100 | Loss 0.0770 Acc 97.66% | Val 0.0542 Acc 98.17% | 2.5s
2026-07-31 18:03:11 | Ep 058/100 | Loss 0.0669 Acc 98.12% | Val 0.0623 Acc 98.17% | 2.5s
2026-07-31 18:03:14 | Ep 059/100 | Loss 0.0595 Acc 98.28% | Val 0.0697 Acc 97.56% | 2.5s
2026-07-31 18:03:16 | Ep 060/100 | Loss 0.0658 Acc 98.12% | Val 0.0508 Acc 97.56% | 2.4s
2026-07-31 18:03:19 | Ep 061/100 | Loss 0.0669 Acc 97.66% | Val 0.0480 Acc 98.78% | 2.5s
2026-07-31 18:03:21 | Ep 062/100 | Loss 0.0582 Acc 98.44% | Val 0.0375 Acc 99.39% | 2.5s
2026-07-31 18:03:21 |   -> saved best (val_loss=0.0375)
2026-07-31 18:03:24 | Ep 063/100 | Loss 0.0817 Acc 97.19% | Val 0.0416 Acc 98.78% | 2.5s
2026-07-31 18:03:26 | Ep 064/100 | Loss 0.0604 Acc 97.97% | Val 0.0377 Acc 98.78% | 2.5s
2026-07-31 18:03:29 | Ep 065/100 | Loss 0.0650 Acc 98.28% | Val 0.0357 Acc 98.78% | 2.5s
2026-07-31 18:03:29 |   -> saved best (val_loss=0.0357)
2026-07-31 18:03:31 | Ep 066/100 | Loss 0.0748 Acc 96.88% | Val 0.0566 Acc 98.17% | 2.5s
2026-07-31 18:03:34 | Ep 067/100 | Loss 0.0627 Acc 98.12% | Val 0.0437 Acc 98.78% | 2.5s
2026-07-31 18:03:36 | Ep 068/100 | Loss 0.0580 Acc 98.12% | Val 0.0380 Acc 98.17% | 2.5s
2026-07-31 18:03:39 | Ep 069/100 | Loss 0.0645 Acc 98.28% | Val 0.0264 Acc 99.39% | 2.5s
2026-07-31 18:03:39 |   -> saved best (val_loss=0.0264)
2026-07-31 18:03:42 | Ep 070/100 | Loss 0.0632 Acc 98.28% | Val 0.0581 Acc 98.17% | 2.5s
2026-07-31 18:03:44 | Ep 071/100 | Loss 0.0708 Acc 98.12% | Val 0.0409 Acc 98.17% | 2.5s
2026-07-31 18:03:47 | Ep 072/100 | Loss 0.0462 Acc 99.06% | Val 0.0406 Acc 98.78% | 2.5s
2026-07-31 18:03:49 | Ep 073/100 | Loss 0.0550 Acc 99.06% | Val 0.0402 Acc 98.78% | 2.5s
2026-07-31 18:03:52 | Ep 074/100 | Loss 0.0631 Acc 97.81% | Val 0.0388 Acc 98.78% | 2.5s
2026-07-31 18:03:54 | Ep 075/100 | Loss 0.0437 Acc 98.91% | Val 0.0509 Acc 98.17% | 2.5s
2026-07-31 18:03:57 | Ep 076/100 | Loss 0.0519 Acc 98.28% | Val 0.0496 Acc 98.17% | 2.5s
2026-07-31 18:03:59 | Ep 077/100 | Loss 0.0751 Acc 97.50% | Val 0.0444 Acc 98.17% | 2.5s
2026-07-31 18:04:02 | Ep 078/100 | Loss 0.0623 Acc 98.44% | Val 0.0392 Acc 98.78% | 2.4s
2026-07-31 18:04:04 | Ep 079/100 | Loss 0.0536 Acc 98.28% | Val 0.0403 Acc 98.78% | 2.5s
2026-07-31 18:04:07 | Ep 080/100 | Loss 0.0524 Acc 98.44% | Val 0.0530 Acc 98.17% | 2.5s
2026-07-31 18:04:09 | Ep 081/100 | Loss 0.0654 Acc 97.66% | Val 0.0420 Acc 98.78% | 2.5s
2026-07-31 18:04:12 | Ep 082/100 | Loss 0.0559 Acc 98.44% | Val 0.0394 Acc 98.78% | 2.5s
2026-07-31 18:04:14 | Ep 083/100 | Loss 0.0345 Acc 99.38% | Val 0.0371 Acc 99.39% | 2.5s
2026-07-31 18:04:17 | Ep 084/100 | Loss 0.0390 Acc 98.75% | Val 0.0394 Acc 99.39% | 2.5s
2026-07-31 18:04:19 | Ep 085/100 | Loss 0.0406 Acc 99.06% | Val 0.0499 Acc 98.17% | 2.5s
2026-07-31 18:04:22 | Ep 086/100 | Loss 0.0522 Acc 98.59% | Val 0.0404 Acc 98.78% | 2.5s
2026-07-31 18:04:24 | Ep 087/100 | Loss 0.0638 Acc 98.28% | Val 0.0485 Acc 97.56% | 2.4s
2026-07-31 18:04:27 | Ep 088/100 | Loss 0.0702 Acc 97.50% | Val 0.0310 Acc 98.78% | 2.5s
2026-07-31 18:04:29 | Ep 089/100 | Loss 0.0452 Acc 98.28% | Val 0.0339 Acc 98.78% | 2.5s
2026-07-31 18:04:29 |   Early stop at epoch 89
2026-07-31 18:04:29 | Done in 4.42 min
2026-07-31 18:04:50 |   [DRONE] Acc=26.00%  F1=12.00%  Kappa=0.0133
2026-07-31 18:04:51 | 
======================================================================
2026-07-31 18:04:51 | TRAIN: CViTLw | Source=augmented | Fold 2/5
2026-07-31 18:04:51 | ======================================================================
2026-07-31 18:04:51 |   CNN backbone: ImageNet pretrained | ViT branch: SCRATCH (random init)
2026-07-31 18:05:17 | Ep 001/100 | Loss 1.3358 Acc 53.12% | Val 1.3694 Acc 31.90% | 25.9s
2026-07-31 18:05:17 |   -> saved best (val_loss=1.3694)
2026-07-31 18:05:20 | Ep 002/100 | Loss 1.2056 Acc 72.66% | Val 1.0823 Acc 77.91% | 2.5s
2026-07-31 18:05:20 |   -> saved best (val_loss=1.0823)
2026-07-31 18:05:22 | Ep 003/100 | Loss 1.0285 Acc 75.00% | Val 0.7565 Acc 77.91% | 2.5s
2026-07-31 18:05:22 |   -> saved best (val_loss=0.7565)
2026-07-31 18:05:25 | Ep 004/100 | Loss 0.8727 Acc 76.72% | Val 0.6098 Acc 79.14% | 2.4s
2026-07-31 18:05:25 |   -> saved best (val_loss=0.6098)
2026-07-31 18:05:27 | Ep 005/100 | Loss 0.7655 Acc 80.78% | Val 0.5377 Acc 80.37% | 2.4s
2026-07-31 18:05:27 |   -> saved best (val_loss=0.5377)
2026-07-31 18:05:30 | Ep 006/100 | Loss 0.6781 Acc 82.34% | Val 0.4880 Acc 80.37% | 2.5s
2026-07-31 18:05:30 |   -> saved best (val_loss=0.4880)
2026-07-31 18:05:32 | Ep 007/100 | Loss 0.5964 Acc 85.16% | Val 0.4462 Acc 82.21% | 2.4s
2026-07-31 18:05:32 |   -> saved best (val_loss=0.4462)
2026-07-31 18:05:35 | Ep 008/100 | Loss 0.5363 Acc 87.19% | Val 0.4239 Acc 82.21% | 2.5s
2026-07-31 18:05:35 |   -> saved best (val_loss=0.4239)
2026-07-31 18:05:37 | Ep 009/100 | Loss 0.4862 Acc 87.50% | Val 0.3731 Acc 85.89% | 2.5s
2026-07-31 18:05:37 |   -> saved best (val_loss=0.3731)
2026-07-31 18:05:40 | Ep 010/100 | Loss 0.4309 Acc 87.81% | Val 0.3707 Acc 84.66% | 2.4s
2026-07-31 18:05:40 |   -> saved best (val_loss=0.3707)
2026-07-31 18:05:42 | Ep 011/100 | Loss 0.3952 Acc 89.53% | Val 0.3171 Acc 87.12% | 2.5s
2026-07-31 18:05:42 |   -> saved best (val_loss=0.3171)
2026-07-31 18:05:45 | Ep 012/100 | Loss 0.3789 Acc 88.75% | Val 0.2799 Acc 87.73% | 2.5s
2026-07-31 18:05:45 |   -> saved best (val_loss=0.2799)
2026-07-31 18:05:47 | Ep 013/100 | Loss 0.3410 Acc 90.62% | Val 0.2603 Acc 88.96% | 2.4s
2026-07-31 18:05:47 |   -> saved best (val_loss=0.2603)
2026-07-31 18:05:50 | Ep 014/100 | Loss 0.3197 Acc 91.88% | Val 0.2515 Acc 88.96% | 2.5s
2026-07-31 18:05:50 |   -> saved best (val_loss=0.2515)
2026-07-31 18:05:52 | Ep 015/100 | Loss 0.2807 Acc 92.19% | Val 0.2445 Acc 89.57% | 2.4s
2026-07-31 18:05:52 |   -> saved best (val_loss=0.2445)
2026-07-31 18:05:55 | Ep 016/100 | Loss 0.2539 Acc 93.44% | Val 0.2218 Acc 90.80% | 2.4s
2026-07-31 18:05:55 |   -> saved best (val_loss=0.2218)
2026-07-31 18:05:58 | Ep 017/100 | Loss 0.2418 Acc 92.97% | Val 0.2081 Acc 91.41% | 2.5s
2026-07-31 18:05:58 |   -> saved best (val_loss=0.2081)
2026-07-31 18:06:00 | Ep 018/100 | Loss 0.2245 Acc 95.00% | Val 0.1903 Acc 92.02% | 2.5s
2026-07-31 18:06:00 |   -> saved best (val_loss=0.1903)
2026-07-31 18:06:03 | Ep 019/100 | Loss 0.2357 Acc 92.66% | Val 0.1842 Acc 91.41% | 2.5s
2026-07-31 18:06:03 |   -> saved best (val_loss=0.1842)
2026-07-31 18:06:05 | Ep 020/100 | Loss 0.2004 Acc 95.16% | Val 0.2067 Acc 90.80% | 2.4s
2026-07-31 18:06:08 | Ep 021/100 | Loss 0.1990 Acc 93.28% | Val 0.2010 Acc 90.80% | 2.5s
2026-07-31 18:06:10 | Ep 022/100 | Loss 0.1997 Acc 94.53% | Val 0.1771 Acc 91.41% | 2.4s
2026-07-31 18:06:10 |   -> saved best (val_loss=0.1771)
2026-07-31 18:06:13 | Ep 023/100 | Loss 0.1801 Acc 94.06% | Val 0.1801 Acc 90.80% | 2.5s
2026-07-31 18:06:15 | Ep 024/100 | Loss 0.1678 Acc 94.69% | Val 0.1751 Acc 91.41% | 2.5s
2026-07-31 18:06:15 |   -> saved best (val_loss=0.1751)
2026-07-31 18:06:18 | Ep 025/100 | Loss 0.1664 Acc 95.00% | Val 0.1875 Acc 92.64% | 2.5s
2026-07-31 18:06:20 | Ep 026/100 | Loss 0.1517 Acc 96.56% | Val 0.1554 Acc 92.64% | 2.5s
2026-07-31 18:06:20 |   -> saved best (val_loss=0.1554)
2026-07-31 18:06:23 | Ep 027/100 | Loss 0.1559 Acc 94.84% | Val 0.1894 Acc 92.64% | 2.4s
2026-07-31 18:06:25 | Ep 028/100 | Loss 0.1511 Acc 95.62% | Val 0.1668 Acc 92.64% | 2.4s
2026-07-31 18:06:28 | Ep 029/100 | Loss 0.1391 Acc 95.78% | Val 0.1273 Acc 93.87% | 2.5s
2026-07-31 18:06:28 |   -> saved best (val_loss=0.1273)
2026-07-31 18:06:30 | Ep 030/100 | Loss 0.1256 Acc 96.88% | Val 0.1529 Acc 92.02% | 2.4s
2026-07-31 18:06:33 | Ep 031/100 | Loss 0.1364 Acc 96.09% | Val 0.1458 Acc 94.48% | 2.5s
2026-07-31 18:06:35 | Ep 032/100 | Loss 0.1231 Acc 96.09% | Val 0.1460 Acc 93.25% | 2.5s
2026-07-31 18:06:38 | Ep 033/100 | Loss 0.1311 Acc 96.41% | Val 0.1221 Acc 95.09% | 2.5s
2026-07-31 18:06:38 |   -> saved best (val_loss=0.1221)
2026-07-31 18:06:40 | Ep 034/100 | Loss 0.1426 Acc 95.94% | Val 0.1945 Acc 91.41% | 2.5s
2026-07-31 18:06:43 | Ep 035/100 | Loss 0.1170 Acc 96.56% | Val 0.1421 Acc 94.48% | 2.5s
2026-07-31 18:06:45 | Ep 036/100 | Loss 0.1306 Acc 96.09% | Val 0.1353 Acc 95.09% | 2.4s
2026-07-31 18:06:48 | Ep 037/100 | Loss 0.1237 Acc 95.47% | Val 0.1560 Acc 92.64% | 2.4s
2026-07-31 18:06:50 | Ep 038/100 | Loss 0.0968 Acc 97.50% | Val 0.1426 Acc 93.87% | 2.4s
2026-07-31 18:06:53 | Ep 039/100 | Loss 0.1075 Acc 96.56% | Val 0.1355 Acc 93.25% | 2.5s
2026-07-31 18:06:55 | Ep 040/100 | Loss 0.0922 Acc 97.03% | Val 0.1222 Acc 94.48% | 2.5s
2026-07-31 18:06:58 | Ep 041/100 | Loss 0.0925 Acc 97.34% | Val 0.1186 Acc 95.71% | 2.4s
2026-07-31 18:06:58 |   -> saved best (val_loss=0.1186)
2026-07-31 18:07:00 | Ep 042/100 | Loss 0.0946 Acc 97.50% | Val 0.1389 Acc 93.87% | 2.5s
2026-07-31 18:07:03 | Ep 043/100 | Loss 0.0800 Acc 97.50% | Val 0.1019 Acc 94.48% | 2.4s
2026-07-31 18:07:03 |   -> saved best (val_loss=0.1019)
2026-07-31 18:07:05 | Ep 044/100 | Loss 0.1021 Acc 96.25% | Val 0.1196 Acc 93.87% | 2.4s
2026-07-31 18:07:08 | Ep 045/100 | Loss 0.1049 Acc 96.41% | Val 0.0955 Acc 96.32% | 2.5s
2026-07-31 18:07:08 |   -> saved best (val_loss=0.0955)
2026-07-31 18:07:10 | Ep 046/100 | Loss 0.1008 Acc 96.72% | Val 0.1049 Acc 96.32% | 2.5s
2026-07-31 18:07:13 | Ep 047/100 | Loss 0.0705 Acc 98.12% | Val 0.1226 Acc 95.09% | 2.4s
2026-07-31 18:07:15 | Ep 048/100 | Loss 0.0869 Acc 96.88% | Val 0.1302 Acc 95.09% | 2.4s
2026-07-31 18:07:18 | Ep 049/100 | Loss 0.0880 Acc 97.50% | Val 0.1105 Acc 95.09% | 2.5s
2026-07-31 18:07:20 | Ep 050/100 | Loss 0.0739 Acc 97.66% | Val 0.0938 Acc 95.71% | 2.5s
2026-07-31 18:07:20 |   -> saved best (val_loss=0.0938)
2026-07-31 18:07:23 | Ep 051/100 | Loss 0.0675 Acc 97.50% | Val 0.0926 Acc 96.32% | 2.5s
2026-07-31 18:07:23 |   -> saved best (val_loss=0.0926)
2026-07-31 18:07:25 | Ep 052/100 | Loss 0.0699 Acc 97.81% | Val 0.1213 Acc 94.48% | 2.4s
2026-07-31 18:07:28 | Ep 053/100 | Loss 0.0650 Acc 97.97% | Val 0.1130 Acc 95.71% | 2.4s
2026-07-31 18:07:30 | Ep 054/100 | Loss 0.0827 Acc 97.03% | Val 0.1278 Acc 95.09% | 2.4s
2026-07-31 18:07:33 | Ep 055/100 | Loss 0.0994 Acc 96.72% | Val 0.1021 Acc 96.93% | 2.4s
2026-07-31 18:07:35 | Ep 056/100 | Loss 0.0685 Acc 98.12% | Val 0.0870 Acc 95.09% | 2.5s
2026-07-31 18:07:35 |   -> saved best (val_loss=0.0870)
2026-07-31 18:07:37 | Ep 057/100 | Loss 0.0602 Acc 98.12% | Val 0.1157 Acc 95.71% | 2.4s
2026-07-31 18:07:40 | Ep 058/100 | Loss 0.0508 Acc 98.91% | Val 0.1187 Acc 95.71% | 2.4s
2026-07-31 18:07:42 | Ep 059/100 | Loss 0.0739 Acc 98.28% | Val 0.0919 Acc 95.09% | 2.4s
2026-07-31 18:07:45 | Ep 060/100 | Loss 0.0673 Acc 97.97% | Val 0.0939 Acc 95.71% | 2.4s
2026-07-31 18:07:47 | Ep 061/100 | Loss 0.0742 Acc 97.50% | Val 0.1151 Acc 96.32% | 2.5s
2026-07-31 18:07:50 | Ep 062/100 | Loss 0.0602 Acc 98.75% | Val 0.0939 Acc 96.32% | 2.4s
2026-07-31 18:07:52 | Ep 063/100 | Loss 0.0662 Acc 97.81% | Val 0.1331 Acc 95.09% | 2.4s
2026-07-31 18:07:55 | Ep 064/100 | Loss 0.0667 Acc 98.28% | Val 0.1101 Acc 96.93% | 2.4s
2026-07-31 18:07:57 | Ep 065/100 | Loss 0.0682 Acc 97.97% | Val 0.1109 Acc 95.09% | 2.4s
2026-07-31 18:08:00 | Ep 066/100 | Loss 0.0662 Acc 98.12% | Val 0.1072 Acc 96.32% | 2.4s
2026-07-31 18:08:02 | Ep 067/100 | Loss 0.0477 Acc 98.28% | Val 0.1061 Acc 96.93% | 2.4s
2026-07-31 18:08:05 | Ep 068/100 | Loss 0.0715 Acc 97.50% | Val 0.1035 Acc 96.93% | 2.5s
2026-07-31 18:08:07 | Ep 069/100 | Loss 0.0590 Acc 97.66% | Val 0.0928 Acc 96.32% | 2.4s
2026-07-31 18:08:10 | Ep 070/100 | Loss 0.0478 Acc 98.59% | Val 0.1213 Acc 95.71% | 2.4s
2026-07-31 18:08:12 | Ep 071/100 | Loss 0.0406 Acc 99.06% | Val 0.1033 Acc 96.93% | 2.4s
2026-07-31 18:08:15 | Ep 072/100 | Loss 0.0449 Acc 98.91% | Val 0.1068 Acc 96.93% | 2.5s
2026-07-31 18:08:17 | Ep 073/100 | Loss 0.0467 Acc 98.59% | Val 0.0996 Acc 95.71% | 2.5s
2026-07-31 18:08:20 | Ep 074/100 | Loss 0.0526 Acc 97.97% | Val 0.1063 Acc 95.71% | 2.4s
2026-07-31 18:08:22 | Ep 075/100 | Loss 0.0575 Acc 98.44% | Val 0.1096 Acc 96.32% | 2.4s
2026-07-31 18:08:25 | Ep 076/100 | Loss 0.0565 Acc 99.22% | Val 0.1114 Acc 94.48% | 2.4s
2026-07-31 18:08:25 |   Early stop at epoch 76
2026-07-31 18:08:25 | Done in 3.55 min
2026-07-31 18:08:38 |   [DRONE] Acc=27.50%  F1=14.75%  Kappa=0.0333
2026-07-31 18:08:40 | 
======================================================================
2026-07-31 18:08:40 | TRAIN: CViTLw | Source=augmented | Fold 3/5
2026-07-31 18:08:40 | ======================================================================
2026-07-31 18:08:40 |   CNN backbone: ImageNet pretrained | ViT branch: SCRATCH (random init)
2026-07-31 18:08:59 | Ep 001/100 | Loss 1.3246 Acc 48.91% | Val 1.3589 Acc 26.38% | 19.0s
2026-07-31 18:08:59 |   -> saved best (val_loss=1.3589)
2026-07-31 18:09:01 | Ep 002/100 | Loss 1.1683 Acc 68.59% | Val 1.0424 Acc 76.07% | 2.5s
2026-07-31 18:09:01 |   -> saved best (val_loss=1.0424)
2026-07-31 18:09:04 | Ep 003/100 | Loss 0.9972 Acc 74.69% | Val 0.7247 Acc 76.69% | 2.4s
2026-07-31 18:09:04 |   -> saved best (val_loss=0.7247)
2026-07-31 18:09:06 | Ep 004/100 | Loss 0.8326 Acc 79.22% | Val 0.5740 Acc 80.37% | 2.5s
2026-07-31 18:09:06 |   -> saved best (val_loss=0.5740)
2026-07-31 18:09:09 | Ep 005/100 | Loss 0.7018 Acc 81.72% | Val 0.4705 Acc 82.21% | 2.5s
2026-07-31 18:09:09 |   -> saved best (val_loss=0.4705)
2026-07-31 18:09:11 | Ep 006/100 | Loss 0.6000 Acc 85.31% | Val 0.4259 Acc 84.66% | 2.4s
2026-07-31 18:09:11 |   -> saved best (val_loss=0.4259)
2026-07-31 18:09:14 | Ep 007/100 | Loss 0.5279 Acc 87.19% | Val 0.3445 Acc 87.12% | 2.5s
2026-07-31 18:09:14 |   -> saved best (val_loss=0.3445)
2026-07-31 18:09:16 | Ep 008/100 | Loss 0.4888 Acc 85.62% | Val 0.3185 Acc 85.89% | 2.4s
2026-07-31 18:09:16 |   -> saved best (val_loss=0.3185)
2026-07-31 18:09:19 | Ep 009/100 | Loss 0.4208 Acc 88.91% | Val 0.2789 Acc 88.34% | 2.5s
2026-07-31 18:09:19 |   -> saved best (val_loss=0.2789)
2026-07-31 18:09:21 | Ep 010/100 | Loss 0.3881 Acc 88.91% | Val 0.2613 Acc 88.34% | 2.5s
2026-07-31 18:09:21 |   -> saved best (val_loss=0.2613)
2026-07-31 18:09:24 | Ep 011/100 | Loss 0.3947 Acc 87.19% | Val 0.2209 Acc 92.02% | 2.5s
2026-07-31 18:09:24 |   -> saved best (val_loss=0.2209)
2026-07-31 18:09:26 | Ep 012/100 | Loss 0.3410 Acc 89.06% | Val 0.2052 Acc 93.25% | 2.5s
2026-07-31 18:09:26 |   -> saved best (val_loss=0.2052)
2026-07-31 18:09:29 | Ep 013/100 | Loss 0.2951 Acc 91.56% | Val 0.2083 Acc 93.25% | 2.5s
2026-07-31 18:09:31 | Ep 014/100 | Loss 0.3297 Acc 89.84% | Val 0.2022 Acc 93.87% | 2.5s
2026-07-31 18:09:31 |   -> saved best (val_loss=0.2022)
2026-07-31 18:09:34 | Ep 015/100 | Loss 0.2590 Acc 92.50% | Val 0.1805 Acc 93.25% | 2.4s
2026-07-31 18:09:34 |   -> saved best (val_loss=0.1805)
2026-07-31 18:09:36 | Ep 016/100 | Loss 0.2615 Acc 92.50% | Val 0.1564 Acc 95.71% | 2.5s
2026-07-31 18:09:36 |   -> saved best (val_loss=0.1564)
2026-07-31 18:09:39 | Ep 017/100 | Loss 0.2700 Acc 91.09% | Val 0.1558 Acc 93.25% | 2.5s
2026-07-31 18:09:39 |   -> saved best (val_loss=0.1558)
2026-07-31 18:09:41 | Ep 018/100 | Loss 0.2335 Acc 93.12% | Val 0.1431 Acc 95.71% | 2.5s
2026-07-31 18:09:41 |   -> saved best (val_loss=0.1431)
2026-07-31 18:09:44 | Ep 019/100 | Loss 0.2370 Acc 92.81% | Val 0.1242 Acc 97.55% | 2.5s
2026-07-31 18:09:44 |   -> saved best (val_loss=0.1242)
2026-07-31 18:09:47 | Ep 020/100 | Loss 0.2353 Acc 92.97% | Val 0.1312 Acc 94.48% | 2.5s
2026-07-31 18:09:49 | Ep 021/100 | Loss 0.2246 Acc 92.34% | Val 0.1252 Acc 95.71% | 2.4s
2026-07-31 18:09:51 | Ep 022/100 | Loss 0.1963 Acc 94.69% | Val 0.1319 Acc 95.71% | 2.4s
2026-07-31 18:09:54 | Ep 023/100 | Loss 0.1876 Acc 94.69% | Val 0.1259 Acc 95.71% | 2.5s
2026-07-31 18:09:57 | Ep 024/100 | Loss 0.1852 Acc 94.38% | Val 0.1176 Acc 96.93% | 2.5s
2026-07-31 18:09:57 |   -> saved best (val_loss=0.1176)
2026-07-31 18:09:59 | Ep 025/100 | Loss 0.1902 Acc 95.47% | Val 0.1229 Acc 96.32% | 2.5s
2026-07-31 18:10:02 | Ep 026/100 | Loss 0.1860 Acc 95.00% | Val 0.0981 Acc 97.55% | 2.5s
2026-07-31 18:10:02 |   -> saved best (val_loss=0.0981)
2026-07-31 18:10:04 | Ep 027/100 | Loss 0.1648 Acc 94.22% | Val 0.1183 Acc 96.32% | 2.5s
2026-07-31 18:10:07 | Ep 028/100 | Loss 0.1480 Acc 95.94% | Val 0.0955 Acc 97.55% | 2.5s
2026-07-31 18:10:07 |   -> saved best (val_loss=0.0955)
2026-07-31 18:10:09 | Ep 029/100 | Loss 0.1772 Acc 94.69% | Val 0.0943 Acc 96.93% | 2.4s
2026-07-31 18:10:09 |   -> saved best (val_loss=0.0943)
2026-07-31 18:10:12 | Ep 030/100 | Loss 0.1613 Acc 95.94% | Val 0.1046 Acc 96.93% | 2.4s
2026-07-31 18:10:14 | Ep 031/100 | Loss 0.1465 Acc 96.41% | Val 0.1106 Acc 95.71% | 2.5s
2026-07-31 18:10:16 | Ep 032/100 | Loss 0.1427 Acc 96.56% | Val 0.0874 Acc 97.55% | 2.4s
2026-07-31 18:10:17 |   -> saved best (val_loss=0.0874)
2026-07-31 18:10:19 | Ep 033/100 | Loss 0.1460 Acc 96.25% | Val 0.1007 Acc 96.32% | 2.4s
2026-07-31 18:10:21 | Ep 034/100 | Loss 0.1294 Acc 96.09% | Val 0.0838 Acc 96.93% | 2.4s
2026-07-31 18:10:22 |   -> saved best (val_loss=0.0838)
2026-07-31 18:10:24 | Ep 035/100 | Loss 0.1292 Acc 96.72% | Val 0.0887 Acc 97.55% | 2.5s
2026-07-31 18:10:27 | Ep 036/100 | Loss 0.1251 Acc 96.41% | Val 0.0948 Acc 96.93% | 2.5s
2026-07-31 18:10:29 | Ep 037/100 | Loss 0.1459 Acc 95.78% | Val 0.0755 Acc 98.16% | 2.5s
2026-07-31 18:10:29 |   -> saved best (val_loss=0.0755)
2026-07-31 18:10:32 | Ep 038/100 | Loss 0.0931 Acc 97.03% | Val 0.0878 Acc 96.93% | 2.5s
2026-07-31 18:10:34 | Ep 039/100 | Loss 0.1291 Acc 95.31% | Val 0.0861 Acc 97.55% | 2.5s
2026-07-31 18:10:37 | Ep 040/100 | Loss 0.1130 Acc 96.56% | Val 0.0680 Acc 96.93% | 2.4s
2026-07-31 18:10:37 |   -> saved best (val_loss=0.0680)
2026-07-31 18:10:39 | Ep 041/100 | Loss 0.1071 Acc 96.41% | Val 0.0706 Acc 96.93% | 2.4s
2026-07-31 18:10:41 | Ep 042/100 | Loss 0.1252 Acc 96.41% | Val 0.0738 Acc 97.55% | 2.4s
2026-07-31 18:10:44 | Ep 043/100 | Loss 0.1108 Acc 96.72% | Val 0.0854 Acc 97.55% | 2.5s
2026-07-31 18:10:46 | Ep 044/100 | Loss 0.1102 Acc 95.62% | Val 0.0546 Acc 97.55% | 2.4s
2026-07-31 18:10:46 |   -> saved best (val_loss=0.0546)
2026-07-31 18:10:49 | Ep 045/100 | Loss 0.1218 Acc 95.78% | Val 0.0615 Acc 97.55% | 2.4s
2026-07-31 18:10:51 | Ep 046/100 | Loss 0.1148 Acc 95.78% | Val 0.0694 Acc 96.93% | 2.4s
2026-07-31 18:10:54 | Ep 047/100 | Loss 0.0892 Acc 97.19% | Val 0.0474 Acc 98.16% | 2.5s
2026-07-31 18:10:54 |   -> saved best (val_loss=0.0474)
2026-07-31 18:10:56 | Ep 048/100 | Loss 0.0741 Acc 98.12% | Val 0.0557 Acc 97.55% | 2.5s
2026-07-31 18:10:59 | Ep 049/100 | Loss 0.0854 Acc 97.50% | Val 0.0507 Acc 98.16% | 2.5s
2026-07-31 18:11:01 | Ep 050/100 | Loss 0.0726 Acc 98.12% | Val 0.0565 Acc 98.16% | 2.5s
2026-07-31 18:11:04 | Ep 051/100 | Loss 0.0922 Acc 96.72% | Val 0.0380 Acc 99.39% | 2.5s
2026-07-31 18:11:04 |   -> saved best (val_loss=0.0380)
2026-07-31 18:11:06 | Ep 052/100 | Loss 0.1055 Acc 96.88% | Val 0.0521 Acc 98.16% | 2.5s
2026-07-31 18:11:09 | Ep 053/100 | Loss 0.0906 Acc 97.50% | Val 0.0486 Acc 98.16% | 2.5s
2026-07-31 18:11:11 | Ep 054/100 | Loss 0.0847 Acc 97.66% | Val 0.0535 Acc 97.55% | 2.4s
2026-07-31 18:11:14 | Ep 055/100 | Loss 0.0741 Acc 98.28% | Val 0.0466 Acc 97.55% | 2.5s
2026-07-31 18:11:16 | Ep 056/100 | Loss 0.0730 Acc 97.81% | Val 0.0555 Acc 98.16% | 2.5s
2026-07-31 18:11:19 | Ep 057/100 | Loss 0.0809 Acc 97.81% | Val 0.0454 Acc 98.16% | 2.5s
2026-07-31 18:11:21 | Ep 058/100 | Loss 0.0722 Acc 97.81% | Val 0.0465 Acc 98.77% | 2.5s
2026-07-31 18:11:24 | Ep 059/100 | Loss 0.0880 Acc 97.34% | Val 0.0336 Acc 98.77% | 2.5s
2026-07-31 18:11:24 |   -> saved best (val_loss=0.0336)
2026-07-31 18:11:26 | Ep 060/100 | Loss 0.0692 Acc 97.66% | Val 0.0586 Acc 97.55% | 2.4s
2026-07-31 18:11:29 | Ep 061/100 | Loss 0.0768 Acc 97.03% | Val 0.0478 Acc 98.77% | 2.5s
2026-07-31 18:11:31 | Ep 062/100 | Loss 0.0871 Acc 97.66% | Val 0.0431 Acc 98.77% | 2.5s
2026-07-31 18:11:34 | Ep 063/100 | Loss 0.0756 Acc 98.12% | Val 0.0467 Acc 98.77% | 2.5s
2026-07-31 18:11:36 | Ep 064/100 | Loss 0.0587 Acc 98.91% | Val 0.0467 Acc 98.77% | 2.5s
2026-07-31 18:11:39 | Ep 065/100 | Loss 0.0731 Acc 97.81% | Val 0.0568 Acc 98.16% | 2.5s
2026-07-31 18:11:41 | Ep 066/100 | Loss 0.0802 Acc 97.50% | Val 0.0459 Acc 98.16% | 2.4s
2026-07-31 18:11:44 | Ep 067/100 | Loss 0.0809 Acc 97.34% | Val 0.0309 Acc 98.77% | 2.5s
2026-07-31 18:11:44 |   -> saved best (val_loss=0.0309)
2026-07-31 18:11:46 | Ep 068/100 | Loss 0.0557 Acc 97.97% | Val 0.0274 Acc 98.77% | 2.5s
2026-07-31 18:11:46 |   -> saved best (val_loss=0.0274)
2026-07-31 18:11:49 | Ep 069/100 | Loss 0.0693 Acc 98.12% | Val 0.0351 Acc 98.77% | 2.4s
2026-07-31 18:11:51 | Ep 070/100 | Loss 0.0649 Acc 97.97% | Val 0.0309 Acc 98.77% | 2.5s
2026-07-31 18:11:54 | Ep 071/100 | Loss 0.0708 Acc 97.50% | Val 0.0372 Acc 98.77% | 2.4s
2026-07-31 18:11:56 | Ep 072/100 | Loss 0.0716 Acc 97.50% | Val 0.0534 Acc 97.55% | 2.4s
2026-07-31 18:11:59 | Ep 073/100 | Loss 0.0724 Acc 97.81% | Val 0.0447 Acc 97.55% | 2.4s
2026-07-31 18:12:01 | Ep 074/100 | Loss 0.0754 Acc 97.19% | Val 0.0413 Acc 98.77% | 2.4s
2026-07-31 18:12:04 | Ep 075/100 | Loss 0.0596 Acc 98.12% | Val 0.0342 Acc 99.39% | 2.5s
2026-07-31 18:12:06 | Ep 076/100 | Loss 0.0456 Acc 98.91% | Val 0.0324 Acc 98.77% | 2.5s
2026-07-31 18:12:09 | Ep 077/100 | Loss 0.0475 Acc 98.75% | Val 0.0330 Acc 98.77% | 2.5s
2026-07-31 18:12:11 | Ep 078/100 | Loss 0.0687 Acc 97.81% | Val 0.0343 Acc 98.77% | 2.5s
2026-07-31 18:12:14 | Ep 079/100 | Loss 0.0514 Acc 98.59% | Val 0.0263 Acc 99.39% | 2.5s
2026-07-31 18:12:14 |   -> saved best (val_loss=0.0263)
2026-07-31 18:12:16 | Ep 080/100 | Loss 0.0496 Acc 98.91% | Val 0.0269 Acc 98.77% | 2.5s
2026-07-31 18:12:19 | Ep 081/100 | Loss 0.0471 Acc 98.12% | Val 0.0252 Acc 99.39% | 2.4s
2026-07-31 18:12:19 |   -> saved best (val_loss=0.0252)
2026-07-31 18:12:21 | Ep 082/100 | Loss 0.0426 Acc 98.91% | Val 0.0225 Acc 98.77% | 2.4s
2026-07-31 18:12:21 |   -> saved best (val_loss=0.0225)
2026-07-31 18:12:24 | Ep 083/100 | Loss 0.0513 Acc 98.59% | Val 0.0313 Acc 97.55% | 2.5s
2026-07-31 18:12:26 | Ep 084/100 | Loss 0.0583 Acc 98.44% | Val 0.0281 Acc 99.39% | 2.5s
2026-07-31 18:12:29 | Ep 085/100 | Loss 0.0403 Acc 98.75% | Val 0.0272 Acc 98.77% | 2.5s
2026-07-31 18:12:31 | Ep 086/100 | Loss 0.0447 Acc 98.91% | Val 0.0275 Acc 98.77% | 2.5s
2026-07-31 18:12:34 | Ep 087/100 | Loss 0.0336 Acc 99.38% | Val 0.0238 Acc 98.77% | 2.4s
2026-07-31 18:12:36 | Ep 088/100 | Loss 0.0400 Acc 99.06% | Val 0.0688 Acc 96.93% | 2.5s
2026-07-31 18:12:39 | Ep 089/100 | Loss 0.0523 Acc 98.28% | Val 0.0347 Acc 98.16% | 2.5s
2026-07-31 18:12:41 | Ep 090/100 | Loss 0.0425 Acc 99.06% | Val 0.0246 Acc 99.39% | 2.5s
2026-07-31 18:12:44 | Ep 091/100 | Loss 0.0318 Acc 99.38% | Val 0.0242 Acc 99.39% | 2.5s
2026-07-31 18:12:46 | Ep 092/100 | Loss 0.0405 Acc 98.75% | Val 0.0240 Acc 99.39% | 2.4s
2026-07-31 18:12:49 | Ep 093/100 | Loss 0.0347 Acc 98.91% | Val 0.0205 Acc 98.77% | 2.5s
2026-07-31 18:12:49 |   -> saved best (val_loss=0.0205)
2026-07-31 18:12:51 | Ep 094/100 | Loss 0.0341 Acc 99.06% | Val 0.0249 Acc 98.77% | 2.5s
2026-07-31 18:12:54 | Ep 095/100 | Loss 0.0300 Acc 99.22% | Val 0.0245 Acc 99.39% | 2.4s
2026-07-31 18:12:56 | Ep 096/100 | Loss 0.0577 Acc 98.28% | Val 0.0289 Acc 98.77% | 2.5s
2026-07-31 18:12:59 | Ep 097/100 | Loss 0.0381 Acc 99.22% | Val 0.0266 Acc 98.77% | 2.4s
2026-07-31 18:13:01 | Ep 098/100 | Loss 0.0272 Acc 99.53% | Val 0.0148 Acc 100.00% | 2.4s
2026-07-31 18:13:01 |   -> saved best (val_loss=0.0148)
2026-07-31 18:13:04 | Ep 099/100 | Loss 0.0457 Acc 98.75% | Val 0.0242 Acc 98.77% | 2.4s
2026-07-31 18:13:06 | Ep 100/100 | Loss 0.0357 Acc 98.91% | Val 0.0185 Acc 99.39% | 2.5s
2026-07-31 18:13:06 | Done in 4.45 min
2026-07-31 18:13:20 |   [DRONE] Acc=52.00%  F1=38.92%  Kappa=0.3600
2026-07-31 18:13:21 | 
======================================================================
2026-07-31 18:13:21 | TRAIN: CViTLw | Source=augmented | Fold 4/5
2026-07-31 18:13:21 | ======================================================================
2026-07-31 18:13:21 |   CNN backbone: ImageNet pretrained | ViT branch: SCRATCH (random init)
2026-07-31 18:13:40 | Ep 001/100 | Loss 1.3328 Acc 43.75% | Val 1.3671 Acc 24.54% | 18.9s
2026-07-31 18:13:40 |   -> saved best (val_loss=1.3671)
2026-07-31 18:13:43 | Ep 002/100 | Loss 1.1829 Acc 64.84% | Val 1.0315 Acc 76.69% | 2.5s
2026-07-31 18:13:43 |   -> saved best (val_loss=1.0315)
2026-07-31 18:13:45 | Ep 003/100 | Loss 0.9901 Acc 71.56% | Val 0.6843 Acc 80.37% | 2.4s
2026-07-31 18:13:45 |   -> saved best (val_loss=0.6843)
2026-07-31 18:13:48 | Ep 004/100 | Loss 0.8589 Acc 71.25% | Val 0.5504 Acc 82.82% | 2.4s
2026-07-31 18:13:48 |   -> saved best (val_loss=0.5504)
2026-07-31 18:13:50 | Ep 005/100 | Loss 0.7661 Acc 75.00% | Val 0.4788 Acc 82.82% | 2.4s
2026-07-31 18:13:50 |   -> saved best (val_loss=0.4788)
2026-07-31 18:13:53 | Ep 006/100 | Loss 0.6709 Acc 80.62% | Val 0.4147 Acc 87.12% | 2.5s
2026-07-31 18:13:53 |   -> saved best (val_loss=0.4147)
2026-07-31 18:13:55 | Ep 007/100 | Loss 0.6191 Acc 80.31% | Val 0.3484 Acc 87.73% | 2.5s
2026-07-31 18:13:55 |   -> saved best (val_loss=0.3484)
2026-07-31 18:13:58 | Ep 008/100 | Loss 0.5449 Acc 83.59% | Val 0.3168 Acc 89.57% | 2.4s
2026-07-31 18:13:58 |   -> saved best (val_loss=0.3168)
2026-07-31 18:14:00 | Ep 009/100 | Loss 0.5062 Acc 85.94% | Val 0.2768 Acc 92.02% | 2.4s
2026-07-31 18:14:00 |   -> saved best (val_loss=0.2768)
2026-07-31 18:14:03 | Ep 010/100 | Loss 0.4621 Acc 86.56% | Val 0.2527 Acc 92.02% | 2.4s
2026-07-31 18:14:03 |   -> saved best (val_loss=0.2527)
2026-07-31 18:14:05 | Ep 011/100 | Loss 0.4297 Acc 86.41% | Val 0.2278 Acc 92.02% | 2.4s
2026-07-31 18:14:05 |   -> saved best (val_loss=0.2278)
2026-07-31 18:14:08 | Ep 012/100 | Loss 0.3644 Acc 90.62% | Val 0.2132 Acc 93.25% | 2.5s
2026-07-31 18:14:08 |   -> saved best (val_loss=0.2132)
2026-07-31 18:14:10 | Ep 013/100 | Loss 0.3583 Acc 88.59% | Val 0.1899 Acc 93.87% | 2.5s
2026-07-31 18:14:10 |   -> saved best (val_loss=0.1899)
2026-07-31 18:14:13 | Ep 014/100 | Loss 0.3430 Acc 88.91% | Val 0.1792 Acc 94.48% | 2.5s
2026-07-31 18:14:13 |   -> saved best (val_loss=0.1792)
2026-07-31 18:14:15 | Ep 015/100 | Loss 0.3259 Acc 90.78% | Val 0.1605 Acc 95.71% | 2.4s
2026-07-31 18:14:15 |   -> saved best (val_loss=0.1605)
2026-07-31 18:14:18 | Ep 016/100 | Loss 0.2695 Acc 91.72% | Val 0.1567 Acc 95.71% | 2.5s
2026-07-31 18:14:18 |   -> saved best (val_loss=0.1567)
2026-07-31 18:14:20 | Ep 017/100 | Loss 0.2769 Acc 91.25% | Val 0.1459 Acc 95.71% | 2.5s
2026-07-31 18:14:20 |   -> saved best (val_loss=0.1459)
2026-07-31 18:14:23 | Ep 018/100 | Loss 0.2484 Acc 92.34% | Val 0.1406 Acc 95.71% | 2.5s
2026-07-31 18:14:23 |   -> saved best (val_loss=0.1406)
2026-07-31 18:14:25 | Ep 019/100 | Loss 0.2422 Acc 92.19% | Val 0.1389 Acc 95.71% | 2.5s
2026-07-31 18:14:25 |   -> saved best (val_loss=0.1389)
2026-07-31 18:14:28 | Ep 020/100 | Loss 0.2230 Acc 93.75% | Val 0.1439 Acc 95.71% | 2.5s
2026-07-31 18:14:30 | Ep 021/100 | Loss 0.2113 Acc 93.44% | Val 0.1375 Acc 95.71% | 2.4s
2026-07-31 18:14:30 |   -> saved best (val_loss=0.1375)
2026-07-31 18:14:33 | Ep 022/100 | Loss 0.2188 Acc 92.66% | Val 0.1300 Acc 96.32% | 2.5s
2026-07-31 18:14:33 |   -> saved best (val_loss=0.1300)
2026-07-31 18:14:35 | Ep 023/100 | Loss 0.2124 Acc 92.66% | Val 0.1357 Acc 96.32% | 2.5s
2026-07-31 18:14:38 | Ep 024/100 | Loss 0.1885 Acc 95.16% | Val 0.1197 Acc 95.71% | 2.5s
2026-07-31 18:14:38 |   -> saved best (val_loss=0.1197)
2026-07-31 18:14:40 | Ep 025/100 | Loss 0.1780 Acc 94.84% | Val 0.1102 Acc 95.71% | 2.4s
2026-07-31 18:14:40 |   -> saved best (val_loss=0.1102)
2026-07-31 18:14:43 | Ep 026/100 | Loss 0.1755 Acc 95.00% | Val 0.1126 Acc 96.32% | 2.5s
2026-07-31 18:14:46 | Ep 027/100 | Loss 0.1549 Acc 95.62% | Val 0.1121 Acc 95.71% | 2.5s
2026-07-31 18:14:48 | Ep 028/100 | Loss 0.1577 Acc 95.94% | Val 0.1139 Acc 95.71% | 2.5s
2026-07-31 18:14:51 | Ep 029/100 | Loss 0.1532 Acc 94.84% | Val 0.1122 Acc 96.32% | 2.5s
2026-07-31 18:14:53 | Ep 030/100 | Loss 0.1516 Acc 95.00% | Val 0.1032 Acc 96.32% | 2.4s
2026-07-31 18:14:53 |   -> saved best (val_loss=0.1032)
2026-07-31 18:14:56 | Ep 031/100 | Loss 0.1454 Acc 96.41% | Val 0.1072 Acc 96.32% | 2.4s
2026-07-31 18:14:58 | Ep 032/100 | Loss 0.1302 Acc 95.47% | Val 0.1093 Acc 95.71% | 2.4s
2026-07-31 18:15:01 | Ep 033/100 | Loss 0.1332 Acc 96.25% | Val 0.1053 Acc 96.32% | 2.5s
2026-07-31 18:15:03 | Ep 034/100 | Loss 0.1356 Acc 96.88% | Val 0.1096 Acc 95.71% | 2.5s
2026-07-31 18:15:05 | Ep 035/100 | Loss 0.1498 Acc 95.94% | Val 0.1232 Acc 95.71% | 2.4s
2026-07-31 18:15:08 | Ep 036/100 | Loss 0.1281 Acc 95.94% | Val 0.1111 Acc 95.71% | 2.6s
2026-07-31 18:15:11 | Ep 037/100 | Loss 0.1185 Acc 96.41% | Val 0.1021 Acc 96.93% | 2.5s
2026-07-31 18:15:11 |   -> saved best (val_loss=0.1021)
2026-07-31 18:15:13 | Ep 038/100 | Loss 0.1161 Acc 96.88% | Val 0.0991 Acc 96.93% | 2.5s
2026-07-31 18:15:13 |   -> saved best (val_loss=0.0991)
2026-07-31 18:15:16 | Ep 039/100 | Loss 0.0899 Acc 98.44% | Val 0.1025 Acc 95.71% | 2.5s
2026-07-31 18:15:18 | Ep 040/100 | Loss 0.0997 Acc 97.03% | Val 0.1105 Acc 96.32% | 2.5s
2026-07-31 18:15:21 | Ep 041/100 | Loss 0.1017 Acc 96.72% | Val 0.1065 Acc 95.71% | 2.4s
2026-07-31 18:15:23 | Ep 042/100 | Loss 0.1111 Acc 96.88% | Val 0.1032 Acc 95.71% | 2.5s
2026-07-31 18:15:26 | Ep 043/100 | Loss 0.0977 Acc 96.72% | Val 0.1179 Acc 95.71% | 2.4s
2026-07-31 18:15:28 | Ep 044/100 | Loss 0.0813 Acc 98.12% | Val 0.0977 Acc 96.93% | 2.5s
2026-07-31 18:15:28 |   -> saved best (val_loss=0.0977)
2026-07-31 18:15:31 | Ep 045/100 | Loss 0.0850 Acc 97.03% | Val 0.1091 Acc 96.93% | 2.5s
2026-07-31 18:15:33 | Ep 046/100 | Loss 0.0958 Acc 97.81% | Val 0.1012 Acc 96.93% | 2.5s
2026-07-31 18:15:36 | Ep 047/100 | Loss 0.0810 Acc 97.81% | Val 0.0952 Acc 96.32% | 2.4s
2026-07-31 18:15:36 |   -> saved best (val_loss=0.0952)
2026-07-31 18:15:38 | Ep 048/100 | Loss 0.0689 Acc 98.28% | Val 0.0954 Acc 96.93% | 2.5s
2026-07-31 18:15:41 | Ep 049/100 | Loss 0.1115 Acc 97.03% | Val 0.0949 Acc 98.16% | 2.4s
2026-07-31 18:15:41 |   -> saved best (val_loss=0.0949)
2026-07-31 18:15:43 | Ep 050/100 | Loss 0.0978 Acc 97.03% | Val 0.1009 Acc 97.55% | 2.5s
2026-07-31 18:15:46 | Ep 051/100 | Loss 0.1093 Acc 96.72% | Val 0.0946 Acc 96.93% | 2.5s
2026-07-31 18:15:46 |   -> saved best (val_loss=0.0946)
2026-07-31 18:15:48 | Ep 052/100 | Loss 0.0827 Acc 97.50% | Val 0.0932 Acc 97.55% | 2.5s
2026-07-31 18:15:48 |   -> saved best (val_loss=0.0932)
2026-07-31 18:15:51 | Ep 053/100 | Loss 0.0775 Acc 97.34% | Val 0.0884 Acc 97.55% | 2.5s
2026-07-31 18:15:51 |   -> saved best (val_loss=0.0884)
2026-07-31 18:15:53 | Ep 054/100 | Loss 0.0856 Acc 96.72% | Val 0.1021 Acc 96.32% | 2.5s
2026-07-31 18:15:56 | Ep 055/100 | Loss 0.0584 Acc 98.59% | Val 0.0921 Acc 96.93% | 2.5s
2026-07-31 18:15:58 | Ep 056/100 | Loss 0.0899 Acc 97.34% | Val 0.0983 Acc 96.93% | 2.5s
2026-07-31 18:16:01 | Ep 057/100 | Loss 0.0786 Acc 97.50% | Val 0.0965 Acc 96.32% | 2.5s
2026-07-31 18:16:03 | Ep 058/100 | Loss 0.0728 Acc 97.81% | Val 0.0872 Acc 97.55% | 2.5s
2026-07-31 18:16:03 |   -> saved best (val_loss=0.0872)
2026-07-31 18:16:06 | Ep 059/100 | Loss 0.0694 Acc 97.66% | Val 0.0977 Acc 97.55% | 2.4s
2026-07-31 18:16:08 | Ep 060/100 | Loss 0.0663 Acc 97.81% | Val 0.0991 Acc 96.32% | 2.4s
2026-07-31 18:16:11 | Ep 061/100 | Loss 0.0654 Acc 97.66% | Val 0.0931 Acc 97.55% | 2.5s
2026-07-31 18:16:13 | Ep 062/100 | Loss 0.0840 Acc 97.66% | Val 0.0952 Acc 97.55% | 2.4s
2026-07-31 18:16:16 | Ep 063/100 | Loss 0.0562 Acc 98.44% | Val 0.0955 Acc 98.16% | 2.5s
2026-07-31 18:16:18 | Ep 064/100 | Loss 0.0683 Acc 98.75% | Val 0.0931 Acc 98.16% | 2.5s
2026-07-31 18:16:21 | Ep 065/100 | Loss 0.0624 Acc 97.97% | Val 0.0934 Acc 96.93% | 2.5s
2026-07-31 18:16:23 | Ep 066/100 | Loss 0.0562 Acc 98.59% | Val 0.0780 Acc 97.55% | 2.5s
2026-07-31 18:16:23 |   -> saved best (val_loss=0.0780)
2026-07-31 18:16:26 | Ep 067/100 | Loss 0.0525 Acc 98.75% | Val 0.0766 Acc 97.55% | 2.5s
2026-07-31 18:16:26 |   -> saved best (val_loss=0.0766)
2026-07-31 18:16:28 | Ep 068/100 | Loss 0.0660 Acc 98.44% | Val 0.0817 Acc 96.93% | 2.4s
2026-07-31 18:16:31 | Ep 069/100 | Loss 0.0646 Acc 97.97% | Val 0.0928 Acc 97.55% | 2.5s
2026-07-31 18:16:33 | Ep 070/100 | Loss 0.0529 Acc 99.06% | Val 0.0860 Acc 97.55% | 2.5s
2026-07-31 18:16:36 | Ep 071/100 | Loss 0.0445 Acc 99.38% | Val 0.0918 Acc 98.16% | 2.5s
2026-07-31 18:16:38 | Ep 072/100 | Loss 0.0513 Acc 98.28% | Val 0.0814 Acc 98.16% | 2.5s
2026-07-31 18:16:41 | Ep 073/100 | Loss 0.0522 Acc 98.44% | Val 0.0883 Acc 96.93% | 2.5s
2026-07-31 18:16:43 | Ep 074/100 | Loss 0.0577 Acc 98.12% | Val 0.0873 Acc 98.16% | 2.5s
2026-07-31 18:16:46 | Ep 075/100 | Loss 0.0564 Acc 98.12% | Val 0.0911 Acc 97.55% | 2.4s
2026-07-31 18:16:48 | Ep 076/100 | Loss 0.0708 Acc 98.59% | Val 0.0752 Acc 98.16% | 2.5s
2026-07-31 18:16:48 |   -> saved best (val_loss=0.0752)
2026-07-31 18:16:51 | Ep 077/100 | Loss 0.0619 Acc 98.12% | Val 0.0779 Acc 96.93% | 2.5s
2026-07-31 18:16:53 | Ep 078/100 | Loss 0.0412 Acc 99.22% | Val 0.0774 Acc 98.16% | 2.5s
2026-07-31 18:16:56 | Ep 079/100 | Loss 0.0499 Acc 98.59% | Val 0.0700 Acc 98.16% | 2.5s
2026-07-31 18:16:56 |   -> saved best (val_loss=0.0700)
2026-07-31 18:16:58 | Ep 080/100 | Loss 0.0680 Acc 97.97% | Val 0.0856 Acc 97.55% | 2.5s
2026-07-31 18:17:01 | Ep 081/100 | Loss 0.0517 Acc 98.75% | Val 0.0909 Acc 97.55% | 2.5s
2026-07-31 18:17:03 | Ep 082/100 | Loss 0.0388 Acc 98.91% | Val 0.0877 Acc 97.55% | 2.4s
2026-07-31 18:17:06 | Ep 083/100 | Loss 0.0342 Acc 99.38% | Val 0.0904 Acc 96.93% | 2.5s
2026-07-31 18:17:08 | Ep 084/100 | Loss 0.0472 Acc 98.75% | Val 0.0921 Acc 96.93% | 2.5s
2026-07-31 18:17:11 | Ep 085/100 | Loss 0.0623 Acc 98.59% | Val 0.1132 Acc 98.16% | 2.5s
2026-07-31 18:17:13 | Ep 086/100 | Loss 0.0412 Acc 98.91% | Val 0.0806 Acc 97.55% | 2.5s
2026-07-31 18:17:16 | Ep 087/100 | Loss 0.0627 Acc 97.81% | Val 0.1004 Acc 96.93% | 2.4s
2026-07-31 18:17:18 | Ep 088/100 | Loss 0.0564 Acc 98.44% | Val 0.0913 Acc 96.93% | 2.5s
2026-07-31 18:17:21 | Ep 089/100 | Loss 0.0368 Acc 99.22% | Val 0.0751 Acc 97.55% | 2.4s
2026-07-31 18:17:23 | Ep 090/100 | Loss 0.0564 Acc 98.28% | Val 0.0848 Acc 97.55% | 2.5s
2026-07-31 18:17:26 | Ep 091/100 | Loss 0.0593 Acc 97.81% | Val 0.0740 Acc 97.55% | 2.5s
2026-07-31 18:17:28 | Ep 092/100 | Loss 0.0380 Acc 99.06% | Val 0.0979 Acc 97.55% | 2.5s
2026-07-31 18:17:31 | Ep 093/100 | Loss 0.0567 Acc 98.28% | Val 0.0774 Acc 97.55% | 2.5s
2026-07-31 18:17:33 | Ep 094/100 | Loss 0.0461 Acc 98.75% | Val 0.1058 Acc 97.55% | 2.5s
2026-07-31 18:17:36 | Ep 095/100 | Loss 0.0620 Acc 98.28% | Val 0.0997 Acc 98.16% | 2.5s
2026-07-31 18:17:38 | Ep 096/100 | Loss 0.0266 Acc 99.22% | Val 0.0882 Acc 98.16% | 2.5s
2026-07-31 18:17:41 | Ep 097/100 | Loss 0.0323 Acc 99.06% | Val 0.0786 Acc 97.55% | 2.5s
2026-07-31 18:17:44 | Ep 098/100 | Loss 0.0590 Acc 97.81% | Val 0.0866 Acc 97.55% | 2.5s
2026-07-31 18:17:46 | Ep 099/100 | Loss 0.0425 Acc 98.91% | Val 0.0846 Acc 98.16% | 2.5s
2026-07-31 18:17:46 |   Early stop at epoch 99
2026-07-31 18:17:46 | Done in 4.41 min
2026-07-31 18:17:59 |   [DRONE] Acc=52.00%  F1=42.63%  Kappa=0.3600
2026-07-31 18:18:01 | 
======================================================================
2026-07-31 18:18:01 | TRAIN: CViTLw | Source=augmented | Fold 5/5
2026-07-31 18:18:01 | ======================================================================
2026-07-31 18:18:01 |   CNN backbone: ImageNet pretrained | ViT branch: SCRATCH (random init)
2026-07-31 18:18:20 | Ep 001/100 | Loss 1.3412 Acc 44.38% | Val 1.3703 Acc 24.54% | 19.2s
2026-07-31 18:18:20 |   -> saved best (val_loss=1.3703)
2026-07-31 18:18:23 | Ep 002/100 | Loss 1.2140 Acc 69.38% | Val 1.1194 Acc 72.39% | 2.6s
2026-07-31 18:18:23 |   -> saved best (val_loss=1.1194)
2026-07-31 18:18:25 | Ep 003/100 | Loss 1.0476 Acc 74.38% | Val 0.7855 Acc 79.75% | 2.5s
2026-07-31 18:18:25 |   -> saved best (val_loss=0.7855)
2026-07-31 18:18:28 | Ep 004/100 | Loss 0.8923 Acc 76.09% | Val 0.6153 Acc 84.66% | 2.5s
2026-07-31 18:18:28 |   -> saved best (val_loss=0.6153)
2026-07-31 18:18:30 | Ep 005/100 | Loss 0.7687 Acc 79.22% | Val 0.5190 Acc 79.14% | 2.4s
2026-07-31 18:18:30 |   -> saved best (val_loss=0.5190)
2026-07-31 18:18:33 | Ep 006/100 | Loss 0.6814 Acc 82.34% | Val 0.4461 Acc 86.50% | 2.4s
2026-07-31 18:18:33 |   -> saved best (val_loss=0.4461)
2026-07-31 18:18:35 | Ep 007/100 | Loss 0.6258 Acc 81.41% | Val 0.3834 Acc 86.50% | 2.4s
2026-07-31 18:18:35 |   -> saved best (val_loss=0.3834)
2026-07-31 18:18:38 | Ep 008/100 | Loss 0.5544 Acc 82.34% | Val 0.3536 Acc 88.96% | 2.4s
2026-07-31 18:18:38 |   -> saved best (val_loss=0.3536)
2026-07-31 18:18:40 | Ep 009/100 | Loss 0.5047 Acc 84.06% | Val 0.3288 Acc 89.57% | 2.6s
2026-07-31 18:18:40 |   -> saved best (val_loss=0.3288)
2026-07-31 18:18:43 | Ep 010/100 | Loss 0.4675 Acc 84.38% | Val 0.2662 Acc 91.41% | 2.5s
2026-07-31 18:18:43 |   -> saved best (val_loss=0.2662)
2026-07-31 18:18:45 | Ep 011/100 | Loss 0.4283 Acc 86.56% | Val 0.2424 Acc 92.64% | 2.5s
2026-07-31 18:18:45 |   -> saved best (val_loss=0.2424)
2026-07-31 18:18:48 | Ep 012/100 | Loss 0.3826 Acc 89.84% | Val 0.2514 Acc 93.25% | 2.5s
2026-07-31 18:18:51 | Ep 013/100 | Loss 0.3268 Acc 91.41% | Val 0.2204 Acc 93.87% | 2.5s
2026-07-31 18:18:51 |   -> saved best (val_loss=0.2204)
2026-07-31 18:18:53 | Ep 014/100 | Loss 0.3232 Acc 90.31% | Val 0.2011 Acc 94.48% | 2.5s
2026-07-31 18:18:53 |   -> saved best (val_loss=0.2011)
2026-07-31 18:18:56 | Ep 015/100 | Loss 0.2936 Acc 92.19% | Val 0.2010 Acc 93.87% | 2.5s
2026-07-31 18:18:56 |   -> saved best (val_loss=0.2010)
2026-07-31 18:18:58 | Ep 016/100 | Loss 0.2696 Acc 90.94% | Val 0.1730 Acc 94.48% | 2.5s
2026-07-31 18:18:58 |   -> saved best (val_loss=0.1730)
2026-07-31 18:19:01 | Ep 017/100 | Loss 0.2495 Acc 92.66% | Val 0.1589 Acc 93.87% | 2.5s
2026-07-31 18:19:01 |   -> saved best (val_loss=0.1589)
2026-07-31 18:19:03 | Ep 018/100 | Loss 0.2314 Acc 93.28% | Val 0.1542 Acc 94.48% | 2.5s
2026-07-31 18:19:03 |   -> saved best (val_loss=0.1542)
2026-07-31 18:19:06 | Ep 019/100 | Loss 0.2237 Acc 92.81% | Val 0.1571 Acc 93.25% | 2.4s
2026-07-31 18:19:08 | Ep 020/100 | Loss 0.2203 Acc 93.28% | Val 0.1706 Acc 93.25% | 2.5s
2026-07-31 18:19:11 | Ep 021/100 | Loss 0.1972 Acc 94.22% | Val 0.1590 Acc 94.48% | 2.5s
2026-07-31 18:19:13 | Ep 022/100 | Loss 0.2028 Acc 94.53% | Val 0.1457 Acc 95.71% | 2.5s
2026-07-31 18:19:13 |   -> saved best (val_loss=0.1457)
2026-07-31 18:19:16 | Ep 023/100 | Loss 0.1890 Acc 94.06% | Val 0.1546 Acc 92.64% | 2.7s
2026-07-31 18:19:20 | Ep 024/100 | Loss 0.1626 Acc 95.47% | Val 0.1896 Acc 92.64% | 4.0s
2026-07-31 18:19:24 | Ep 025/100 | Loss 0.1726 Acc 95.47% | Val 0.1658 Acc 94.48% | 4.0s
2026-07-31 18:19:28 | Ep 026/100 | Loss 0.1544 Acc 95.94% | Val 0.1419 Acc 94.48% | 4.0s
2026-07-31 18:19:28 |   -> saved best (val_loss=0.1419)
2026-07-31 18:19:32 | Ep 027/100 | Loss 0.1655 Acc 95.31% | Val 0.1561 Acc 93.87% | 3.9s
2026-07-31 18:19:36 | Ep 028/100 | Loss 0.1212 Acc 96.25% | Val 0.1413 Acc 95.09% | 4.0s
2026-07-31 18:19:36 |   -> saved best (val_loss=0.1413)
2026-07-31 18:19:40 | Ep 029/100 | Loss 0.1653 Acc 94.69% | Val 0.1309 Acc 95.71% | 4.0s
2026-07-31 18:19:40 |   -> saved best (val_loss=0.1309)
2026-07-31 18:19:44 | Ep 030/100 | Loss 0.1408 Acc 95.94% | Val 0.1565 Acc 94.48% | 4.0s
2026-07-31 18:19:49 | Ep 031/100 | Loss 0.1126 Acc 96.56% | Val 0.1292 Acc 95.71% | 4.1s
2026-07-31 18:19:49 |   -> saved best (val_loss=0.1292)
2026-07-31 18:19:53 | Ep 032/100 | Loss 0.1502 Acc 95.31% | Val 0.1111 Acc 95.71% | 3.8s
2026-07-31 18:19:53 |   -> saved best (val_loss=0.1111)
2026-07-31 18:19:55 | Ep 033/100 | Loss 0.1102 Acc 96.56% | Val 0.1454 Acc 93.87% | 2.5s
2026-07-31 18:19:58 | Ep 034/100 | Loss 0.1145 Acc 96.88% | Val 0.1347 Acc 94.48% | 2.6s
2026-07-31 18:20:00 | Ep 035/100 | Loss 0.1239 Acc 95.94% | Val 0.1786 Acc 92.64% | 2.5s
2026-07-31 18:20:03 | Ep 036/100 | Loss 0.1094 Acc 97.19% | Val 0.1445 Acc 93.87% | 2.5s
2026-07-31 18:20:05 | Ep 037/100 | Loss 0.0907 Acc 98.12% | Val 0.1391 Acc 93.87% | 2.5s
2026-07-31 18:20:08 | Ep 038/100 | Loss 0.1136 Acc 96.72% | Val 0.1247 Acc 95.09% | 2.5s
2026-07-31 18:20:11 | Ep 039/100 | Loss 0.0950 Acc 97.50% | Val 0.1324 Acc 94.48% | 2.6s
2026-07-31 18:20:13 | Ep 040/100 | Loss 0.0913 Acc 97.34% | Val 0.1306 Acc 95.71% | 2.5s
2026-07-31 18:20:16 | Ep 041/100 | Loss 0.0957 Acc 97.66% | Val 0.1278 Acc 95.09% | 2.5s
2026-07-31 18:20:18 | Ep 042/100 | Loss 0.0925 Acc 97.81% | Val 0.1125 Acc 96.32% | 2.5s
2026-07-31 18:20:21 | Ep 043/100 | Loss 0.0999 Acc 97.03% | Val 0.1282 Acc 95.09% | 2.5s
2026-07-31 18:20:23 | Ep 044/100 | Loss 0.1011 Acc 95.94% | Val 0.1260 Acc 95.71% | 2.5s
2026-07-31 18:20:26 | Ep 045/100 | Loss 0.0892 Acc 96.72% | Val 0.1295 Acc 95.09% | 2.5s
2026-07-31 18:20:28 | Ep 046/100 | Loss 0.0789 Acc 98.44% | Val 0.1100 Acc 94.48% | 2.5s
2026-07-31 18:20:28 |   -> saved best (val_loss=0.1100)
2026-07-31 18:20:31 | Ep 047/100 | Loss 0.0828 Acc 97.19% | Val 0.1310 Acc 95.09% | 2.5s
2026-07-31 18:20:34 | Ep 048/100 | Loss 0.0746 Acc 97.66% | Val 0.1206 Acc 95.09% | 2.5s
2026-07-31 18:20:36 | Ep 049/100 | Loss 0.0704 Acc 97.81% | Val 0.1181 Acc 95.71% | 2.5s
2026-07-31 18:20:39 | Ep 050/100 | Loss 0.0846 Acc 97.50% | Val 0.1080 Acc 96.32% | 2.5s
2026-07-31 18:20:39 |   -> saved best (val_loss=0.1080)
2026-07-31 18:20:41 | Ep 051/100 | Loss 0.0654 Acc 98.59% | Val 0.1194 Acc 95.71% | 2.5s
2026-07-31 18:20:44 | Ep 052/100 | Loss 0.0653 Acc 98.44% | Val 0.1330 Acc 95.71% | 2.5s
2026-07-31 18:20:46 | Ep 053/100 | Loss 0.0652 Acc 98.44% | Val 0.1214 Acc 95.09% | 2.5s
2026-07-31 18:20:49 | Ep 054/100 | Loss 0.0777 Acc 97.50% | Val 0.1058 Acc 95.09% | 2.5s
2026-07-31 18:20:49 |   -> saved best (val_loss=0.1058)
2026-07-31 18:20:52 | Ep 055/100 | Loss 0.0503 Acc 99.38% | Val 0.1105 Acc 95.09% | 2.5s
2026-07-31 18:20:54 | Ep 056/100 | Loss 0.0720 Acc 97.97% | Val 0.1675 Acc 93.87% | 2.5s
2026-07-31 18:20:57 | Ep 057/100 | Loss 0.0770 Acc 97.50% | Val 0.1462 Acc 95.09% | 2.5s
2026-07-31 18:20:59 | Ep 058/100 | Loss 0.0659 Acc 97.97% | Val 0.1335 Acc 95.09% | 2.6s
2026-07-31 18:21:02 | Ep 059/100 | Loss 0.0659 Acc 97.81% | Val 0.1277 Acc 94.48% | 2.5s
2026-07-31 18:21:04 | Ep 060/100 | Loss 0.0669 Acc 98.28% | Val 0.1073 Acc 95.09% | 2.5s
2026-07-31 18:21:07 | Ep 061/100 | Loss 0.0727 Acc 97.97% | Val 0.0785 Acc 96.93% | 2.5s
2026-07-31 18:21:07 |   -> saved best (val_loss=0.0785)
2026-07-31 18:21:09 | Ep 062/100 | Loss 0.0625 Acc 98.12% | Val 0.1040 Acc 94.48% | 2.5s
2026-07-31 18:21:12 | Ep 063/100 | Loss 0.0535 Acc 98.75% | Val 0.1249 Acc 93.25% | 2.5s
2026-07-31 18:21:15 | Ep 064/100 | Loss 0.0525 Acc 98.59% | Val 0.1515 Acc 93.87% | 2.5s
2026-07-31 18:21:17 | Ep 065/100 | Loss 0.0442 Acc 98.59% | Val 0.1293 Acc 93.87% | 2.5s
2026-07-31 18:21:20 | Ep 066/100 | Loss 0.0436 Acc 98.75% | Val 0.1471 Acc 93.25% | 2.5s
2026-07-31 18:21:22 | Ep 067/100 | Loss 0.0549 Acc 98.75% | Val 0.1257 Acc 93.87% | 2.5s
2026-07-31 18:21:25 | Ep 068/100 | Loss 0.0409 Acc 99.38% | Val 0.1182 Acc 93.87% | 2.5s
2026-07-31 18:21:27 | Ep 069/100 | Loss 0.0389 Acc 99.22% | Val 0.1302 Acc 94.48% | 2.6s
2026-07-31 18:21:30 | Ep 070/100 | Loss 0.0426 Acc 99.38% | Val 0.1230 Acc 94.48% | 2.5s
2026-07-31 18:21:33 | Ep 071/100 | Loss 0.0544 Acc 98.28% | Val 0.1253 Acc 95.09% | 2.5s
2026-07-31 18:21:35 | Ep 072/100 | Loss 0.0555 Acc 98.28% | Val 0.1155 Acc 95.71% | 2.5s
2026-07-31 18:21:38 | Ep 073/100 | Loss 0.0768 Acc 97.34% | Val 0.1370 Acc 94.48% | 2.6s
2026-07-31 18:21:40 | Ep 074/100 | Loss 0.0291 Acc 99.69% | Val 0.1337 Acc 93.87% | 2.4s
2026-07-31 18:21:43 | Ep 075/100 | Loss 0.0382 Acc 98.91% | Val 0.1236 Acc 93.87% | 2.4s
2026-07-31 18:21:45 | Ep 076/100 | Loss 0.0471 Acc 99.53% | Val 0.1236 Acc 95.09% | 2.6s
2026-07-31 18:21:48 | Ep 077/100 | Loss 0.0368 Acc 98.91% | Val 0.1703 Acc 93.25% | 2.4s
2026-07-31 18:21:50 | Ep 078/100 | Loss 0.0450 Acc 98.59% | Val 0.1146 Acc 95.71% | 2.5s
2026-07-31 18:21:53 | Ep 079/100 | Loss 0.0518 Acc 98.28% | Val 0.1088 Acc 94.48% | 2.5s
2026-07-31 18:21:55 | Ep 080/100 | Loss 0.0311 Acc 99.53% | Val 0.1412 Acc 93.25% | 2.6s
2026-07-31 18:21:58 | Ep 081/100 | Loss 0.0368 Acc 99.06% | Val 0.1121 Acc 94.48% | 2.5s
2026-07-31 18:21:58 |   Early stop at epoch 81
2026-07-31 18:21:58 | Done in 3.95 min
2026-07-31 18:22:11 |   [DRONE] Acc=36.00%  F1=26.24%  Kappa=0.1467
2026-07-31 18:22:13 | 
======================================================================
2026-07-31 18:22:13 | SUMMARY — IIITDMJ Maize (augmented) | 5-fold CV
2026-07-31 18:22:13 | ======================================================================
2026-07-31 18:22:13 | 
Metric                                    Val         Drone (unseen)         Drone (unseen)
2026-07-31 18:22:13 | ------------------------------------------------------------------------------------------
2026-07-31 18:22:13 | Accuracy                       97.91 +/- 1.76                    N/A        38.70 +/- 11.38
2026-07-31 18:22:13 | Precision                      97.96 +/- 1.76                    N/A        40.76 +/- 11.36
2026-07-31 18:22:13 | Recall                         97.88 +/- 1.79                    N/A        38.70 +/- 11.38
2026-07-31 18:22:13 | F1-Score                       97.88 +/- 1.80                    N/A        26.91 +/- 12.34
2026-07-31 18:22:13 | Kappa                       0.9722 +/- 0.0235                    N/A      0.1827 +/- 0.1518
2026-07-31 18:22:13 | AUC                         0.9991 +/- 0.0008                    N/A      0.8719 +/- 0.0210
2026-07-31 18:22:13 | 
----------------------------------------------------------------------
2026-07-31 18:22:13 | ConViTX paper reference (Table VI / Table VII):
2026-07-31 18:22:13 |   Augmented (Table VI right):
2026-07-31 18:22:13 |     ConViTX: AC=98.18%, AUC=99.99%, Kappa=0.93
2026-07-31 18:22:13 |   Drone unseen (Table VII): ConViTX AC=~50.25%
2026-07-31 18:22:13 | 
Saved: c:\Users\Admin\Desktop\hai\ConViTX\code ViT_8 block CNN\HybridModel_IIITDMJ_Maize_NoPretrain\results_augmented_nopretrain\comparison_results.json
